Wrapping the env with a `Monitor` wrapper
Wrapping the env in a DummyVecEnv.
Wrapping the env with a `Monitor` wrapper
Wrapping the env in a DummyVecEnv.
Wrapping the env with a `Monitor` wrapper
Wrapping the env in a DummyVecEnv.
Wrapping the env with a `Monitor` wrapper
Wrapping the env in a DummyVecEnv.
Wrapping the env with a `Monitor` wrapper
Wrapping the env in a DummyVecEnv.
Wrapping the env with a `Monitor` wrapper
Wrapping the env in a DummyVecEnv.
Wrapping the env with a `Monitor` wrapper
Wrapping the env in a DummyVecEnv.
Wrapping the env with a `Monitor` wrapper
Wrapping the env in a DummyVecEnv.
Wrapping the env with a `Monitor` wrapper
Wrapping the env in a DummyVecEnv.
Wrapping the env with a `Monitor` wrapper
Wrapping the env in a DummyVecEnv.
Wrapping the env with a `Monitor` wrapper
Wrapping the env in a DummyVecEnv.
Wrapping the env with a `Monitor` wrapper
Wrapping the env in a DummyVecEnv.
Wrapping the env with a `Monitor` wrapper
Wrapping the env in a DummyVecEnv.
Wrapping the env with a `Monitor` wrapper
Wrapping the env in a DummyVecEnv.
Wrapping the env with a `Monitor` wrapper
Wrapping the env in a DummyVecEnv.
Wrapping the env with a `Monitor` wrapper
Wrapping the env in a DummyVecEnv.
Wrapping the env with a `Monitor` wrapper
Wrapping the env in a DummyVecEnv.
Wrapping the env with a `Monitor` wrapper
Wrapping the env in a DummyVecEnv.
Wrapping the env with a `Monitor` wrapper
Wrapping the env in a DummyVecEnv.
Wrapping the env with a `Monitor` wrapper
Wrapping the env in a DummyVecEnv.
Wrapping the env with a `Monitor` wrapper
Wrapping the env in a DummyVecEnv.
Wrapping the env with a `Monitor` wrapper
Wrapping the env in a DummyVecEnv.
Wrapping the env with a `Monitor` wrapper
Wrapping the env in a DummyVecEnv.
Wrapping the env with a `Monitor` wrapper
Wrapping the env in a DummyVecEnv.
Wrapping the env with a `Monitor` wrapper
Wrapping the env in a DummyVecEnv.
Wrapping the env with a `Monitor` wrapper
Wrapping the env in a DummyVecEnv.
Wrapping the env with a `Monitor` wrapper
Wrapping the env in a DummyVecEnv.
Wrapping the env with a `Monitor` wrapper
Wrapping the env in a DummyVecEnv.
Wrapping the env with a `Monitor` wrapper
Wrapping the env in a DummyVecEnv.
Wrapping the env with a `Monitor` wrapper
Wrapping the env in a DummyVecEnv.
Wrapping the env with a `Monitor` wrapper
Wrapping the env in a DummyVecEnv.
Wrapping the env with a `Monitor` wrapper
Wrapping the env in a DummyVecEnv.
Wrapping the env with a `Monitor` wrapper
Wrapping the env in a DummyVecEnv.
Wrapping the env with a `Monitor` wrapper
Wrapping the env in a DummyVecEnv.
Wrapping the env with a `Monitor` wrapper
Wrapping the env in a DummyVecEnv.
Wrapping the env with a `Monitor` wrapper
Wrapping the env in a DummyVecEnv.
G1: 36 jobs
Baked architecture → /home/digital-2/workspace/rl_gnn/vanilla_rl/temp_arch_51bffe97.xml
  Size   : 14x14
  DSPs   : [(3, 6), (2, 6), (6, 4)]
  BRAMs  : [(7, 2)]
  Constraints → /home/digital-2/workspace/rl_gnn/vanilla_rl/temp_constraints_51bffe97.xml
Baked architecture → /home/digital-2/workspace/rl_gnn/vanilla_rl/temp_arch_ebb06060.xml
  Size   : 14x14
  DSPs   : [(5, 4), (1, 8), (2, 3)]
  BRAMs  : [(6, 4)]
  Constraints → /home/digital-2/workspace/rl_gnn/vanilla_rl/temp_constraints_ebb06060.xml
done G1 {'circuit': 'custom_macbuf', 'set': 'original', 'seed': 7, 'forced_aspect_ratio': 0.6, 'source': 'step 0 forced to the best AR of baseline_ar_sweep_perar.csv; policy (runs/ checkpoint for seed 7) places H-blocks deterministically'} True 1.44
Baked architecture → /home/digital-2/workspace/rl_gnn/vanilla_rl/temp_arch_ae765cea.xml
  Size   : 14x14
  DSPs   : [(2, 3), (6, 3), (3, 4)]
  BRAMs  : [(5, 4)]
  Constraints → /home/digital-2/workspace/rl_gnn/vanilla_rl/temp_constraints_ae765cea.xml
done G1 {'circuit': 'custom_macbuf', 'set': 'original', 'seed': 42, 'forced_aspect_ratio': 0.6, 'source': 'step 0 forced to the best AR of baseline_ar_sweep_perar.csv; policy (runs/ checkpoint for seed 42) places H-blocks deterministically'} True 1.84
Baked architecture → /home/digital-2/workspace/rl_gnn/vanilla_rl/temp_arch_c7a70be2.xml
  Size   : 50x50
  DSPs   : []
  BRAMs  : [(13, 14), (19, 12), (14, 14), (1, 9), (17, 15), (7, 16), (22, 10), (7, 10), (10, 14), (6, 2), (2, 18), (15, 11), (9, 18), (6, 18), (2, 6), (22, 17), (11, 17), (3, 4), (21, 6), (4, 4), (18, 14), (5, 15), (7, 4), (9, 4), (20, 5), (19, 4), (23, 18), (12, 14), (23, 6), (20, 13), (8, 16), (16, 20), (12, 5), (4, 12), (22, 3), (8, 2), (5, 5), (13, 3), (21, 18), (25, 3), (24, 13), (13, 20), (16, 11)]
  Constraints → /home/digital-2/workspace/rl_gnn/vanilla_rl/temp_constraints_c7a70be2.xml
done G1 {'circuit': 'custom_macbuf', 'set': 'original', 'seed': 123, 'forced_aspect_ratio': 0.6, 'source': 'step 0 forced to the best AR of baseline_ar_sweep_perar.csv; policy (runs/ checkpoint for seed 123) places H-blocks deterministically'} True 1.66
Baked architecture → /home/digital-2/workspace/rl_gnn/vanilla_rl/temp_arch_f02e7ce3.xml
  Size   : 50x50
  DSPs   : []
  BRAMs  : [(1, 9), (7, 2), (2, 6), (3, 6), (6, 4), (5, 6), (12, 20), (15, 14), (20, 18), (22, 4), (4, 5), (14, 21), (16, 18), (8, 19), (22, 11), (3, 17), (13, 15), (8, 4), (19, 3), (5, 18), (12, 14), (6, 18), (18, 15), (21, 3), (22, 17), (23, 3), (9, 14), (11, 14), (2, 15), (26, 2), (17, 17), (19, 10), (20, 10), (10, 19), (4, 14), (20, 2), (1, 21), (15, 8), (21, 15), (24, 2), (19, 16), (7, 14), (23, 10)]
  Constraints → /home/digital-2/workspace/rl_gnn/vanilla_rl/temp_constraints_f02e7ce3.xml
done G1 {'circuit': 'mkDelayWorker32B', 'set': 'original', 'seed': 7, 'forced_aspect_ratio': 0.1, 'source': 'step 0 forced to the best AR of baseline_ar_sweep_perar.csv; policy (runs/ checkpoint for seed 7) places H-blocks deterministically'} True 49.03
Baked architecture → /home/digital-2/workspace/rl_gnn/vanilla_rl/temp_arch_81b074ae.xml
  Size   : 50x50
  DSPs   : []
  BRAMs  : [(18, 2), (12, 5), (1, 9), (7, 16), (9, 15), (21, 7), (12, 19), (11, 17), (18, 13), (19, 16), (11, 4), (10, 14), (13, 2), (5, 17), (13, 9), (3, 15), (2, 10), (19, 9), (8, 4), (20, 19), (6, 16), (9, 3), (11, 10), (8, 18), (21, 17), (5, 5), (15, 5), (14, 15), (15, 11), (6, 9), (9, 9), (16, 6), (23, 15), (4, 10), (16, 18), (20, 4), (10, 5), (20, 13), (14, 9), (17, 13), (22, 2), (15, 17), (18, 19)]
  Constraints → /home/digital-2/workspace/rl_gnn/vanilla_rl/temp_constraints_81b074ae.xml
done G1 {'circuit': 'mkDelayWorker32B', 'set': 'original', 'seed': 42, 'forced_aspect_ratio': 0.1, 'source': 'step 0 forced to the best AR of baseline_ar_sweep_perar.csv; policy (runs/ checkpoint for seed 42) places H-blocks deterministically'} True 54.39
Baked architecture → /home/digital-2/workspace/rl_gnn/vanilla_rl/temp_arch_9d62cd9a.xml
  Size   : 14x14
  DSPs   : []
  BRAMs  : [(6, 4), (2, 3), (5, 4)]
  Constraints → /home/digital-2/workspace/rl_gnn/vanilla_rl/temp_constraints_9d62cd9a.xml
done G1 {'circuit': 'lightweight_cipher', 'set': 'original', 'seed': 7, 'forced_aspect_ratio': 0.3, 'source': 'step 0 forced to the best AR of baseline_ar_sweep_perar.csv; policy (runs/ checkpoint for seed 7) places H-blocks deterministically'} True 3.13
Baked architecture → /home/digital-2/workspace/rl_gnn/vanilla_rl/temp_arch_dc8a7f46.xml
  Size   : 14x14
  DSPs   : []
  BRAMs  : [(7, 2), (3, 6), (2, 6)]
  Constraints → /home/digital-2/workspace/rl_gnn/vanilla_rl/temp_constraints_dc8a7f46.xml
done G1 {'circuit': 'lightweight_cipher', 'set': 'original', 'seed': 42, 'forced_aspect_ratio': 0.3, 'source': 'step 0 forced to the best AR of baseline_ar_sweep_perar.csv; policy (runs/ checkpoint for seed 42) places H-blocks deterministically'} True 2.68
Baked architecture → /home/digital-2/workspace/rl_gnn/vanilla_rl/temp_arch_655af265.xml
  Size   : 14x14
  DSPs   : []
  BRAMs  : [(6, 3), (5, 4), (2, 3)]
  Constraints → /home/digital-2/workspace/rl_gnn/vanilla_rl/temp_constraints_655af265.xml
done G1 {'circuit': 'lightweight_cipher', 'set': 'original', 'seed': 123, 'forced_aspect_ratio': 0.3, 'source': 'step 0 forced to the best AR of baseline_ar_sweep_perar.csv; policy (runs/ checkpoint for seed 123) places H-blocks deterministically'} True 3.13
Baked architecture → /home/digital-2/workspace/rl_gnn/vanilla_rl/temp_arch_d9de4894.xml
  Size   : 44x44
  DSPs   : []
  BRAMs  : [(19, 12), (17, 15), (1, 9), (14, 14), (13, 14), (7, 16), (15, 11), (10, 14), (11, 17), (7, 10), (2, 18), (22, 17), (9, 18), (21, 6), (18, 19), (6, 18), (12, 5), (22, 5), (9, 4), (5, 15), (13, 3), (12, 14), (4, 12), (3, 2), (20, 4), (17, 1), (4, 5), (23, 18), (2, 6), (6, 2), (8, 18), (19, 4)]
  Constraints → /home/digital-2/workspace/rl_gnn/vanilla_rl/temp_constraints_d9de4894.xml
done G1 {'circuit': 'mkDelayWorker32B', 'set': 'original', 'seed': 123, 'forced_aspect_ratio': 0.1, 'source': 'step 0 forced to the best AR of baseline_ar_sweep_perar.csv; policy (runs/ checkpoint for seed 123) places H-blocks deterministically'} True 46.67
Baked architecture → /home/digital-2/workspace/rl_gnn/vanilla_rl/temp_arch_0940ef7a.xml
  Size   : 44x44
  DSPs   : []
  BRAMs  : [(2, 9), (8, 14), (11, 3), (10, 2), (7, 14), (21, 16), (3, 8), (6, 2), (15, 14), (12, 5), (2, 18), (2, 2), (13, 7), (19, 6), (16, 18), (20, 18), (12, 18), (5, 17), (8, 4), (10, 16), (1, 3), (7, 4), (1, 9), (17, 16), (14, 8), (19, 12), (18, 15), (9, 6), (5, 1), (3, 14), (4, 2), (6, 18)]
  Constraints → /home/digital-2/workspace/rl_gnn/vanilla_rl/temp_constraints_0940ef7a.xml
done G1 {'circuit': 'reduction_layer', 'set': 'original', 'seed': 7, 'forced_aspect_ratio': 0.6, 'source': 'step 0 forced to the best AR of baseline_ar_sweep_perar.csv; policy (runs/ checkpoint for seed 7) places H-blocks deterministically'} True 96.56
Baked architecture → /home/digital-2/workspace/rl_gnn/vanilla_rl/temp_arch_eec10954.xml
  Size   : 44x44
  DSPs   : []
  BRAMs  : [(18, 2), (12, 5), (1, 9), (7, 16), (9, 15), (18, 13), (12, 19), (21, 7), (11, 17), (19, 16), (11, 4), (13, 2), (10, 14), (13, 9), (5, 17), (2, 10), (3, 15), (19, 9), (8, 4), (9, 3), (20, 19), (11, 10), (6, 16), (8, 13), (15, 5), (21, 17), (15, 11), (6, 9), (5, 5), (9, 9), (14, 15), (4, 10)]
  Constraints → /home/digital-2/workspace/rl_gnn/vanilla_rl/temp_constraints_eec10954.xml
done G1 {'circuit': 'reduction_layer', 'set': 'original', 'seed': 42, 'forced_aspect_ratio': 0.6, 'source': 'step 0 forced to the best AR of baseline_ar_sweep_perar.csv; policy (runs/ checkpoint for seed 42) places H-blocks deterministically'} True 127.16
Baked architecture → /home/digital-2/workspace/rl_gnn/vanilla_rl/temp_arch_d044e070.xml
  Size   : 37x37
  DSPs   : []
  BRAMs  : [(19, 12), (17, 15), (1, 9), (14, 14), (7, 16), (13, 14), (15, 11), (10, 14), (11, 17), (7, 10), (22, 17), (2, 18), (9, 18), (18, 19), (21, 6), (12, 5), (17, 1), (22, 5), (13, 3), (6, 18), (9, 4), (12, 14), (4, 12), (5, 15)]
  Constraints → /home/digital-2/workspace/rl_gnn/vanilla_rl/temp_constraints_d044e070.xml
done G1 {'circuit': 'reduction_layer', 'set': 'original', 'seed': 123, 'forced_aspect_ratio': 0.6, 'source': 'step 0 forced to the best AR of baseline_ar_sweep_perar.csv; policy (runs/ checkpoint for seed 123) places H-blocks deterministically'} True 98.43
Baked architecture → /home/digital-2/workspace/rl_gnn/vanilla_rl/temp_arch_752eb838.xml
  Size   : 37x37
  DSPs   : []
  BRAMs  : [(2, 9), (11, 4), (13, 7), (12, 4), (8, 14), (14, 8), (7, 14), (10, 2), (2, 18), (21, 16), (1, 3), (3, 8), (5, 17), (19, 6), (15, 14), (9, 6), (10, 16), (12, 17), (16, 18), (17, 19), (19, 12), (6, 2), (20, 16), (2, 2)]
  Constraints → /home/digital-2/workspace/rl_gnn/vanilla_rl/temp_constraints_752eb838.xml
done G1 {'circuit': 'arm_core', 'set': 'original', 'seed': 7, 'forced_aspect_ratio': 1.2, 'source': 'step 0 forced to the best AR of baseline_ar_sweep_perar.csv; policy (runs/ checkpoint for seed 7) places H-blocks deterministically'} True 93.69
Baked architecture → /home/digital-2/workspace/rl_gnn/vanilla_rl/temp_arch_9cc3275f.xml
  Size   : 37x37
  DSPs   : []
  BRAMs  : [(18, 2), (12, 5), (1, 9), (18, 13), (7, 16), (9, 15), (12, 19), (11, 17), (21, 7), (11, 4), (19, 16), (13, 2), (10, 14), (13, 9), (2, 10), (5, 17), (3, 15), (19, 9), (8, 4), (9, 3), (20, 19), (11, 10), (6, 16), (8, 13)]
  Constraints → /home/digital-2/workspace/rl_gnn/vanilla_rl/temp_constraints_9cc3275f.xml
done G1 {'circuit': 'arm_core', 'set': 'original', 'seed': 42, 'forced_aspect_ratio': 1.2, 'source': 'step 0 forced to the best AR of baseline_ar_sweep_perar.csv; policy (runs/ checkpoint for seed 42) places H-blocks deterministically'} True 96.31
Baked architecture → /home/digital-2/workspace/rl_gnn/vanilla_rl/temp_arch_785c6078.xml
  Size   : 43x43
  DSPs   : [(19, 12), (17, 15), (1, 9), (14, 14), (7, 16), (15, 11), (13, 14), (7, 11)]
  BRAMs  : []
  Constraints → /home/digital-2/workspace/rl_gnn/vanilla_rl/temp_constraints_785c6078.xml
done G1 {'circuit': 'arm_core', 'set': 'original', 'seed': 123, 'forced_aspect_ratio': 1.2, 'source': 'step 0 forced to the best AR of baseline_ar_sweep_perar.csv; policy (runs/ checkpoint for seed 123) places H-blocks deterministically'} True 97.98
Baked architecture → /home/digital-2/workspace/rl_gnn/vanilla_rl/temp_arch_e0c0fc82.xml
  Size   : 43x43
  DSPs   : [(2, 9), (11, 4), (13, 7), (12, 4), (8, 14), (14, 8), (7, 14), (10, 2)]
  BRAMs  : []
  Constraints → /home/digital-2/workspace/rl_gnn/vanilla_rl/temp_constraints_e0c0fc82.xml
done G1 {'circuit': 'softmax', 'set': 'original', 'seed': 7, 'forced_aspect_ratio': 1.4, 'source': 'step 0 forced to the best AR of baseline_ar_sweep_perar.csv; policy (runs/ checkpoint for seed 7) places H-blocks deterministically'} True 125.87
Baked architecture → /home/digital-2/workspace/rl_gnn/vanilla_rl/temp_arch_76743318.xml
  Size   : 43x43
  DSPs   : [(18, 13), (18, 2), (1, 11), (18, 7), (12, 5), (14, 11), (1, 4), (13, 2)]
  BRAMs  : []
  Constraints → /home/digital-2/workspace/rl_gnn/vanilla_rl/temp_constraints_76743318.xml
done G1 {'circuit': 'softmax', 'set': 'original', 'seed': 42, 'forced_aspect_ratio': 1.4, 'source': 'step 0 forced to the best AR of baseline_ar_sweep_perar.csv; policy (runs/ checkpoint for seed 42) places H-blocks deterministically'} True 124.3
Baked architecture → /home/digital-2/workspace/rl_gnn/vanilla_rl/temp_arch_0c0a7e77.xml
  Size   : 13x13
  DSPs   : []
  BRAMs  : [(6, 4), (5, 4)]
  Constraints → /home/digital-2/workspace/rl_gnn/vanilla_rl/temp_constraints_0c0a7e77.xml
done G1 {'circuit': 'usb_uart_core', 'set': 'new', 'seed': 7, 'forced_aspect_ratio': 1.3, 'source': 'step 0 forced to the best AR of g1_sweep_new_circuits.csv; policy (runs/ checkpoint for seed 7) places H-blocks deterministically'} True 4.23
Baked architecture → /home/digital-2/workspace/rl_gnn/vanilla_rl/temp_arch_742cb27a.xml
  Size   : 13x13
  DSPs   : []
  BRAMs  : [(2, 2), (6, 2)]
  Constraints → /home/digital-2/workspace/rl_gnn/vanilla_rl/temp_constraints_742cb27a.xml
done G1 {'circuit': 'usb_uart_core', 'set': 'new', 'seed': 42, 'forced_aspect_ratio': 1.3, 'source': 'step 0 forced to the best AR of g1_sweep_new_circuits.csv; policy (runs/ checkpoint for seed 42) places H-blocks deterministically'} True 4.09
Baked architecture → /home/digital-2/workspace/rl_gnn/vanilla_rl/temp_arch_b3c70dc0.xml
  Size   : 13x13
  DSPs   : []
  BRAMs  : [(6, 3), (5, 4)]
  Constraints → /home/digital-2/workspace/rl_gnn/vanilla_rl/temp_constraints_b3c70dc0.xml
done G1 {'circuit': 'usb_uart_core', 'set': 'new', 'seed': 123, 'forced_aspect_ratio': 1.3, 'source': 'step 0 forced to the best AR of g1_sweep_new_circuits.csv; policy (runs/ checkpoint for seed 123) places H-blocks deterministically'} True 4.18
Baked architecture → /home/digital-2/workspace/rl_gnn/vanilla_rl/temp_arch_6ee973d0.xml
  Size   : 18x18
  DSPs   : [(4, 4)]
  BRAMs  : [(6, 2)]
  Constraints → /home/digital-2/workspace/rl_gnn/vanilla_rl/temp_constraints_6ee973d0.xml
done G1 {'circuit': 'uriscv_core', 'set': 'new', 'seed': 7, 'forced_aspect_ratio': 0.8, 'source': 'step 0 forced to the best AR of g1_sweep_new_circuits.csv; policy (runs/ checkpoint for seed 7) places H-blocks deterministically'} True 9.34
Baked architecture → /home/digital-2/workspace/rl_gnn/vanilla_rl/temp_arch_7553673b.xml
  Size   : 18x18
  DSPs   : [(11, 4)]
  BRAMs  : [(2, 9)]
  Constraints → /home/digital-2/workspace/rl_gnn/vanilla_rl/temp_constraints_7553673b.xml
done G1 {'circuit': 'uriscv_core', 'set': 'new', 'seed': 42, 'forced_aspect_ratio': 0.8, 'source': 'step 0 forced to the best AR of g1_sweep_new_circuits.csv; policy (runs/ checkpoint for seed 42) places H-blocks deterministically'} True 9.5
Baked architecture → /home/digital-2/workspace/rl_gnn/vanilla_rl/temp_arch_eeb2e86d.xml
  Size   : 18x18
  DSPs   : [(6, 3)]
  BRAMs  : [(3, 4)]
  Constraints → /home/digital-2/workspace/rl_gnn/vanilla_rl/temp_constraints_eeb2e86d.xml
done G1 {'circuit': 'uriscv_core', 'set': 'new', 'seed': 123, 'forced_aspect_ratio': 0.8, 'source': 'step 0 forced to the best AR of g1_sweep_new_circuits.csv; policy (runs/ checkpoint for seed 123) places H-blocks deterministically'} True 9.2
Baked architecture → /home/digital-2/workspace/rl_gnn/vanilla_rl/temp_arch_aa066e6e.xml
  Size   : 43x43
  DSPs   : [(19, 12)]
  BRAMs  : []
  Constraints → /home/digital-2/workspace/rl_gnn/vanilla_rl/temp_constraints_aa066e6e.xml
done G1 {'circuit': 'softmax', 'set': 'original', 'seed': 123, 'forced_aspect_ratio': 1.4, 'source': 'step 0 forced to the best AR of baseline_ar_sweep_perar.csv; policy (runs/ checkpoint for seed 123) places H-blocks deterministically'} True 125.3
Baked architecture → /home/digital-2/workspace/rl_gnn/vanilla_rl/temp_arch_fa205ee3.xml
  Size   : 43x43
  DSPs   : [(2, 9)]
  BRAMs  : []
  Constraints → /home/digital-2/workspace/rl_gnn/vanilla_rl/temp_constraints_fa205ee3.xml
done G1 {'circuit': 'lenet', 'set': 'new', 'seed': 7, 'forced_aspect_ratio': 1.7, 'source': 'step 0 forced to the best AR of g1_sweep_new_circuits.csv; policy (runs/ checkpoint for seed 7) places H-blocks deterministically'} True 1075.83
Baked architecture → /home/digital-2/workspace/rl_gnn/vanilla_rl/temp_arch_50fd3a4f.xml
  Size   : 43x43
  DSPs   : [(18, 13)]
  BRAMs  : []
  Constraints → /home/digital-2/workspace/rl_gnn/vanilla_rl/temp_constraints_50fd3a4f.xml
done G1 {'circuit': 'lenet', 'set': 'new', 'seed': 42, 'forced_aspect_ratio': 1.7, 'source': 'step 0 forced to the best AR of g1_sweep_new_circuits.csv; policy (runs/ checkpoint for seed 42) places H-blocks deterministically'} True 1080.48
Baked architecture → /home/digital-2/workspace/rl_gnn/vanilla_rl/temp_arch_172aa816.xml
  Size   : 34x34
  DSPs   : []
  BRAMs  : [(19, 12), (17, 15), (1, 9), (14, 14)]
  Constraints → /home/digital-2/workspace/rl_gnn/vanilla_rl/temp_constraints_172aa816.xml
done G1 {'circuit': 'aes_inv_cipher', 'set': 'new', 'seed': 7, 'forced_aspect_ratio': 2.0, 'source': 'step 0 forced to the best AR of g1_sweep_new_circuits.csv; policy (runs/ checkpoint for seed 7) places H-blocks deterministically'} True 44.98
Baked architecture → /home/digital-2/workspace/rl_gnn/vanilla_rl/temp_arch_23fa936c.xml
  Size   : 34x34
  DSPs   : []
  BRAMs  : [(2, 9), (11, 4), (13, 7), (12, 4)]
  Constraints → /home/digital-2/workspace/rl_gnn/vanilla_rl/temp_constraints_23fa936c.xml
done G1 {'circuit': 'aes_inv_cipher', 'set': 'new', 'seed': 42, 'forced_aspect_ratio': 2.0, 'source': 'step 0 forced to the best AR of g1_sweep_new_circuits.csv; policy (runs/ checkpoint for seed 42) places H-blocks deterministically'} True 41.67
Baked architecture → /home/digital-2/workspace/rl_gnn/vanilla_rl/temp_arch_5907c0f1.xml
  Size   : 34x34
  DSPs   : []
  BRAMs  : [(18, 2), (18, 13), (12, 5), (1, 9)]
  Constraints → /home/digital-2/workspace/rl_gnn/vanilla_rl/temp_constraints_5907c0f1.xml
done G1 {'circuit': 'aes_inv_cipher', 'set': 'new', 'seed': 123, 'forced_aspect_ratio': 2.0, 'source': 'step 0 forced to the best AR of g1_sweep_new_circuits.csv; policy (runs/ checkpoint for seed 123) places H-blocks deterministically'} True 43.18
Baked architecture → /home/digital-2/workspace/rl_gnn/vanilla_rl/temp_arch_69984943.xml
  Size   : 19x19
  DSPs   : [(13, 14)]
  BRAMs  : [(1, 9)]
  Constraints → /home/digital-2/workspace/rl_gnn/vanilla_rl/temp_constraints_69984943.xml
done G1 {'circuit': '8051', 'set': 'new', 'seed': 7, 'forced_aspect_ratio': 1.2, 'source': 'step 0 forced to the best AR of g1_sweep_new_circuits.csv; policy (runs/ checkpoint for seed 7) places H-blocks deterministically'} True 17.32
Baked architecture → /home/digital-2/workspace/rl_gnn/vanilla_rl/temp_arch_5189259d.xml
  Size   : 19x19
  DSPs   : [(11, 4)]
  BRAMs  : [(2, 9)]
  Constraints → /home/digital-2/workspace/rl_gnn/vanilla_rl/temp_constraints_5189259d.xml
done G1 {'circuit': '8051', 'set': 'new', 'seed': 42, 'forced_aspect_ratio': 1.2, 'source': 'step 0 forced to the best AR of g1_sweep_new_circuits.csv; policy (runs/ checkpoint for seed 42) places H-blocks deterministically'} True 12.99
Baked architecture → /home/digital-2/workspace/rl_gnn/vanilla_rl/temp_arch_aeeb1810.xml
  Size   : 19x19
  DSPs   : [(10, 14)]
  BRAMs  : [(1, 9)]
  Constraints → /home/digital-2/workspace/rl_gnn/vanilla_rl/temp_constraints_aeeb1810.xml
done G1 {'circuit': '8051', 'set': 'new', 'seed': 123, 'forced_aspect_ratio': 1.2, 'source': 'step 0 forced to the best AR of g1_sweep_new_circuits.csv; policy (runs/ checkpoint for seed 123) places H-blocks deterministically'} True 15.49
Baked architecture → /home/digital-2/workspace/rl_gnn/vanilla_rl/temp_arch_f741b23f.xml
  Size   : 40x40
  DSPs   : [(19, 12), (17, 15), (1, 9), (14, 14), (7, 16), (15, 11), (13, 14), (7, 11), (11, 17), (10, 14), (19, 8), (22, 17), (2, 18), (9, 18), (18, 19), (12, 5), (21, 6), (10, 9), (15, 7), (17, 1), (7, 5), (22, 5), (13, 3), (6, 18), (9, 4), (12, 14), (18, 14), (4, 12), (20, 4), (5, 15), (3, 2), (2, 7), (23, 18), (10, 19), (22, 10), (4, 6), (12, 1), (16, 11), (14, 19), (13, 8), (8, 18), (10, 5), (24, 13), (19, 17)]
  BRAMs  : []
  Constraints → /home/digital-2/workspace/rl_gnn/vanilla_rl/temp_constraints_f741b23f.xml
done G1 {'circuit': 'stereovision1', 'set': 'new', 'seed': 7, 'forced_aspect_ratio': 0.7, 'source': 'step 0 forced to the best AR of g1_sweep_new_circuits.csv; policy (runs/ checkpoint for seed 7) places H-blocks deterministically'} True 91.19
Baked architecture → /home/digital-2/workspace/rl_gnn/vanilla_rl/temp_arch_f8037d5c.xml
  Size   : 40x40
  DSPs   : [(2, 9), (11, 4), (13, 7), (8, 14), (12, 4), (14, 8), (7, 14), (10, 2), (2, 18), (14, 3), (21, 16), (3, 8), (1, 3), (5, 17), (19, 6), (15, 14), (2, 14), (10, 16), (9, 6), (12, 17), (16, 18), (19, 10), (17, 19), (6, 2), (20, 16), (2, 2), (9, 11), (8, 4), (21, 12), (20, 3), (6, 14), (7, 4), (18, 15), (5, 1), (8, 19), (13, 3), (15, 19), (4, 2), (3, 14), (5, 10), (7, 22), (11, 17), (6, 18), (10, 7)]
  BRAMs  : []
  Constraints → /home/digital-2/workspace/rl_gnn/vanilla_rl/temp_constraints_f8037d5c.xml
done G1 {'circuit': 'stereovision1', 'set': 'new', 'seed': 42, 'forced_aspect_ratio': 0.7, 'source': 'step 0 forced to the best AR of g1_sweep_new_circuits.csv; policy (runs/ checkpoint for seed 42) places H-blocks deterministically'} True 117.25
Baked architecture → /home/digital-2/workspace/rl_gnn/vanilla_rl/temp_arch_482bbcc0.xml
  Size   : 40x40
  DSPs   : [(18, 2), (18, 13), (12, 5), (18, 7), (1, 11), (13, 2), (11, 4), (14, 11), (3, 10), (9, 10), (11, 10), (10, 9), (1, 4), (7, 16), (12, 10), (13, 9), (9, 15), (2, 10), (12, 19), (15, 5), (15, 12), (11, 17), (9, 3), (19, 16), (8, 13), (14, 3), (17, 13), (21, 7), (10, 14), (13, 14), (16, 6), (5, 12), (21, 2), (1, 19), (4, 10), (4, 1), (6, 9), (17, 6), (3, 18), (7, 12), (16, 11), (6, 16), (19, 9), (12, 1)]
  BRAMs  : []
  Constraints → /home/digital-2/workspace/rl_gnn/vanilla_rl/temp_constraints_482bbcc0.xml
done G1 {'circuit': 'stereovision1', 'set': 'new', 'seed': 123, 'forced_aspect_ratio': 0.7, 'source': 'step 0 forced to the best AR of g1_sweep_new_circuits.csv; policy (runs/ checkpoint for seed 123) places H-blocks deterministically'} True 105.86
done G1 {'circuit': 'lenet', 'set': 'new', 'seed': 123, 'forced_aspect_ratio': 1.7, 'source': 'step 0 forced to the best AR of g1_sweep_new_circuits.csv; policy (runs/ checkpoint for seed 123) places H-blocks deterministically'} True 1048.57
