Wrapping the env with a `Monitor` wrapper
Wrapping the env in a DummyVecEnv.
Wrapping the env with a `Monitor` wrapper
Wrapping the env in a DummyVecEnv.
Wrapping the env with a `Monitor` wrapper
Wrapping the env in a DummyVecEnv.
Wrapping the env with a `Monitor` wrapper
Wrapping the env in a DummyVecEnv.
Wrapping the env with a `Monitor` wrapper
Wrapping the env in a DummyVecEnv.
Wrapping the env with a `Monitor` wrapper
Wrapping the env in a DummyVecEnv.
Wrapping the env with a `Monitor` wrapper
Wrapping the env in a DummyVecEnv.
Wrapping the env with a `Monitor` wrapper
Wrapping the env in a DummyVecEnv.
Wrapping the env with a `Monitor` wrapper
Wrapping the env in a DummyVecEnv.
Wrapping the env with a `Monitor` wrapper
Wrapping the env in a DummyVecEnv.
Wrapping the env with a `Monitor` wrapper
Wrapping the env in a DummyVecEnv.
Wrapping the env with a `Monitor` wrapper
Wrapping the env in a DummyVecEnv.
Wrapping the env with a `Monitor` wrapper
Wrapping the env in a DummyVecEnv.
Wrapping the env with a `Monitor` wrapper
Wrapping the env in a DummyVecEnv.
Wrapping the env with a `Monitor` wrapper
Wrapping the env in a DummyVecEnv.
Wrapping the env with a `Monitor` wrapper
Wrapping the env in a DummyVecEnv.
Wrapping the env with a `Monitor` wrapper
Wrapping the env in a DummyVecEnv.
Wrapping the env with a `Monitor` wrapper
Wrapping the env in a DummyVecEnv.
G2: 72 jobs
Baked architecture → /home/digital-2/workspace/rl_gnn/vanilla_rl/temp_arch_28f9249d.xml
  Size   : 13x13
  DSPs   : []
  BRAMs  : [(6, 4), (2, 3)]
Baked architecture → /home/digital-2/workspace/rl_gnn/vanilla_rl/temp_arch_79e2d2f2.xml
  Size   : 13x13
  DSPs   : []
  BRAMs  : [(11, 3), (7, 2)]
  Constraints → /home/digital-2/workspace/rl_gnn/vanilla_rl/temp_constraints_28f9249d.xml
  Constraints → /home/digital-2/workspace/rl_gnn/vanilla_rl/temp_constraints_79e2d2f2.xml
done G2 {'circuit': 'usb_uart_core', 'seed': 7, 'variant': 'policy', 'draw_index': 0, 'source': 'step 0 forced to 1.0; policy places H-blocks deterministically'} True 4.14
Baked architecture → /home/digital-2/workspace/rl_gnn/vanilla_rl/temp_arch_50dfd3b4.xml
  Size   : 13x13
  DSPs   : []
  BRAMs  : [(9, 1), (10, 2)]
  Constraints → /home/digital-2/workspace/rl_gnn/vanilla_rl/temp_constraints_50dfd3b4.xml
done G2 {'circuit': 'usb_uart_core', 'seed': 7, 'variant': 'random', 'draw_index': 0, 'source': 'AR 1.0 + uniform legal placement, numpy.default_rng([7, 0, 0]), circuit_index = position in the new-six list'} True 4.39
Baked architecture → /home/digital-2/workspace/rl_gnn/vanilla_rl/temp_arch_e3f55b51.xml
  Size   : 13x13
  DSPs   : []
  BRAMs  : [(11, 5), (1, 2)]
  Constraints → /home/digital-2/workspace/rl_gnn/vanilla_rl/temp_constraints_e3f55b51.xml
done G2 {'circuit': 'usb_uart_core', 'seed': 7, 'variant': 'random', 'draw_index': 1, 'source': 'AR 1.0 + uniform legal placement, numpy.default_rng([7, 0, 1]), circuit_index = position in the new-six list'} True 4.14
Baked architecture → /home/digital-2/workspace/rl_gnn/vanilla_rl/temp_arch_fbe042ed.xml
  Size   : 13x13
  DSPs   : []
  BRAMs  : [(7, 2), (2, 2)]
  Constraints → /home/digital-2/workspace/rl_gnn/vanilla_rl/temp_constraints_fbe042ed.xml
done G2 {'circuit': 'usb_uart_core', 'seed': 7, 'variant': 'random', 'draw_index': 2, 'source': 'AR 1.0 + uniform legal placement, numpy.default_rng([7, 0, 2]), circuit_index = position in the new-six list'} True 4.34
Baked architecture → /home/digital-2/workspace/rl_gnn/vanilla_rl/temp_arch_4cc619b4.xml
  Size   : 13x13
  DSPs   : []
  BRAMs  : [(1, 6), (9, 5)]
  Constraints → /home/digital-2/workspace/rl_gnn/vanilla_rl/temp_constraints_4cc619b4.xml
done G2 {'circuit': 'usb_uart_core', 'seed': 42, 'variant': 'policy', 'draw_index': 0, 'source': 'step 0 forced to 1.0; policy places H-blocks deterministically'} True 4.14
Baked architecture → /home/digital-2/workspace/rl_gnn/vanilla_rl/temp_arch_e57d4853.xml
  Size   : 13x13
  DSPs   : []
  BRAMs  : [(8, 2), (10, 4)]
  Constraints → /home/digital-2/workspace/rl_gnn/vanilla_rl/temp_constraints_e57d4853.xml
done G2 {'circuit': 'usb_uart_core', 'seed': 42, 'variant': 'random', 'draw_index': 0, 'source': 'AR 1.0 + uniform legal placement, numpy.default_rng([42, 0, 0]), circuit_index = position in the new-six list'} True 4.24
Baked architecture → /home/digital-2/workspace/rl_gnn/vanilla_rl/temp_arch_f60eb366.xml
  Size   : 13x13
  DSPs   : []
  BRAMs  : [(8, 3), (11, 4)]
  Constraints → /home/digital-2/workspace/rl_gnn/vanilla_rl/temp_constraints_f60eb366.xml
done G2 {'circuit': 'usb_uart_core', 'seed': 42, 'variant': 'random', 'draw_index': 1, 'source': 'AR 1.0 + uniform legal placement, numpy.default_rng([42, 0, 1]), circuit_index = position in the new-six list'} True 4.04
Baked architecture → /home/digital-2/workspace/rl_gnn/vanilla_rl/temp_arch_82e1976b.xml
  Size   : 13x13
  DSPs   : []
  BRAMs  : [(5, 4), (2, 3)]
  Constraints → /home/digital-2/workspace/rl_gnn/vanilla_rl/temp_constraints_82e1976b.xml
done G2 {'circuit': 'usb_uart_core', 'seed': 42, 'variant': 'random', 'draw_index': 2, 'source': 'AR 1.0 + uniform legal placement, numpy.default_rng([42, 0, 2]), circuit_index = position in the new-six list'} True 4.29
Baked architecture → /home/digital-2/workspace/rl_gnn/vanilla_rl/temp_arch_383b4910.xml
  Size   : 13x13
  DSPs   : []
  BRAMs  : [(1, 2), (8, 5)]
  Constraints → /home/digital-2/workspace/rl_gnn/vanilla_rl/temp_constraints_383b4910.xml
done G2 {'circuit': 'usb_uart_core', 'seed': 123, 'variant': 'policy', 'draw_index': 0, 'source': 'step 0 forced to 1.0; policy places H-blocks deterministically'} True 3.98
Baked architecture → /home/digital-2/workspace/rl_gnn/vanilla_rl/temp_arch_0b62cb0a.xml
  Size   : 13x13
  DSPs   : []
  BRAMs  : [(7, 6), (1, 5)]
  Constraints → /home/digital-2/workspace/rl_gnn/vanilla_rl/temp_constraints_0b62cb0a.xml
done G2 {'circuit': 'usb_uart_core', 'seed': 123, 'variant': 'random', 'draw_index': 0, 'source': 'AR 1.0 + uniform legal placement, numpy.default_rng([123, 0, 0]), circuit_index = position in the new-six list'} True 4.13
Baked architecture → /home/digital-2/workspace/rl_gnn/vanilla_rl/temp_arch_b0253a90.xml
  Size   : 13x13
  DSPs   : []
  BRAMs  : [(4, 2), (8, 1)]
  Constraints → /home/digital-2/workspace/rl_gnn/vanilla_rl/temp_constraints_b0253a90.xml
done G2 {'circuit': 'usb_uart_core', 'seed': 123, 'variant': 'random', 'draw_index': 1, 'source': 'AR 1.0 + uniform legal placement, numpy.default_rng([123, 0, 1]), circuit_index = position in the new-six list'} True 4.34
Baked architecture → /home/digital-2/workspace/rl_gnn/vanilla_rl/temp_arch_15159242.xml
  Size   : 18x18
  DSPs   : [(7, 11)]
  BRAMs  : [(1, 9)]
  Constraints → /home/digital-2/workspace/rl_gnn/vanilla_rl/temp_constraints_15159242.xml
done G2 {'circuit': 'usb_uart_core', 'seed': 123, 'variant': 'random', 'draw_index': 2, 'source': 'AR 1.0 + uniform legal placement, numpy.default_rng([123, 0, 2]), circuit_index = position in the new-six list'} True 4.04
Baked architecture → /home/digital-2/workspace/rl_gnn/vanilla_rl/temp_arch_efc6cfe0.xml
  Size   : 18x18
  DSPs   : [(12, 13)]
  BRAMs  : [(14, 11)]
  Constraints → /home/digital-2/workspace/rl_gnn/vanilla_rl/temp_constraints_efc6cfe0.xml
done G2 {'circuit': 'uriscv_core', 'seed': 7, 'variant': 'policy', 'draw_index': 0, 'source': 'step 0 forced to 1.0; policy places H-blocks deterministically'} True 9.54
Baked architecture → /home/digital-2/workspace/rl_gnn/vanilla_rl/temp_arch_c4d4de0b.xml
  Size   : 18x18
  DSPs   : [(13, 1)]
  BRAMs  : [(1, 11)]
  Constraints → /home/digital-2/workspace/rl_gnn/vanilla_rl/temp_constraints_c4d4de0b.xml
done G2 {'circuit': 'uriscv_core', 'seed': 7, 'variant': 'random', 'draw_index': 0, 'source': 'AR 1.0 + uniform legal placement, numpy.default_rng([7, 1, 0]), circuit_index = position in the new-six list'} True 10.76
Baked architecture → /home/digital-2/workspace/rl_gnn/vanilla_rl/temp_arch_1e6cf0eb.xml
  Size   : 18x18
  DSPs   : [(15, 11)]
  BRAMs  : [(12, 1)]
  Constraints → /home/digital-2/workspace/rl_gnn/vanilla_rl/temp_constraints_1e6cf0eb.xml
done G2 {'circuit': 'uriscv_core', 'seed': 7, 'variant': 'random', 'draw_index': 1, 'source': 'AR 1.0 + uniform legal placement, numpy.default_rng([7, 1, 1]), circuit_index = position in the new-six list'} True 10.06
Baked architecture → /home/digital-2/workspace/rl_gnn/vanilla_rl/temp_arch_5255b4c8.xml
  Size   : 18x18
  DSPs   : [(11, 4)]
  BRAMs  : [(2, 9)]
  Constraints → /home/digital-2/workspace/rl_gnn/vanilla_rl/temp_constraints_5255b4c8.xml
done G2 {'circuit': 'uriscv_core', 'seed': 7, 'variant': 'random', 'draw_index': 2, 'source': 'AR 1.0 + uniform legal placement, numpy.default_rng([7, 1, 2]), circuit_index = position in the new-six list'} True 9.71
Baked architecture → /home/digital-2/workspace/rl_gnn/vanilla_rl/temp_arch_40611a4a.xml
  Size   : 18x18
  DSPs   : [(13, 11)]
  BRAMs  : [(11, 3)]
  Constraints → /home/digital-2/workspace/rl_gnn/vanilla_rl/temp_constraints_40611a4a.xml
done G2 {'circuit': 'uriscv_core', 'seed': 42, 'variant': 'policy', 'draw_index': 0, 'source': 'step 0 forced to 1.0; policy places H-blocks deterministically'} True 9.36
Baked architecture → /home/digital-2/workspace/rl_gnn/vanilla_rl/temp_arch_4b9fc335.xml
  Size   : 18x18
  DSPs   : [(10, 9)]
  BRAMs  : [(4, 5)]
  Constraints → /home/digital-2/workspace/rl_gnn/vanilla_rl/temp_constraints_4b9fc335.xml
done G2 {'circuit': 'uriscv_core', 'seed': 42, 'variant': 'random', 'draw_index': 0, 'source': 'AR 1.0 + uniform legal placement, numpy.default_rng([42, 1, 0]), circuit_index = position in the new-six list'} True 9.37
Baked architecture → /home/digital-2/workspace/rl_gnn/vanilla_rl/temp_arch_9382a2f7.xml
  Size   : 18x18
  DSPs   : [(8, 12)]
  BRAMs  : [(16, 3)]
  Constraints → /home/digital-2/workspace/rl_gnn/vanilla_rl/temp_constraints_9382a2f7.xml
done G2 {'circuit': 'uriscv_core', 'seed': 42, 'variant': 'random', 'draw_index': 1, 'source': 'AR 1.0 + uniform legal placement, numpy.default_rng([42, 1, 1]), circuit_index = position in the new-six list'} True 9.76
Baked architecture → /home/digital-2/workspace/rl_gnn/vanilla_rl/temp_arch_9675059c.xml
  Size   : 18x18
  DSPs   : [(3, 4)]
  BRAMs  : [(1, 9)]
  Constraints → /home/digital-2/workspace/rl_gnn/vanilla_rl/temp_constraints_9675059c.xml
done G2 {'circuit': 'uriscv_core', 'seed': 42, 'variant': 'random', 'draw_index': 2, 'source': 'AR 1.0 + uniform legal placement, numpy.default_rng([42, 1, 2]), circuit_index = position in the new-six list'} True 10.42
Baked architecture → /home/digital-2/workspace/rl_gnn/vanilla_rl/temp_arch_a381eaae.xml
  Size   : 18x18
  DSPs   : [(5, 12)]
  BRAMs  : [(11, 8)]
  Constraints → /home/digital-2/workspace/rl_gnn/vanilla_rl/temp_constraints_a381eaae.xml
done G2 {'circuit': 'uriscv_core', 'seed': 123, 'variant': 'policy', 'draw_index': 0, 'source': 'step 0 forced to 1.0; policy places H-blocks deterministically'} True 9.61
Baked architecture → /home/digital-2/workspace/rl_gnn/vanilla_rl/temp_arch_dc3ecbf7.xml
  Size   : 18x18
  DSPs   : [(4, 13)]
  BRAMs  : [(9, 6)]
  Constraints → /home/digital-2/workspace/rl_gnn/vanilla_rl/temp_constraints_dc3ecbf7.xml
done G2 {'circuit': 'uriscv_core', 'seed': 123, 'variant': 'random', 'draw_index': 0, 'source': 'AR 1.0 + uniform legal placement, numpy.default_rng([123, 1, 0]), circuit_index = position in the new-six list'} True 10.06
Baked architecture → /home/digital-2/workspace/rl_gnn/vanilla_rl/temp_arch_b2d34446.xml
  Size   : 18x18
  DSPs   : [(5, 5)]
  BRAMs  : [(1, 10)]
  Constraints → /home/digital-2/workspace/rl_gnn/vanilla_rl/temp_constraints_b2d34446.xml
done G2 {'circuit': 'uriscv_core', 'seed': 123, 'variant': 'random', 'draw_index': 1, 'source': 'AR 1.0 + uniform legal placement, numpy.default_rng([123, 1, 1]), circuit_index = position in the new-six list'} True 10.05
Baked architecture → /home/digital-2/workspace/rl_gnn/vanilla_rl/temp_arch_7a6eab8c.xml
  Size   : 43x43
  DSPs   : [(19, 12)]
  BRAMs  : []
  Constraints → /home/digital-2/workspace/rl_gnn/vanilla_rl/temp_constraints_7a6eab8c.xml
done G2 {'circuit': 'uriscv_core', 'seed': 123, 'variant': 'random', 'draw_index': 2, 'source': 'AR 1.0 + uniform legal placement, numpy.default_rng([123, 1, 2]), circuit_index = position in the new-six list'} True 10.08
Baked architecture → /home/digital-2/workspace/rl_gnn/vanilla_rl/temp_arch_db2f8196.xml
  Size   : 43x43
  DSPs   : [(12, 21)]
  BRAMs  : []
  Constraints → /home/digital-2/workspace/rl_gnn/vanilla_rl/temp_constraints_db2f8196.xml
done G2 {'circuit': 'lenet', 'seed': 7, 'variant': 'random', 'draw_index': 0, 'source': 'AR 1.0 + uniform legal placement, numpy.default_rng([7, 2, 0]), circuit_index = position in the new-six list'} True 1082.69
Baked architecture → /home/digital-2/workspace/rl_gnn/vanilla_rl/temp_arch_d615f284.xml
  Size   : 43x43
  DSPs   : [(9, 14)]
  BRAMs  : []
  Constraints → /home/digital-2/workspace/rl_gnn/vanilla_rl/temp_constraints_d615f284.xml
done G2 {'circuit': 'lenet', 'seed': 7, 'variant': 'policy', 'draw_index': 0, 'source': 'step 0 forced to 1.0; policy places H-blocks deterministically'} True 1086.88
Baked architecture → /home/digital-2/workspace/rl_gnn/vanilla_rl/temp_arch_dce50d3e.xml
  Size   : 43x43
  DSPs   : [(39, 5)]
  BRAMs  : []
  Constraints → /home/digital-2/workspace/rl_gnn/vanilla_rl/temp_constraints_dce50d3e.xml
done G2 {'circuit': 'lenet', 'seed': 7, 'variant': 'random', 'draw_index': 1, 'source': 'AR 1.0 + uniform legal placement, numpy.default_rng([7, 2, 1]), circuit_index = position in the new-six list'} True 1084.03
Baked architecture → /home/digital-2/workspace/rl_gnn/vanilla_rl/temp_arch_3d0048c0.xml
  Size   : 43x43
  DSPs   : [(2, 9)]
  BRAMs  : []
  Constraints → /home/digital-2/workspace/rl_gnn/vanilla_rl/temp_constraints_3d0048c0.xml
done G2 {'circuit': 'lenet', 'seed': 7, 'variant': 'random', 'draw_index': 2, 'source': 'AR 1.0 + uniform legal placement, numpy.default_rng([7, 2, 2]), circuit_index = position in the new-six list'} True 1100.02
Baked architecture → /home/digital-2/workspace/rl_gnn/vanilla_rl/temp_arch_b2e2db9c.xml
  Size   : 43x43
  DSPs   : [(10, 5)]
  BRAMs  : []
  Constraints → /home/digital-2/workspace/rl_gnn/vanilla_rl/temp_constraints_b2e2db9c.xml
done G2 {'circuit': 'lenet', 'seed': 42, 'variant': 'policy', 'draw_index': 0, 'source': 'step 0 forced to 1.0; policy places H-blocks deterministically'} True 1073.5
Baked architecture → /home/digital-2/workspace/rl_gnn/vanilla_rl/temp_arch_3349c2e6.xml
  Size   : 43x43
  DSPs   : [(2, 21)]
  BRAMs  : []
  Constraints → /home/digital-2/workspace/rl_gnn/vanilla_rl/temp_constraints_3349c2e6.xml
done G2 {'circuit': 'lenet', 'seed': 42, 'variant': 'random', 'draw_index': 0, 'source': 'AR 1.0 + uniform legal placement, numpy.default_rng([42, 2, 0]), circuit_index = position in the new-six list'} True 1062.3
Baked architecture → /home/digital-2/workspace/rl_gnn/vanilla_rl/temp_arch_13cef0ac.xml
  Size   : 43x43
  DSPs   : [(15, 33)]
  BRAMs  : []
  Constraints → /home/digital-2/workspace/rl_gnn/vanilla_rl/temp_constraints_13cef0ac.xml
done G2 {'circuit': 'lenet', 'seed': 42, 'variant': 'random', 'draw_index': 1, 'source': 'AR 1.0 + uniform legal placement, numpy.default_rng([42, 2, 1]), circuit_index = position in the new-six list'} True 1081.64
Baked architecture → /home/digital-2/workspace/rl_gnn/vanilla_rl/temp_arch_41efd13d.xml
  Size   : 43x43
  DSPs   : [(18, 13)]
  BRAMs  : []
  Constraints → /home/digital-2/workspace/rl_gnn/vanilla_rl/temp_constraints_41efd13d.xml
done G2 {'circuit': 'lenet', 'seed': 42, 'variant': 'random', 'draw_index': 2, 'source': 'AR 1.0 + uniform legal placement, numpy.default_rng([42, 2, 2]), circuit_index = position in the new-six list'} True 1095.24
Baked architecture → /home/digital-2/workspace/rl_gnn/vanilla_rl/temp_arch_7edcd0d7.xml
  Size   : 43x43
  DSPs   : [(23, 34)]
  BRAMs  : []
  Constraints → /home/digital-2/workspace/rl_gnn/vanilla_rl/temp_constraints_7edcd0d7.xml
done G2 {'circuit': 'lenet', 'seed': 123, 'variant': 'policy', 'draw_index': 0, 'source': 'step 0 forced to 1.0; policy places H-blocks deterministically'} True 1079.78
Baked architecture → /home/digital-2/workspace/rl_gnn/vanilla_rl/temp_arch_b0723137.xml
  Size   : 43x43
  DSPs   : [(1, 24)]
  BRAMs  : []
  Constraints → /home/digital-2/workspace/rl_gnn/vanilla_rl/temp_constraints_b0723137.xml
done G2 {'circuit': 'lenet', 'seed': 123, 'variant': 'random', 'draw_index': 0, 'source': 'AR 1.0 + uniform legal placement, numpy.default_rng([123, 2, 0]), circuit_index = position in the new-six list'} True 1101.05
Baked architecture → /home/digital-2/workspace/rl_gnn/vanilla_rl/temp_arch_75277414.xml
  Size   : 43x43
  DSPs   : [(13, 37)]
  BRAMs  : []
  Constraints → /home/digital-2/workspace/rl_gnn/vanilla_rl/temp_constraints_75277414.xml
done G2 {'circuit': 'lenet', 'seed': 123, 'variant': 'random', 'draw_index': 1, 'source': 'AR 1.0 + uniform legal placement, numpy.default_rng([123, 2, 1]), circuit_index = position in the new-six list'} True 1071.67
Baked architecture → /home/digital-2/workspace/rl_gnn/vanilla_rl/temp_arch_d65dcd67.xml
  Size   : 34x34
  DSPs   : []
  BRAMs  : [(19, 12), (17, 15), (1, 9), (14, 14)]
  Constraints → /home/digital-2/workspace/rl_gnn/vanilla_rl/temp_constraints_d65dcd67.xml
done G2 {'circuit': 'aes_inv_cipher', 'seed': 7, 'variant': 'policy', 'draw_index': 0, 'source': 'step 0 forced to 1.0; policy places H-blocks deterministically'} True 42.28
Baked architecture → /home/digital-2/workspace/rl_gnn/vanilla_rl/temp_arch_1d04134b.xml
  Size   : 34x34
  DSPs   : []
  BRAMs  : [(24, 8), (32, 6), (17, 22), (29, 2)]
  Constraints → /home/digital-2/workspace/rl_gnn/vanilla_rl/temp_constraints_1d04134b.xml
done G2 {'circuit': 'lenet', 'seed': 123, 'variant': 'random', 'draw_index': 2, 'source': 'AR 1.0 + uniform legal placement, numpy.default_rng([123, 2, 2]), circuit_index = position in the new-six list'} True 1076.7
Baked architecture → /home/digital-2/workspace/rl_gnn/vanilla_rl/temp_arch_21e48d3d.xml
  Size   : 34x34
  DSPs   : []
  BRAMs  : [(23, 27), (17, 25), (9, 1), (2, 18)]
  Constraints → /home/digital-2/workspace/rl_gnn/vanilla_rl/temp_constraints_21e48d3d.xml
done G2 {'circuit': 'aes_inv_cipher', 'seed': 7, 'variant': 'random', 'draw_index': 0, 'source': 'AR 1.0 + uniform legal placement, numpy.default_rng([7, 3, 0]), circuit_index = position in the new-six list'} True 46.73
Baked architecture → /home/digital-2/workspace/rl_gnn/vanilla_rl/temp_arch_19dc72b8.xml
  Size   : 34x34
  DSPs   : []
  BRAMs  : [(19, 20), (27, 2), (4, 14), (1, 25)]
  Constraints → /home/digital-2/workspace/rl_gnn/vanilla_rl/temp_constraints_19dc72b8.xml
done G2 {'circuit': 'aes_inv_cipher', 'seed': 7, 'variant': 'random', 'draw_index': 1, 'source': 'AR 1.0 + uniform legal placement, numpy.default_rng([7, 3, 1]), circuit_index = position in the new-six list'} True 44.18
Baked architecture → /home/digital-2/workspace/rl_gnn/vanilla_rl/temp_arch_88075525.xml
  Size   : 34x34
  DSPs   : []
  BRAMs  : [(2, 9), (11, 4), (13, 7), (12, 4)]
  Constraints → /home/digital-2/workspace/rl_gnn/vanilla_rl/temp_constraints_88075525.xml
done G2 {'circuit': 'aes_inv_cipher', 'seed': 7, 'variant': 'random', 'draw_index': 2, 'source': 'AR 1.0 + uniform legal placement, numpy.default_rng([7, 3, 2]), circuit_index = position in the new-six list'} True 41.87
Baked architecture → /home/digital-2/workspace/rl_gnn/vanilla_rl/temp_arch_3bbd9df5.xml
  Size   : 34x34
  DSPs   : []
  BRAMs  : [(25, 21), (7, 25), (21, 24), (18, 15)]
  Constraints → /home/digital-2/workspace/rl_gnn/vanilla_rl/temp_constraints_3bbd9df5.xml
done G2 {'circuit': 'aes_inv_cipher', 'seed': 42, 'variant': 'policy', 'draw_index': 0, 'source': 'step 0 forced to 1.0; policy places H-blocks deterministically'} True 42.36
Baked architecture → /home/digital-2/workspace/rl_gnn/vanilla_rl/temp_arch_50748b0a.xml
  Size   : 34x34
  DSPs   : []
  BRAMs  : [(4, 6), (23, 1), (4, 26), (13, 13)]
  Constraints → /home/digital-2/workspace/rl_gnn/vanilla_rl/temp_constraints_50748b0a.xml
done G2 {'circuit': 'aes_inv_cipher', 'seed': 42, 'variant': 'random', 'draw_index': 0, 'source': 'AR 1.0 + uniform legal placement, numpy.default_rng([42, 3, 0]), circuit_index = position in the new-six list'} True 42.96
Baked architecture → /home/digital-2/workspace/rl_gnn/vanilla_rl/temp_arch_f5b9f53d.xml
  Size   : 34x34
  DSPs   : []
  BRAMs  : [(26, 10), (22, 1), (15, 21), (23, 16)]
  Constraints → /home/digital-2/workspace/rl_gnn/vanilla_rl/temp_constraints_f5b9f53d.xml
done G2 {'circuit': 'aes_inv_cipher', 'seed': 42, 'variant': 'random', 'draw_index': 1, 'source': 'AR 1.0 + uniform legal placement, numpy.default_rng([42, 3, 1]), circuit_index = position in the new-six list'} True 42.98
Baked architecture → /home/digital-2/workspace/rl_gnn/vanilla_rl/temp_arch_bd2816e0.xml
  Size   : 34x34
  DSPs   : []
  BRAMs  : [(18, 2), (12, 5), (1, 9), (18, 13)]
  Constraints → /home/digital-2/workspace/rl_gnn/vanilla_rl/temp_constraints_bd2816e0.xml
done G2 {'circuit': 'aes_inv_cipher', 'seed': 42, 'variant': 'random', 'draw_index': 2, 'source': 'AR 1.0 + uniform legal placement, numpy.default_rng([42, 3, 2]), circuit_index = position in the new-six list'} True 41.98
Baked architecture → /home/digital-2/workspace/rl_gnn/vanilla_rl/temp_arch_a3fcc4d2.xml
  Size   : 34x34
  DSPs   : []
  BRAMs  : [(5, 16), (14, 19), (30, 14), (7, 7)]
  Constraints → /home/digital-2/workspace/rl_gnn/vanilla_rl/temp_constraints_a3fcc4d2.xml
done G2 {'circuit': 'aes_inv_cipher', 'seed': 123, 'variant': 'policy', 'draw_index': 0, 'source': 'step 0 forced to 1.0; policy places H-blocks deterministically'} True 42.72
Baked architecture → /home/digital-2/workspace/rl_gnn/vanilla_rl/temp_arch_b75b00cf.xml
  Size   : 34x34
  DSPs   : []
  BRAMs  : [(16, 26), (25, 24), (19, 1), (24, 23)]
  Constraints → /home/digital-2/workspace/rl_gnn/vanilla_rl/temp_constraints_b75b00cf.xml
done G2 {'circuit': 'aes_inv_cipher', 'seed': 123, 'variant': 'random', 'draw_index': 0, 'source': 'AR 1.0 + uniform legal placement, numpy.default_rng([123, 3, 0]), circuit_index = position in the new-six list'} True 42.22
Baked architecture → /home/digital-2/workspace/rl_gnn/vanilla_rl/temp_arch_23e22981.xml
  Size   : 34x34
  DSPs   : []
  BRAMs  : [(11, 8), (3, 19), (14, 25), (20, 2)]
  Constraints → /home/digital-2/workspace/rl_gnn/vanilla_rl/temp_constraints_23e22981.xml
done G2 {'circuit': 'aes_inv_cipher', 'seed': 123, 'variant': 'random', 'draw_index': 1, 'source': 'AR 1.0 + uniform legal placement, numpy.default_rng([123, 3, 1]), circuit_index = position in the new-six list'} True 44.26
Baked architecture → /home/digital-2/workspace/rl_gnn/vanilla_rl/temp_arch_b49439d8.xml
  Size   : 19x19
  DSPs   : [(13, 14)]
  BRAMs  : [(1, 9)]
  Constraints → /home/digital-2/workspace/rl_gnn/vanilla_rl/temp_constraints_b49439d8.xml
done G2 {'circuit': '8051', 'seed': 7, 'variant': 'policy', 'draw_index': 0, 'source': 'step 0 forced to 1.0; policy places H-blocks deterministically'} True 13.71
Baked architecture → /home/digital-2/workspace/rl_gnn/vanilla_rl/temp_arch_3354c488.xml
  Size   : 19x19
  DSPs   : [(4, 6)]
  BRAMs  : [(10, 1)]
  Constraints → /home/digital-2/workspace/rl_gnn/vanilla_rl/temp_constraints_3354c488.xml
done G2 {'circuit': '8051', 'seed': 7, 'variant': 'random', 'draw_index': 0, 'source': 'AR 1.0 + uniform legal placement, numpy.default_rng([7, 4, 0]), circuit_index = position in the new-six list'} True 12.66
Baked architecture → /home/digital-2/workspace/rl_gnn/vanilla_rl/temp_arch_392ba059.xml
  Size   : 19x19
  DSPs   : [(9, 2)]
  BRAMs  : [(17, 5)]
  Constraints → /home/digital-2/workspace/rl_gnn/vanilla_rl/temp_constraints_392ba059.xml
done G2 {'circuit': 'aes_inv_cipher', 'seed': 123, 'variant': 'random', 'draw_index': 2, 'source': 'AR 1.0 + uniform legal placement, numpy.default_rng([123, 3, 2]), circuit_index = position in the new-six list'} True 43.56
Baked architecture → /home/digital-2/workspace/rl_gnn/vanilla_rl/temp_arch_07dc7626.xml
  Size   : 19x19
  DSPs   : [(13, 9)]
  BRAMs  : [(17, 8)]
  Constraints → /home/digital-2/workspace/rl_gnn/vanilla_rl/temp_constraints_07dc7626.xml
done G2 {'circuit': '8051', 'seed': 7, 'variant': 'random', 'draw_index': 1, 'source': 'AR 1.0 + uniform legal placement, numpy.default_rng([7, 4, 1]), circuit_index = position in the new-six list'} True 13.47
Baked architecture → /home/digital-2/workspace/rl_gnn/vanilla_rl/temp_arch_1f121919.xml
  Size   : 19x19
  DSPs   : [(11, 4)]
  BRAMs  : [(2, 9)]
  Constraints → /home/digital-2/workspace/rl_gnn/vanilla_rl/temp_constraints_1f121919.xml
done G2 {'circuit': '8051', 'seed': 42, 'variant': 'policy', 'draw_index': 0, 'source': 'step 0 forced to 1.0; policy places H-blocks deterministically'} True 12.9
Baked architecture → /home/digital-2/workspace/rl_gnn/vanilla_rl/temp_arch_d36f237b.xml
  Size   : 19x19
  DSPs   : [(13, 13)]
  BRAMs  : [(7, 10)]
  Constraints → /home/digital-2/workspace/rl_gnn/vanilla_rl/temp_constraints_d36f237b.xml
done G2 {'circuit': '8051', 'seed': 7, 'variant': 'random', 'draw_index': 2, 'source': 'AR 1.0 + uniform legal placement, numpy.default_rng([7, 4, 2]), circuit_index = position in the new-six list'} True 13.97
Baked architecture → /home/digital-2/workspace/rl_gnn/vanilla_rl/temp_arch_1a4e1441.xml
  Size   : 19x19
  DSPs   : [(15, 7)]
  BRAMs  : [(9, 8)]
  Constraints → /home/digital-2/workspace/rl_gnn/vanilla_rl/temp_constraints_1a4e1441.xml
done G2 {'circuit': '8051', 'seed': 42, 'variant': 'random', 'draw_index': 1, 'source': 'AR 1.0 + uniform legal placement, numpy.default_rng([42, 4, 1]), circuit_index = position in the new-six list'} True 12.95
Baked architecture → /home/digital-2/workspace/rl_gnn/vanilla_rl/temp_arch_c3e83d6d.xml
  Size   : 19x19
  DSPs   : [(9, 1)]
  BRAMs  : [(3, 9)]
  Constraints → /home/digital-2/workspace/rl_gnn/vanilla_rl/temp_constraints_c3e83d6d.xml
done G2 {'circuit': '8051', 'seed': 42, 'variant': 'random', 'draw_index': 0, 'source': 'AR 1.0 + uniform legal placement, numpy.default_rng([42, 4, 0]), circuit_index = position in the new-six list'} True 13.65
Baked architecture → /home/digital-2/workspace/rl_gnn/vanilla_rl/temp_arch_68b2a71c.xml
  Size   : 19x19
  DSPs   : [(14, 14)]
  BRAMs  : [(1, 9)]
  Constraints → /home/digital-2/workspace/rl_gnn/vanilla_rl/temp_constraints_68b2a71c.xml
done G2 {'circuit': '8051', 'seed': 42, 'variant': 'random', 'draw_index': 2, 'source': 'AR 1.0 + uniform legal placement, numpy.default_rng([42, 4, 2]), circuit_index = position in the new-six list'} True 12.76
Baked architecture → /home/digital-2/workspace/rl_gnn/vanilla_rl/temp_arch_05e19c38.xml
  Size   : 19x19
  DSPs   : [(3, 12)]
  BRAMs  : [(15, 4)]
  Constraints → /home/digital-2/workspace/rl_gnn/vanilla_rl/temp_constraints_05e19c38.xml
done G2 {'circuit': '8051', 'seed': 123, 'variant': 'policy', 'draw_index': 0, 'source': 'step 0 forced to 1.0; policy places H-blocks deterministically'} True 13.42
Baked architecture → /home/digital-2/workspace/rl_gnn/vanilla_rl/temp_arch_51056d9c.xml
  Size   : 19x19
  DSPs   : [(3, 13)]
  BRAMs  : [(17, 1)]
  Constraints → /home/digital-2/workspace/rl_gnn/vanilla_rl/temp_constraints_51056d9c.xml
done G2 {'circuit': '8051', 'seed': 123, 'variant': 'random', 'draw_index': 0, 'source': 'AR 1.0 + uniform legal placement, numpy.default_rng([123, 4, 0]), circuit_index = position in the new-six list'} True 12.67
Baked architecture → /home/digital-2/workspace/rl_gnn/vanilla_rl/temp_arch_a3c39655.xml
  Size   : 19x19
  DSPs   : [(14, 10)]
  BRAMs  : [(12, 2)]
  Constraints → /home/digital-2/workspace/rl_gnn/vanilla_rl/temp_constraints_a3c39655.xml
done G2 {'circuit': '8051', 'seed': 123, 'variant': 'random', 'draw_index': 1, 'source': 'AR 1.0 + uniform legal placement, numpy.default_rng([123, 4, 1]), circuit_index = position in the new-six list'} True 12.77
Baked architecture → /home/digital-2/workspace/rl_gnn/vanilla_rl/temp_arch_111ea6ba.xml
  Size   : 40x40
  DSPs   : [(19, 12), (17, 15), (1, 9), (14, 14), (7, 16), (15, 11), (13, 14), (7, 11), (11, 17), (10, 14), (19, 8), (22, 17), (2, 18), (9, 18), (18, 19), (12, 5), (21, 6), (10, 9), (15, 7), (17, 1), (7, 5), (22, 5), (13, 3), (6, 18), (9, 4), (12, 14), (18, 14), (4, 12), (20, 4), (5, 15), (3, 2), (2, 7), (23, 18), (10, 19), (22, 10), (4, 6), (12, 1), (16, 11), (14, 19), (13, 8), (8, 18), (10, 5), (24, 13), (19, 4)]
  BRAMs  : []
  Constraints → /home/digital-2/workspace/rl_gnn/vanilla_rl/temp_constraints_111ea6ba.xml
done G2 {'circuit': '8051', 'seed': 123, 'variant': 'random', 'draw_index': 2, 'source': 'AR 1.0 + uniform legal placement, numpy.default_rng([123, 4, 2]), circuit_index = position in the new-six list'} True 12.92
Baked architecture → /home/digital-2/workspace/rl_gnn/vanilla_rl/temp_arch_d43261e9.xml
  Size   : 40x40
  DSPs   : [(22, 9), (1, 26), (38, 28), (26, 12), (10, 1), (20, 13), (31, 18), (18, 7), (21, 1), (16, 9), (19, 14), (26, 18), (5, 22), (23, 20), (33, 9), (11, 33), (30, 8), (20, 21), (15, 33), (9, 34), (33, 14), (36, 1), (36, 6), (35, 31), (24, 13), (28, 23), (31, 10), (29, 11), (7, 7), (32, 6), (14, 3), (34, 21), (3, 19), (37, 15), (9, 11), (24, 8), (18, 14), (30, 28), (27, 26), (11, 23), (30, 19), (13, 29), (5, 32), (3, 14)]
  BRAMs  : []
  Constraints → /home/digital-2/workspace/rl_gnn/vanilla_rl/temp_constraints_d43261e9.xml
done G2 {'circuit': 'stereovision1', 'seed': 7, 'variant': 'policy', 'draw_index': 0, 'source': 'step 0 forced to 1.0; policy places H-blocks deterministically'} True 61.98
Baked architecture → /home/digital-2/workspace/rl_gnn/vanilla_rl/temp_arch_ddb839fd.xml
  Size   : 40x40
  DSPs   : [(38, 33), (5, 24), (34, 23), (37, 13), (13, 17), (35, 33), (2, 29), (29, 19), (14, 7), (5, 2), (6, 3), (12, 7), (15, 15), (15, 25), (30, 7), (32, 9), (33, 15), (12, 12), (1, 24), (27, 34), (20, 10), (24, 16), (22, 34), (33, 23), (3, 7), (2, 5), (15, 35), (24, 20), (20, 21), (31, 30), (11, 24), (7, 5), (16, 30), (38, 19), (34, 4), (8, 8), (18, 23), (6, 34), (29, 33), (11, 30), (8, 21), (20, 25), (34, 9), (18, 11)]
  BRAMs  : []
  Constraints → /home/digital-2/workspace/rl_gnn/vanilla_rl/temp_constraints_ddb839fd.xml
done G2 {'circuit': 'stereovision1', 'seed': 7, 'variant': 'random', 'draw_index': 0, 'source': 'AR 1.0 + uniform legal placement, numpy.default_rng([7, 5, 0]), circuit_index = position in the new-six list'} True 76.26
Baked architecture → /home/digital-2/workspace/rl_gnn/vanilla_rl/temp_arch_3c289965.xml
  Size   : 40x40
  DSPs   : [(6, 20), (27, 14), (16, 34), (33, 14), (37, 16), (27, 20), (10, 29), (16, 13), (21, 22), (1, 19), (38, 13), (8, 28), (27, 5), (1, 14), (20, 7), (1, 5), (15, 31), (31, 11), (17, 19), (29, 35), (35, 14), (14, 23), (18, 11), (28, 23), (22, 24), (28, 34), (30, 1), (23, 5), (37, 35), (13, 9), (12, 29), (18, 17), (36, 1), (13, 15), (28, 2), (7, 23), (4, 22), (34, 31), (27, 24), (14, 33), (26, 31), (4, 26), (25, 2), (20, 1)]
  BRAMs  : []
  Constraints → /home/digital-2/workspace/rl_gnn/vanilla_rl/temp_constraints_3c289965.xml
done G2 {'circuit': 'stereovision1', 'seed': 7, 'variant': 'random', 'draw_index': 1, 'source': 'AR 1.0 + uniform legal placement, numpy.default_rng([7, 5, 1]), circuit_index = position in the new-six list'} True 98.69
Baked architecture → /home/digital-2/workspace/rl_gnn/vanilla_rl/temp_arch_d5623c6b.xml
  Size   : 40x40
  DSPs   : [(2, 9), (11, 4), (13, 7), (12, 4), (8, 14), (14, 8), (7, 14), (10, 2), (14, 3), (2, 18), (21, 16), (1, 3), (3, 8), (5, 17), (19, 6), (15, 14), (2, 14), (9, 6), (10, 16), (12, 17), (16, 18), (19, 10), (17, 19), (6, 2), (20, 16), (9, 11), (2, 2), (8, 4), (21, 12), (20, 3), (6, 14), (13, 3), (7, 4), (5, 1), (18, 15), (8, 19), (15, 19), (4, 2), (5, 10), (3, 14), (7, 22), (10, 7), (11, 17), (6, 18)]
  BRAMs  : []
  Constraints → /home/digital-2/workspace/rl_gnn/vanilla_rl/temp_constraints_d5623c6b.xml
done G2 {'circuit': 'stereovision1', 'seed': 7, 'variant': 'random', 'draw_index': 2, 'source': 'AR 1.0 + uniform legal placement, numpy.default_rng([7, 5, 2]), circuit_index = position in the new-six list'} True 74.26
Baked architecture → /home/digital-2/workspace/rl_gnn/vanilla_rl/temp_arch_32f915d3.xml
  Size   : 40x40
  DSPs   : [(10, 33), (7, 22), (23, 30), (38, 7), (27, 32), (3, 4), (4, 32), (7, 31), (19, 6), (29, 5), (28, 11), (9, 3), (14, 13), (16, 5), (1, 14), (28, 27), (20, 5), (11, 29), (7, 26), (18, 25), (14, 22), (10, 10), (26, 8), (27, 26), (13, 15), (2, 27), (29, 24), (36, 4), (10, 21), (30, 9), (32, 19), (18, 32), (19, 19), (19, 2), (23, 18), (15, 15), (17, 21), (22, 26), (19, 33), (1, 19), (10, 15), (18, 15), (32, 24), (31, 34)]
  BRAMs  : []
  Constraints → /home/digital-2/workspace/rl_gnn/vanilla_rl/temp_constraints_32f915d3.xml
done G2 {'circuit': 'stereovision1', 'seed': 42, 'variant': 'random', 'draw_index': 0, 'source': 'AR 1.0 + uniform legal placement, numpy.default_rng([42, 5, 0]), circuit_index = position in the new-six list'} True 65.03
Baked architecture → /home/digital-2/workspace/rl_gnn/vanilla_rl/temp_arch_cad4bb17.xml
  Size   : 40x40
  DSPs   : [(30, 24), (13, 33), (37, 7), (1, 29), (15, 18), (17, 23), (21, 6), (16, 34), (28, 27), (19, 24), (13, 27), (36, 31), (29, 34), (2, 10), (6, 20), (17, 13), (23, 19), (12, 33), (3, 7), (11, 19), (25, 28), (5, 3), (4, 34), (1, 12), (25, 21), (2, 5), (14, 20), (27, 32), (20, 7), (6, 2), (34, 31), (4, 28), (7, 8), (30, 33), (9, 1), (22, 16), (8, 16), (26, 10), (22, 35), (14, 34), (8, 35), (34, 4), (36, 11), (24, 14)]
  BRAMs  : []
  Constraints → /home/digital-2/workspace/rl_gnn/vanilla_rl/temp_constraints_cad4bb17.xml
done G2 {'circuit': 'stereovision1', 'seed': 42, 'variant': 'policy', 'draw_index': 0, 'source': 'step 0 forced to 1.0; policy places H-blocks deterministically'} True 73.72
Baked architecture → /home/digital-2/workspace/rl_gnn/vanilla_rl/temp_arch_d96fa096.xml
  Size   : 40x40
  DSPs   : [(8, 28), (19, 26), (15, 13), (33, 33), (18, 5), (6, 4), (20, 17), (15, 2), (30, 14), (13, 5), (21, 9), (28, 12), (37, 14), (14, 8), (20, 34), (15, 17), (8, 7), (31, 7), (3, 19), (15, 34), (1, 11), (11, 29), (35, 9), (19, 32), (24, 3), (11, 34), (17, 22), (32, 24), (12, 25), (16, 7), (34, 30), (36, 12), (29, 13), (34, 1), (24, 8), (18, 18), (2, 5), (1, 3), (36, 25), (23, 14), (4, 6), (38, 11), (24, 23), (2, 19)]
  BRAMs  : []
  Constraints → /home/digital-2/workspace/rl_gnn/vanilla_rl/temp_constraints_d96fa096.xml
done G2 {'circuit': 'stereovision1', 'seed': 42, 'variant': 'random', 'draw_index': 1, 'source': 'AR 1.0 + uniform legal placement, numpy.default_rng([42, 5, 1]), circuit_index = position in the new-six list'} True 63.9
Baked architecture → /home/digital-2/workspace/rl_gnn/vanilla_rl/temp_arch_fe0b12ac.xml
  Size   : 40x40
  DSPs   : [(18, 13), (18, 2), (1, 11), (18, 7), (12, 5), (14, 11), (13, 2), (3, 10), (11, 4), (1, 4), (11, 10), (9, 10), (10, 9), (12, 10), (13, 9), (7, 16), (2, 10), (9, 15), (15, 12), (15, 5), (1, 18), (12, 19), (14, 3), (17, 13), (9, 3), (8, 13), (4, 1), (11, 17), (16, 3), (5, 11), (19, 16), (13, 14), (4, 12), (12, 1), (17, 6), (21, 2), (10, 14), (21, 7), (16, 11), (6, 9), (10, 3), (7, 12), (17, 1), (3, 18)]
  BRAMs  : []
  Constraints → /home/digital-2/workspace/rl_gnn/vanilla_rl/temp_constraints_fe0b12ac.xml
done G2 {'circuit': 'stereovision1', 'seed': 42, 'variant': 'random', 'draw_index': 2, 'source': 'AR 1.0 + uniform legal placement, numpy.default_rng([42, 5, 2]), circuit_index = position in the new-six list'} True 58.87
Baked architecture → /home/digital-2/workspace/rl_gnn/vanilla_rl/temp_arch_62551236.xml
  Size   : 40x40
  DSPs   : [(23, 13), (21, 8), (19, 29), (15, 21), (22, 26), (10, 11), (32, 4), (18, 11), (11, 4), (32, 24), (33, 1), (4, 35), (28, 26), (17, 17), (23, 22), (36, 9), (25, 23), (8, 10), (27, 8), (10, 19), (25, 16), (12, 4), (38, 19), (4, 4), (3, 20), (12, 16), (34, 21), (34, 34), (34, 14), (3, 5), (18, 33), (28, 10), (19, 25), (37, 4), (13, 20), (6, 34), (38, 4), (21, 16), (23, 2), (7, 13), (33, 32), (7, 19), (4, 20), (3, 28)]
  BRAMs  : []
  Constraints → /home/digital-2/workspace/rl_gnn/vanilla_rl/temp_constraints_62551236.xml
done G2 {'circuit': 'stereovision1', 'seed': 123, 'variant': 'random', 'draw_index': 0, 'source': 'AR 1.0 + uniform legal placement, numpy.default_rng([123, 5, 0]), circuit_index = position in the new-six list'} True 63.9
Baked architecture → /home/digital-2/workspace/rl_gnn/vanilla_rl/temp_arch_d6bf2afb.xml
  Size   : 40x40
  DSPs   : [(23, 11), (9, 24), (9, 32), (29, 8), (11, 15), (31, 11), (22, 26), (35, 6), (31, 28), (14, 5), (16, 18), (30, 6), (20, 2), (32, 19), (36, 3), (35, 17), (17, 3), (29, 20), (35, 29), (5, 33), (37, 7), (13, 27), (30, 17), (33, 9), (22, 3), (4, 34), (16, 35), (15, 32), (18, 29), (9, 16), (38, 2), (32, 30), (24, 9), (23, 32), (3, 4), (28, 13), (9, 8), (8, 1), (24, 2), (33, 15), (28, 19), (2, 8), (3, 13), (1, 24)]
  BRAMs  : []
  Constraints → /home/digital-2/workspace/rl_gnn/vanilla_rl/temp_constraints_d6bf2afb.xml
done G2 {'circuit': 'stereovision1', 'seed': 123, 'variant': 'policy', 'draw_index': 0, 'source': 'step 0 forced to 1.0; policy places H-blocks deterministically'} True 68.81
Baked architecture → /home/digital-2/workspace/rl_gnn/vanilla_rl/temp_arch_9b53e0fc.xml
  Size   : 40x40
  DSPs   : [(25, 33), (35, 2), (35, 24), (17, 25), (10, 5), (13, 7), (38, 28), (38, 1), (24, 29), (2, 22), (16, 28), (7, 30), (19, 24), (28, 9), (2, 13), (36, 12), (29, 32), (20, 31), (18, 5), (16, 19), (6, 31), (21, 27), (11, 21), (36, 34), (10, 14), (34, 20), (28, 13), (22, 28), (37, 7), (3, 31), (12, 35), (23, 14), (19, 10), (28, 3), (2, 8), (6, 35), (31, 31), (21, 2), (36, 17), (11, 31), (25, 27), (30, 29), (9, 11), (13, 20)]
  BRAMs  : []
  Constraints → /home/digital-2/workspace/rl_gnn/vanilla_rl/temp_constraints_9b53e0fc.xml
done G2 {'circuit': 'stereovision1', 'seed': 123, 'variant': 'random', 'draw_index': 2, 'source': 'AR 1.0 + uniform legal placement, numpy.default_rng([123, 5, 2]), circuit_index = position in the new-six list'} True 89.45
done G2 {'circuit': 'stereovision1', 'seed': 123, 'variant': 'random', 'draw_index': 1, 'source': 'AR 1.0 + uniform legal placement, numpy.default_rng([123, 5, 1]), circuit_index = position in the new-six list'} True 100.85
