Wrapping the env with a `Monitor` wrapper
Wrapping the env in a DummyVecEnv.
custom_macbuf        s7    policy_ar_action=7 (=0.8)  ar1.0_action=9
Wrapping the env with a `Monitor` wrapper
Wrapping the env in a DummyVecEnv.
mkDelayWorker32B     s7    policy_ar_action=8 (=0.9)  ar1.0_action=9
Wrapping the env with a `Monitor` wrapper
Wrapping the env in a DummyVecEnv.
lightweight_cipher   s7    policy_ar_action=7 (=0.8)  ar1.0_action=9
Wrapping the env with a `Monitor` wrapper
Wrapping the env in a DummyVecEnv.
reduction_layer      s7    policy_ar_action=8 (=0.9)  ar1.0_action=9
Wrapping the env with a `Monitor` wrapper
Wrapping the env in a DummyVecEnv.
arm_core             s7    policy_ar_action=8 (=0.9)  ar1.0_action=9
Wrapping the env with a `Monitor` wrapper
Wrapping the env in a DummyVecEnv.
softmax              s7    policy_ar_action=8 (=0.9)  ar1.0_action=9
Wrapping the env with a `Monitor` wrapper
Wrapping the env in a DummyVecEnv.
custom_macbuf        s42   policy_ar_action=7 (=0.8)  ar1.0_action=9
Wrapping the env with a `Monitor` wrapper
Wrapping the env in a DummyVecEnv.
mkDelayWorker32B     s42   policy_ar_action=8 (=0.9)  ar1.0_action=9
Wrapping the env with a `Monitor` wrapper
Wrapping the env in a DummyVecEnv.
lightweight_cipher   s42   policy_ar_action=8 (=0.9)  ar1.0_action=9
Wrapping the env with a `Monitor` wrapper
Wrapping the env in a DummyVecEnv.
reduction_layer      s42   policy_ar_action=8 (=0.9)  ar1.0_action=9
Wrapping the env with a `Monitor` wrapper
Wrapping the env in a DummyVecEnv.
arm_core             s42   policy_ar_action=8 (=0.9)  ar1.0_action=9
Wrapping the env with a `Monitor` wrapper
Wrapping the env in a DummyVecEnv.
softmax              s42   policy_ar_action=8 (=0.9)  ar1.0_action=9
Wrapping the env with a `Monitor` wrapper
Wrapping the env in a DummyVecEnv.
custom_macbuf        s123  policy_ar_action=7 (=0.8)  ar1.0_action=9
Wrapping the env with a `Monitor` wrapper
Wrapping the env in a DummyVecEnv.
mkDelayWorker32B     s123  policy_ar_action=8 (=0.9)  ar1.0_action=9
Wrapping the env with a `Monitor` wrapper
Wrapping the env in a DummyVecEnv.
lightweight_cipher   s123  policy_ar_action=7 (=0.8)  ar1.0_action=9
Wrapping the env with a `Monitor` wrapper
Wrapping the env in a DummyVecEnv.
reduction_layer      s123  policy_ar_action=8 (=0.9)  ar1.0_action=9
Wrapping the env with a `Monitor` wrapper
Wrapping the env in a DummyVecEnv.
arm_core             s123  policy_ar_action=8 (=0.9)  ar1.0_action=9
Wrapping the env with a `Monitor` wrapper
Wrapping the env in a DummyVecEnv.
softmax              s123  policy_ar_action=8 (=0.9)  ar1.0_action=9
wrote /home/digital-2/workspace/rl_gnn/vanilla_rl/data_export2/logs/e2_actions.json
