F4: 18 jobs
Baked architecture → /home/digital-2/workspace/rl_gnn/vanilla_rl/temp_arch_f4_71b1d86d.xml
  Size   : 14x14
  DSPs   : [(2, 3), (6, 3), (3, 4)]
  BRAMs  : [(5, 4)]
Baked architecture → /home/digital-2/workspace/rl_gnn/vanilla_rl/temp_arch_f4_c4647721.xml
  Size   : 14x14
  DSPs   : [(5, 4), (1, 8), (2, 3)]
  BRAMs  : [(6, 4)]
Baked architecture → /home/digital-2/workspace/rl_gnn/vanilla_rl/temp_arch_f4_2660e47f.xml
  Size   : 14x14
  DSPs   : []
  BRAMs  : [(6, 4), (2, 3), (5, 4)]
Baked architecture → /home/digital-2/workspace/rl_gnn/vanilla_rl/temp_arch_f4_aabc5fc0.xml
  Size   : 14x14
  DSPs   : []
  BRAMs  : [(2, 2), (6, 2), (7, 2)]
Baked architecture → /home/digital-2/workspace/rl_gnn/vanilla_rl/temp_arch_f4_11447c8d.xml
  Size   : 14x14
  DSPs   : [(3, 6), (2, 6), (6, 4)]
  BRAMs  : [(7, 2)]
Baked architecture → /home/digital-2/workspace/rl_gnn/vanilla_rl/temp_arch_f4_1fe494fe.xml
  Size   : 14x14
  DSPs   : []
  BRAMs  : [(6, 3), (3, 4), (5, 4)]
Baked architecture → /home/digital-2/workspace/rl_gnn/vanilla_rl/temp_arch_f4_0934572b.xml
  Size   : 50x50
  DSPs   : []
  BRAMs  : [(19, 12), (17, 15), (1, 9), (14, 14), (7, 16), (15, 11), (13, 14), (11, 17), (10, 14), (7, 10), (22, 17), (2, 18), (18, 19), (9, 18), (21, 6), (12, 5), (17, 1), (22, 5), (13, 3), (6, 18), (9, 4), (12, 14), (4, 12), (5, 15), (20, 4), (3, 2), (2, 7), (23, 18), (4, 6), (16, 11), (8, 18), (10, 5), (24, 13), (19, 4), (9, 11), (16, 5), (6, 2), (23, 6), (8, 11), (7, 4), (16, 20), (11, 7), (18, 3)]
done F4 {'circuit': 'custom_macbuf', 'seed': 123, 'variant': 'unpinned', 'source': "data_export3/tools/f4.py; same baked arch as the policy's deterministic floorplan, VPR constraints file omitted"} True 1.9
Baked architecture → /home/digital-2/workspace/rl_gnn/vanilla_rl/temp_arch_f4_292c6f19.xml
  Size   : 50x50
  DSPs   : []
  BRAMs  : [(2, 9), (11, 4), (13, 7), (12, 4), (8, 14), (14, 8), (10, 2), (7, 14), (2, 18), (21, 16), (1, 3), (3, 8), (5, 17), (19, 6), (15, 14), (9, 6), (10, 16), (12, 17), (16, 18), (17, 19), (19, 12), (6, 2), (20, 16), (2, 2), (8, 4), (20, 3), (14, 1), (6, 14), (7, 4), (18, 15), (5, 1), (5, 10), (4, 2), (3, 14), (13, 1), (7, 22), (11, 17), (22, 8), (4, 17), (4, 10), (21, 10), (14, 19), (10, 10)]
done F4 {'circuit': 'custom_macbuf', 'seed': 42, 'variant': 'unpinned', 'source': "data_export3/tools/f4.py; same baked arch as the policy's deterministic floorplan, VPR constraints file omitted"} True 1.99
Baked architecture → /home/digital-2/workspace/rl_gnn/vanilla_rl/temp_arch_f4_301deb3b.xml
  Size   : 50x50
  DSPs   : []
  BRAMs  : [(18, 2), (18, 13), (12, 5), (1, 9), (7, 16), (11, 4), (13, 2), (9, 15), (12, 19), (11, 17), (3, 10), (13, 9), (21, 7), (10, 9), (19, 16), (11, 10), (2, 10), (14, 11), (9, 3), (15, 5), (8, 13), (19, 9), (9, 9), (15, 12), (5, 12), (6, 16), (8, 4), (17, 13), (6, 9), (16, 6), (14, 3), (3, 18), (20, 19), (4, 10), (21, 17), (23, 15), (5, 5), (10, 3), (17, 1), (12, 11), (22, 15), (20, 10), (20, 4)]
done F4 {'circuit': 'custom_macbuf', 'seed': 7, 'variant': 'unpinned', 'source': "data_export3/tools/f4.py; same baked arch as the policy's deterministic floorplan, VPR constraints file omitted"} True 2.38
done F4 {'circuit': 'lightweight_cipher', 'seed': 7, 'variant': 'unpinned', 'source': "data_export3/tools/f4.py; same baked arch as the policy's deterministic floorplan, VPR constraints file omitted"} True 2.38
done F4 {'circuit': 'lightweight_cipher', 'seed': 42, 'variant': 'unpinned', 'source': "data_export3/tools/f4.py; same baked arch as the policy's deterministic floorplan, VPR constraints file omitted"} True 3.09
done F4 {'circuit': 'lightweight_cipher', 'seed': 123, 'variant': 'unpinned', 'source': "data_export3/tools/f4.py; same baked arch as the policy's deterministic floorplan, VPR constraints file omitted"} True 2.41
Baked architecture → /home/digital-2/workspace/rl_gnn/vanilla_rl/temp_arch_f4_aa5e3298.xml
  Size   : 37x37
  DSPs   : []
  BRAMs  : [(19, 12), (17, 15), (1, 9), (14, 14), (13, 14), (7, 16), (15, 11), (10, 14), (11, 17), (7, 10), (2, 18), (22, 17), (9, 18), (21, 6), (18, 19), (6, 18), (12, 5), (22, 5), (13, 3), (17, 1), (9, 4), (12, 14), (5, 15), (4, 12)]
Baked architecture → /home/digital-2/workspace/rl_gnn/vanilla_rl/temp_arch_f4_05e83765.xml
  Size   : 44x44
  DSPs   : []
  BRAMs  : [(2, 9), (11, 4), (13, 7), (12, 4), (8, 14), (14, 8), (10, 2), (7, 14), (2, 18), (21, 16), (3, 8), (1, 3), (5, 17), (19, 6), (15, 14), (10, 16), (9, 6), (12, 17), (16, 18), (17, 19), (6, 2), (19, 12), (20, 16), (2, 2), (8, 4), (20, 3), (14, 1), (7, 4), (6, 14), (18, 15), (5, 1), (4, 2)]
Baked architecture → /home/digital-2/workspace/rl_gnn/vanilla_rl/temp_arch_f4_716c9b21.xml
  Size   : 44x44
  DSPs   : []
  BRAMs  : [(18, 2), (12, 5), (1, 9), (18, 13), (7, 16), (9, 15), (12, 19), (11, 17), (11, 4), (21, 7), (19, 16), (13, 2), (13, 9), (10, 14), (2, 10), (3, 10), (5, 17), (11, 10), (19, 9), (9, 3), (8, 4), (15, 5), (8, 13), (6, 16), (20, 19), (15, 11), (6, 9), (9, 9), (3, 18), (21, 17), (5, 5), (14, 11)]
Baked architecture → /home/digital-2/workspace/rl_gnn/vanilla_rl/temp_arch_f4_0aad8d69.xml
  Size   : 37x37
  DSPs   : []
  BRAMs  : [(2, 9), (11, 4), (13, 7), (8, 14), (12, 4), (14, 8), (7, 14), (10, 2), (2, 18), (21, 16), (3, 8), (1, 3), (5, 17), (19, 6), (15, 14), (10, 16), (12, 17), (9, 6), (16, 18), (17, 19), (6, 2), (19, 12), (20, 16), (2, 2)]
Baked architecture → /home/digital-2/workspace/rl_gnn/vanilla_rl/temp_arch_f4_2641d645.xml
  Size   : 37x37
  DSPs   : []
  BRAMs  : [(18, 2), (1, 9), (12, 5), (7, 16), (9, 15), (12, 19), (21, 7), (11, 17), (18, 13), (19, 16), (11, 4), (10, 14), (13, 2), (5, 17), (13, 9), (3, 15), (8, 4), (2, 10), (19, 9), (20, 19), (8, 18), (6, 16), (14, 15), (9, 3)]
Baked architecture → /home/digital-2/workspace/rl_gnn/vanilla_rl/temp_arch_f4_96476032.xml
  Size   : 44x44
  DSPs   : []
  BRAMs  : [(19, 12), (17, 15), (1, 9), (14, 14), (7, 16), (13, 14), (15, 11), (10, 14), (11, 17), (7, 10), (2, 18), (22, 17), (9, 18), (21, 6), (18, 19), (12, 5), (6, 18), (22, 5), (13, 3), (17, 1), (9, 4), (12, 14), (5, 15), (4, 12), (3, 2), (20, 4), (23, 18), (2, 7), (4, 5), (16, 11), (8, 18), (6, 2)]
Baked architecture → /home/digital-2/workspace/rl_gnn/vanilla_rl/temp_arch_f4_f1ae3e4e.xml
  Size   : 43x43
  DSPs   : [(19, 12), (17, 15), (1, 9), (7, 16), (14, 14), (15, 11), (13, 14), (7, 11)]
  BRAMs  : []
Baked architecture → /home/digital-2/workspace/rl_gnn/vanilla_rl/temp_arch_f4_29ab3870.xml
  Size   : 43x43
  DSPs   : [(18, 2), (18, 13), (1, 11), (18, 7), (12, 5), (14, 11), (13, 2), (11, 4)]
  BRAMs  : []
Baked architecture → /home/digital-2/workspace/rl_gnn/vanilla_rl/temp_arch_f4_4c0edba4.xml
  Size   : 43x43
  DSPs   : [(2, 9), (11, 4), (13, 7), (12, 4), (8, 14), (14, 8), (7, 14), (10, 2)]
  BRAMs  : []
done F4 {'circuit': 'mkDelayWorker32B', 'seed': 7, 'variant': 'unpinned', 'source': "data_export3/tools/f4.py; same baked arch as the policy's deterministic floorplan, VPR constraints file omitted"} True 19.23
done F4 {'circuit': 'mkDelayWorker32B', 'seed': 123, 'variant': 'unpinned', 'source': "data_export3/tools/f4.py; same baked arch as the policy's deterministic floorplan, VPR constraints file omitted"} True 23.85
done F4 {'circuit': 'mkDelayWorker32B', 'seed': 42, 'variant': 'unpinned', 'source': "data_export3/tools/f4.py; same baked arch as the policy's deterministic floorplan, VPR constraints file omitted"} True 32.58
done F4 {'circuit': 'arm_core', 'seed': 42, 'variant': 'unpinned', 'source': "data_export3/tools/f4.py; same baked arch as the policy's deterministic floorplan, VPR constraints file omitted"} True 125.69
done F4 {'circuit': 'reduction_layer', 'seed': 123, 'variant': 'unpinned', 'source': "data_export3/tools/f4.py; same baked arch as the policy's deterministic floorplan, VPR constraints file omitted"} True 128.1
done F4 {'circuit': 'reduction_layer', 'seed': 7, 'variant': 'unpinned', 'source': "data_export3/tools/f4.py; same baked arch as the policy's deterministic floorplan, VPR constraints file omitted"} True 133.89
done F4 {'circuit': 'arm_core', 'seed': 123, 'variant': 'unpinned', 'source': "data_export3/tools/f4.py; same baked arch as the policy's deterministic floorplan, VPR constraints file omitted"} True 134.91
done F4 {'circuit': 'reduction_layer', 'seed': 42, 'variant': 'unpinned', 'source': "data_export3/tools/f4.py; same baked arch as the policy's deterministic floorplan, VPR constraints file omitted"} True 139.75
done F4 {'circuit': 'arm_core', 'seed': 7, 'variant': 'unpinned', 'source': "data_export3/tools/f4.py; same baked arch as the policy's deterministic floorplan, VPR constraints file omitted"} True 140.55
done F4 {'circuit': 'softmax', 'seed': 123, 'variant': 'unpinned', 'source': "data_export3/tools/f4.py; same baked arch as the policy's deterministic floorplan, VPR constraints file omitted"} True 170.45
done F4 {'circuit': 'softmax', 'seed': 42, 'variant': 'unpinned', 'source': "data_export3/tools/f4.py; same baked arch as the policy's deterministic floorplan, VPR constraints file omitted"} True 170.94
done F4 {'circuit': 'softmax', 'seed': 7, 'variant': 'unpinned', 'source': "data_export3/tools/f4.py; same baked arch as the policy's deterministic floorplan, VPR constraints file omitted"} True 172.29
