C2: 340 jobs
Baked architecture → /home/digital-2/workspace/rl_gnn/vanilla_rl/temp_arch_dx_53a65dd5.xml
  Size   : 8x8
  DSPs   : []
  BRAMs  : [(2, 1)]
Baked architecture → /home/digital-2/workspace/rl_gnn/vanilla_rl/temp_arch_dx_83804e5e.xml
  Size   : 8x8
  DSPs   : []
  BRAMs  : [(2, 1)]
Baked architecture → /home/digital-2/workspace/rl_gnn/vanilla_rl/temp_arch_dx_40135147.xml
  Size   : 8x8
  DSPs   : []
  BRAMs  : [(2, 1)]
Baked architecture → /home/digital-2/workspace/rl_gnn/vanilla_rl/temp_arch_dx_7f675790.xml
  Size   : 8x8
  DSPs   : []
  BRAMs  : [(2, 1)]
Baked architecture → /home/digital-2/workspace/rl_gnn/vanilla_rl/temp_arch_dx_8b4e6955.xml
  Size   : 8x8
  DSPs   : []
  BRAMs  : [(2, 1)]
Baked architecture → /home/digital-2/workspace/rl_gnn/vanilla_rl/temp_arch_dx_48510a94.xml
  Size   : 8x8
  DSPs   : []
  BRAMs  : [(2, 1)]
Baked architecture → /home/digital-2/workspace/rl_gnn/vanilla_rl/temp_arch_dx_fed267d1.xml
  Size   : 8x8
  DSPs   : []
  BRAMs  : [(2, 1)]
Baked architecture → /home/digital-2/workspace/rl_gnn/vanilla_rl/temp_arch_dx_62ebf871.xml
  Size   : 8x8
  DSPs   : []
  BRAMs  : [(2, 1)]
Baked architecture → /home/digital-2/workspace/rl_gnn/vanilla_rl/temp_arch_dx_3c30e708.xml
  Size   : 8x8
  DSPs   : []
  BRAMs  : [(2, 1)]
Baked architecture → /home/digital-2/workspace/rl_gnn/vanilla_rl/temp_arch_dx_ffa5b97e.xml
  Size   : 8x8
  DSPs   : []
  BRAMs  : [(2, 1)]
Baked architecture → /home/digital-2/workspace/rl_gnn/vanilla_rl/temp_arch_dx_7478dcb4.xml
  Size   : 8x8
  DSPs   : []
  BRAMs  : [(2, 1)]
Baked architecture → /home/digital-2/workspace/rl_gnn/vanilla_rl/temp_arch_dx_0a25fa56.xml
  Size   : 8x8
  DSPs   : []
  BRAMs  : [(2, 1)]
Baked architecture → /home/digital-2/workspace/rl_gnn/vanilla_rl/temp_arch_dx_5cf06d8a.xml
  Size   : 8x8
  DSPs   : []
  BRAMs  : [(2, 1)]
Baked architecture → /home/digital-2/workspace/rl_gnn/vanilla_rl/temp_arch_dx_98e00295.xml
  Size   : 8x8
  DSPs   : []
  BRAMs  : [(2, 1)]
Baked architecture → /home/digital-2/workspace/rl_gnn/vanilla_rl/temp_arch_dx_ebd4107d.xml
  Size   : 8x8
  DSPs   : []
  BRAMs  : [(2, 1)]
Baked architecture → /home/digital-2/workspace/rl_gnn/vanilla_rl/temp_arch_dx_15b11373.xml
  Size   : 8x8
  DSPs   : []
  BRAMs  : [(2, 1)]
done fifo 0.5 True 0.64
Baked architecture → /home/digital-2/workspace/rl_gnn/vanilla_rl/temp_arch_dx_88975574.xml
  Size   : 8x8
  DSPs   : []
  BRAMs  : [(2, 1)]
done fifo 0.7 True 0.67
Baked architecture → /home/digital-2/workspace/rl_gnn/vanilla_rl/temp_arch_dx_636fb1e8.xml
  Size   : 8x8
  DSPs   : []
  BRAMs  : [(2, 1)]
done fifo 0.8 True 0.63
Baked architecture → /home/digital-2/workspace/rl_gnn/vanilla_rl/temp_arch_dx_e79c244e.xml
  Size   : 8x8
  DSPs   : []
  BRAMs  : [(2, 1)]
done fifo 0.2 True 0.74
Baked architecture → /home/digital-2/workspace/rl_gnn/vanilla_rl/temp_arch_dx_001d1956.xml
  Size   : 8x8
  DSPs   : []
  BRAMs  : [(2, 1)]
done fifo 0.6 True 0.71
Baked architecture → /home/digital-2/workspace/rl_gnn/vanilla_rl/temp_arch_dx_51a67bf0.xml
  Size   : 12x12
  DSPs   : []
  BRAMs  : [(2, 1)]
done fifo 1.1 True 0.69
Baked architecture → /home/digital-2/workspace/rl_gnn/vanilla_rl/temp_arch_dx_dff62ef1.xml
  Size   : 12x12
  DSPs   : []
  BRAMs  : [(2, 1)]
done fifo 0.3 True 0.76
Baked architecture → /home/digital-2/workspace/rl_gnn/vanilla_rl/temp_arch_dx_bf6d297b.xml
  Size   : 12x12
  DSPs   : []
  BRAMs  : [(2, 1)]
done fifo 0.4 True 0.73
Baked architecture → /home/digital-2/workspace/rl_gnn/vanilla_rl/temp_arch_dx_d0007999.xml
  Size   : 12x12
  DSPs   : []
  BRAMs  : [(2, 1)]
done fifo 0.1 True 0.87
Baked architecture → /home/digital-2/workspace/rl_gnn/vanilla_rl/temp_arch_dx_e61fd7cb.xml
  Size   : 12x12
  DSPs   : []
  BRAMs  : [(2, 1)]
done fifo 0.9 True 0.85
Baked architecture → /home/digital-2/workspace/rl_gnn/vanilla_rl/temp_arch_dx_97721207.xml
  Size   : 12x12
  DSPs   : []
  BRAMs  : [(2, 1)]
done fifo 1.0 True 0.83
Baked architecture → /home/digital-2/workspace/rl_gnn/vanilla_rl/temp_arch_dx_d622773c.xml
  Size   : 12x12
  DSPs   : []
  BRAMs  : [(2, 1)]
done fifo 1.5 True 0.82
Baked architecture → /home/digital-2/workspace/rl_gnn/vanilla_rl/temp_arch_dx_6251a991.xml
  Size   : 12x12
  DSPs   : []
  BRAMs  : [(2, 1)]
done fifo 1.6 True 0.87
Baked architecture → /home/digital-2/workspace/rl_gnn/vanilla_rl/temp_arch_dx_7ab5603b.xml
  Size   : 12x12
  DSPs   : []
  BRAMs  : [(2, 1)]
done fifo 1.2 True 0.92
Baked architecture → /home/digital-2/workspace/rl_gnn/vanilla_rl/temp_arch_dx_0d685e5c.xml
  Size   : 12x12
  DSPs   : []
  BRAMs  : [(2, 1)]
done fifo 1.3 True 1.03
Baked architecture → /home/digital-2/workspace/rl_gnn/vanilla_rl/temp_arch_dx_92ec2cd1.xml
  Size   : 12x12
  DSPs   : []
  BRAMs  : [(2, 1)]
done fifo 1.4 True 1.13
Baked architecture → /home/digital-2/workspace/rl_gnn/vanilla_rl/temp_arch_dx_071d797c.xml
  Size   : 12x12
  DSPs   : []
  BRAMs  : [(2, 1)]
done fifo 1.8 True 0.83
Baked architecture → /home/digital-2/workspace/rl_gnn/vanilla_rl/temp_arch_dx_1fa37037.xml
  Size   : 12x12
  DSPs   : []
  BRAMs  : [(2, 1)]
done fifo 2.0 True 0.82
Baked architecture → /home/digital-2/workspace/rl_gnn/vanilla_rl/temp_arch_dx_07124b32.xml
  Size   : 12x12
  DSPs   : []
  BRAMs  : [(2, 1)]
done fifo 1.7 True 0.93
Baked architecture → /home/digital-2/workspace/rl_gnn/vanilla_rl/temp_arch_dx_cbe1ddc6.xml
  Size   : 12x12
  DSPs   : []
  BRAMs  : [(2, 1)]
done fifo 1.9 True 0.88
Baked architecture → /home/digital-2/workspace/rl_gnn/vanilla_rl/temp_arch_dx_9982ed66.xml
  Size   : 12x12
  DSPs   : []
  BRAMs  : [(2, 1)]
done ch_intrinsics 0.3 True 1.22
Baked architecture → /home/digital-2/workspace/rl_gnn/vanilla_rl/temp_arch_dx_63c9565b.xml
  Size   : 12x12
  DSPs   : []
  BRAMs  : [(2, 1)]
done ch_intrinsics 0.4 True 1.33
Baked architecture → /home/digital-2/workspace/rl_gnn/vanilla_rl/temp_arch_dx_5c392223.xml
  Size   : 12x12
  DSPs   : []
  BRAMs  : [(2, 1)]
done ch_intrinsics 0.7 True 1.28
Baked architecture → /home/digital-2/workspace/rl_gnn/vanilla_rl/temp_arch_dx_bd004234.xml
  Size   : 12x12
  DSPs   : []
  BRAMs  : [(2, 1)]
done ch_intrinsics 0.2 True 1.43
Baked architecture → /home/digital-2/workspace/rl_gnn/vanilla_rl/temp_arch_dx_c179a451.xml
  Size   : 12x12
  DSPs   : []
  BRAMs  : [(2, 1)]
done ch_intrinsics 0.1 True 1.54
Baked architecture → /home/digital-2/workspace/rl_gnn/vanilla_rl/temp_arch_dx_21533d2a.xml
  Size   : 14x14
  DSPs   : [(6, 1)]
  BRAMs  : [(2, 1), (2, 7), (10, 1)]
done ch_intrinsics 0.9 True 1.33
Baked architecture → /home/digital-2/workspace/rl_gnn/vanilla_rl/temp_arch_dx_7b936def.xml
  Size   : 14x14
  DSPs   : [(6, 1)]
  BRAMs  : [(2, 1), (2, 7), (10, 1)]
done ch_intrinsics 0.6 True 1.43
Baked architecture → /home/digital-2/workspace/rl_gnn/vanilla_rl/temp_arch_dx_e7e338c5.xml
  Size   : 14x14
  DSPs   : [(6, 1)]
  BRAMs  : [(2, 1), (2, 7), (10, 1)]
done ch_intrinsics 1.2 True 1.23
Baked architecture → /home/digital-2/workspace/rl_gnn/vanilla_rl/temp_arch_dx_0d4baede.xml
  Size   : 14x14
  DSPs   : [(6, 1)]
  BRAMs  : [(2, 1), (2, 7), (10, 1)]
done ch_intrinsics 0.5 True 1.72
Baked architecture → /home/digital-2/workspace/rl_gnn/vanilla_rl/temp_arch_dx_17c57c81.xml
  Size   : 14x14
  DSPs   : [(6, 1)]
  BRAMs  : [(2, 1), (2, 7), (10, 1)]
done ch_intrinsics 1.4 True 1.12
Baked architecture → /home/digital-2/workspace/rl_gnn/vanilla_rl/temp_arch_dx_afdfae09.xml
  Size   : 14x14
  DSPs   : [(6, 1)]
  BRAMs  : [(2, 1), (2, 7), (10, 1)]
done ch_intrinsics 0.8 True 1.83
Baked architecture → /home/digital-2/workspace/rl_gnn/vanilla_rl/temp_arch_dx_c32db9c6.xml
  Size   : 14x14
  DSPs   : [(6, 1)]
  BRAMs  : [(2, 1), (2, 7), (10, 1)]
done ch_intrinsics 1.3 True 1.28
Baked architecture → /home/digital-2/workspace/rl_gnn/vanilla_rl/temp_arch_dx_32bbd7e2.xml
  Size   : 14x14
  DSPs   : [(6, 1)]
  BRAMs  : [(2, 1), (2, 7), (10, 1)]
done ch_intrinsics 1.5 True 1.23
Baked architecture → /home/digital-2/workspace/rl_gnn/vanilla_rl/temp_arch_dx_0e4baa4b.xml
  Size   : 14x14
  DSPs   : [(6, 1)]
  BRAMs  : [(2, 1), (2, 7), (10, 1)]
done ch_intrinsics 1.0 True 1.83
Baked architecture → /home/digital-2/workspace/rl_gnn/vanilla_rl/temp_arch_dx_9a804629.xml
  Size   : 14x14
  DSPs   : [(6, 1)]
  BRAMs  : [(2, 1), (2, 7), (10, 1)]
done ch_intrinsics 1.1 True 1.83
Baked architecture → /home/digital-2/workspace/rl_gnn/vanilla_rl/temp_arch_dx_b3296e4b.xml
  Size   : 14x14
  DSPs   : [(6, 1)]
  BRAMs  : [(2, 1), (2, 7), (10, 1)]
done ch_intrinsics 1.6 True 1.42
Baked architecture → /home/digital-2/workspace/rl_gnn/vanilla_rl/temp_arch_dx_1635c39c.xml
  Size   : 14x14
  DSPs   : [(6, 1)]
  BRAMs  : [(2, 1), (2, 7), (10, 1)]
done ch_intrinsics 1.7 True 1.22
Baked architecture → /home/digital-2/workspace/rl_gnn/vanilla_rl/temp_arch_dx_f7efbc5f.xml
  Size   : 14x14
  DSPs   : [(6, 1)]
  BRAMs  : [(2, 1), (2, 7), (10, 1)]
done ch_intrinsics 1.8 True 1.33
Baked architecture → /home/digital-2/workspace/rl_gnn/vanilla_rl/temp_arch_dx_51e6d64d.xml
  Size   : 14x14
  DSPs   : [(6, 1)]
  BRAMs  : [(2, 1), (2, 7), (10, 1)]
done ch_intrinsics 1.9 True 1.28
Baked architecture → /home/digital-2/workspace/rl_gnn/vanilla_rl/temp_arch_dx_46f3385f.xml
  Size   : 14x14
  DSPs   : [(6, 1)]
  BRAMs  : [(2, 1), (2, 7), (10, 1)]
done ch_intrinsics 2.0 True 1.38
Baked architecture → /home/digital-2/workspace/rl_gnn/vanilla_rl/temp_arch_dx_193baf8d.xml
  Size   : 14x14
  DSPs   : [(6, 1)]
  BRAMs  : [(2, 1), (2, 7), (10, 1)]
done spree 0.9 True 5.12
Baked architecture → /home/digital-2/workspace/rl_gnn/vanilla_rl/temp_arch_dx_6283879c.xml
  Size   : 14x14
  DSPs   : [(6, 1)]
  BRAMs  : [(2, 1), (2, 7), (10, 1)]
done spree 0.7 True 5.47
Baked architecture → /home/digital-2/workspace/rl_gnn/vanilla_rl/temp_arch_dx_4ce7f809.xml
  Size   : 14x14
  DSPs   : [(6, 1)]
  BRAMs  : [(2, 1), (2, 7), (10, 1)]
done spree 1.1 True 5.88
Baked architecture → /home/digital-2/workspace/rl_gnn/vanilla_rl/temp_arch_dx_977e3eb0.xml
  Size   : 14x14
  DSPs   : [(6, 1)]
  BRAMs  : [(2, 1), (2, 7), (10, 1)]
done spree 0.6 True 6.72
Baked architecture → /home/digital-2/workspace/rl_gnn/vanilla_rl/temp_arch_dx_ade4d0ee.xml
  Size   : 14x14
  DSPs   : [(6, 1)]
  BRAMs  : [(2, 1), (2, 7), (10, 1)]
done spree 1.6 True 5.82
Baked architecture → /home/digital-2/workspace/rl_gnn/vanilla_rl/temp_arch_dx_8c4d0032.xml
  Size   : 15x15
  DSPs   : []
  BRAMs  : [(2, 1)]
done spree 0.3 True 7.14
Baked architecture → /home/digital-2/workspace/rl_gnn/vanilla_rl/temp_arch_dx_e211351b.xml
  Size   : 15x15
  DSPs   : []
  BRAMs  : [(2, 1)]
done spree 1.0 True 6.77
Baked architecture → /home/digital-2/workspace/rl_gnn/vanilla_rl/temp_arch_dx_602221ab.xml
  Size   : 15x15
  DSPs   : []
  BRAMs  : [(2, 1)]
done spree 0.5 True 8.54
Baked architecture → /home/digital-2/workspace/rl_gnn/vanilla_rl/temp_arch_dx_105fee0c.xml
  Size   : 15x15
  DSPs   : []
  BRAMs  : [(2, 1)]
done spree 0.8 True 8.94
Baked architecture → /home/digital-2/workspace/rl_gnn/vanilla_rl/temp_arch_dx_2b249032.xml
  Size   : 15x15
  DSPs   : []
  BRAMs  : [(2, 1)]
done spree 1.3 True 8.53
Baked architecture → /home/digital-2/workspace/rl_gnn/vanilla_rl/temp_arch_dx_52d7e368.xml
  Size   : 15x15
  DSPs   : []
  BRAMs  : [(2, 1)]
done spree 0.2 True 9.54
Baked architecture → /home/digital-2/workspace/rl_gnn/vanilla_rl/temp_arch_dx_aff657c1.xml
  Size   : 15x15
  DSPs   : []
  BRAMs  : [(2, 1)]
done spree 1.2 True 8.98
Baked architecture → /home/digital-2/workspace/rl_gnn/vanilla_rl/temp_arch_dx_35184772.xml
  Size   : 15x15
  DSPs   : []
  BRAMs  : [(2, 1)]
done spree 0.4 True 10.44
Baked architecture → /home/digital-2/workspace/rl_gnn/vanilla_rl/temp_arch_dx_7e954ff6.xml
  Size   : 15x15
  DSPs   : []
  BRAMs  : [(2, 1)]
done spree 1.5 True 9.89
Baked architecture → /home/digital-2/workspace/rl_gnn/vanilla_rl/temp_arch_dx_365e6eae.xml
  Size   : 15x15
  DSPs   : []
  BRAMs  : [(2, 1)]
done spree 1.4 True 10.04
Baked architecture → /home/digital-2/workspace/rl_gnn/vanilla_rl/temp_arch_dx_86c7f564.xml
  Size   : 15x15
  DSPs   : []
  BRAMs  : [(2, 1)]
done spree 1.8 True 7.58
Baked architecture → /home/digital-2/workspace/rl_gnn/vanilla_rl/temp_arch_dx_e1bc4f2d.xml
  Size   : 15x15
  DSPs   : []
  BRAMs  : [(2, 1)]
done spree 1.7 True 8.08
Baked architecture → /home/digital-2/workspace/rl_gnn/vanilla_rl/temp_arch_dx_189f56f9.xml
  Size   : 15x15
  DSPs   : []
  BRAMs  : [(2, 1)]
done spree 1.9 True 7.48
Baked architecture → /home/digital-2/workspace/rl_gnn/vanilla_rl/temp_arch_dx_b8140699.xml
  Size   : 15x15
  DSPs   : []
  BRAMs  : [(2, 1)]
done boundtop 0.1 True 7.03
Baked architecture → /home/digital-2/workspace/rl_gnn/vanilla_rl/temp_arch_dx_134d6298.xml
  Size   : 15x15
  DSPs   : []
  BRAMs  : [(2, 1)]
done spree 0.1 True 14.66
Baked architecture → /home/digital-2/workspace/rl_gnn/vanilla_rl/temp_arch_dx_731ff92a.xml
  Size   : 15x15
  DSPs   : []
  BRAMs  : [(2, 1)]
done boundtop 0.2 True 7.73
Baked architecture → /home/digital-2/workspace/rl_gnn/vanilla_rl/temp_arch_dx_647a8d7d.xml
  Size   : 15x15
  DSPs   : []
  BRAMs  : [(2, 1)]
done boundtop 0.3 True 7.99
Baked architecture → /home/digital-2/workspace/rl_gnn/vanilla_rl/temp_arch_dx_bd25d1d8.xml
  Size   : 15x15
  DSPs   : []
  BRAMs  : [(2, 1)]
done boundtop 0.6 True 6.78
Baked architecture → /home/digital-2/workspace/rl_gnn/vanilla_rl/temp_arch_dx_a906de7f.xml
  Size   : 15x15
  DSPs   : []
  BRAMs  : [(2, 1)]
done boundtop 0.5 True 7.13
Baked architecture → /home/digital-2/workspace/rl_gnn/vanilla_rl/temp_arch_dx_d4d715d4.xml
  Size   : 15x15
  DSPs   : []
  BRAMs  : [(2, 1)]
done boundtop 0.8 True 7.83
Baked architecture → /home/digital-2/workspace/rl_gnn/vanilla_rl/temp_arch_dx_861fe34e.xml
  Size   : 15x15
  DSPs   : []
  BRAMs  : [(2, 1)]
done boundtop 0.4 True 9.23
Baked architecture → /home/digital-2/workspace/rl_gnn/vanilla_rl/temp_arch_dx_c1d3853b.xml
  Size   : 15x15
  DSPs   : []
  BRAMs  : [(2, 1)]
done spree 2.0 True 11.15
Baked architecture → /home/digital-2/workspace/rl_gnn/vanilla_rl/temp_arch_dx_9ef13bc2.xml
  Size   : 15x15
  DSPs   : []
  BRAMs  : [(2, 1)]
done boundtop 1.0 True 7.89
Baked architecture → /home/digital-2/workspace/rl_gnn/vanilla_rl/temp_arch_dx_8ff84712.xml
  Size   : 15x15
  DSPs   : []
  BRAMs  : [(2, 1)]
done boundtop 0.7 True 9.88
Baked architecture → /home/digital-2/workspace/rl_gnn/vanilla_rl/temp_arch_dx_2cffcac6.xml
  Size   : 15x15
  DSPs   : []
  BRAMs  : [(2, 1)]
done boundtop 1.1 True 9.43
Baked architecture → /home/digital-2/workspace/rl_gnn/vanilla_rl/temp_arch_dx_b494a062.xml
  Size   : 15x15
  DSPs   : []
  BRAMs  : [(2, 1)]
done boundtop 1.2 True 7.39
Baked architecture → /home/digital-2/workspace/rl_gnn/vanilla_rl/temp_arch_dx_ca9245a0.xml
  Size   : 15x15
  DSPs   : []
  BRAMs  : [(2, 1)]
done boundtop 1.4 True 7.34
Baked architecture → /home/digital-2/workspace/rl_gnn/vanilla_rl/temp_arch_dx_afe9c2d5.xml
  Size   : 15x15
  DSPs   : []
  BRAMs  : [(2, 1)]
done boundtop 0.9 True 11.2
Baked architecture → /home/digital-2/workspace/rl_gnn/vanilla_rl/temp_arch_dx_5e40a6c3.xml
  Size   : 15x15
  DSPs   : []
  BRAMs  : [(2, 1)]
done mmc_core 0.2 True 4.53
Baked architecture → /home/digital-2/workspace/rl_gnn/vanilla_rl/temp_arch_dx_df843903.xml
  Size   : 15x15
  DSPs   : []
  BRAMs  : [(2, 1)]
done boundtop 1.3 True 8.95
Baked architecture → /home/digital-2/workspace/rl_gnn/vanilla_rl/temp_arch_dx_6fd48452.xml
  Size   : 15x15
  DSPs   : []
  BRAMs  : [(2, 1)]
done mmc_core 0.3 True 4.68
Baked architecture → /home/digital-2/workspace/rl_gnn/vanilla_rl/temp_arch_dx_f30539e5.xml
  Size   : 15x15
  DSPs   : []
  BRAMs  : [(2, 1)]
done mmc_core 0.4 True 4.13
Baked architecture → /home/digital-2/workspace/rl_gnn/vanilla_rl/temp_arch_dx_0e462a7e.xml
  Size   : 15x15
  DSPs   : []
  BRAMs  : [(2, 1)]
done boundtop 1.9 True 6.94
Baked architecture → /home/digital-2/workspace/rl_gnn/vanilla_rl/temp_arch_dx_d212e116.xml
  Size   : 15x15
  DSPs   : []
  BRAMs  : [(2, 1)]
done boundtop 1.5 True 9.09
Baked architecture → /home/digital-2/workspace/rl_gnn/vanilla_rl/temp_arch_dx_8dc76d8e.xml
  Size   : 15x15
  DSPs   : []
  BRAMs  : [(2, 1)]
done boundtop 1.8 True 7.94
Baked architecture → /home/digital-2/workspace/rl_gnn/vanilla_rl/temp_arch_dx_309a8eea.xml
  Size   : 15x15
  DSPs   : []
  BRAMs  : [(2, 1)]
done mmc_core 0.1 True 5.99
Baked architecture → /home/digital-2/workspace/rl_gnn/vanilla_rl/temp_arch_dx_e6643629.xml
  Size   : 15x15
  DSPs   : []
  BRAMs  : [(2, 1)]
done boundtop 1.7 True 10.5
Baked architecture → /home/digital-2/workspace/rl_gnn/vanilla_rl/temp_arch_dx_912a7d1a.xml
  Size   : 15x15
  DSPs   : []
  BRAMs  : [(2, 1)]
done mmc_core 0.7 True 4.63
Baked architecture → /home/digital-2/workspace/rl_gnn/vanilla_rl/temp_arch_dx_555145cf.xml
  Size   : 15x15
  DSPs   : []
  BRAMs  : [(2, 1)]
done boundtop 1.6 True 10.94
Baked architecture → /home/digital-2/workspace/rl_gnn/vanilla_rl/temp_arch_dx_1e428024.xml
  Size   : 15x15
  DSPs   : []
  BRAMs  : [(2, 1)]
done mmc_core 0.6 True 5.03
Baked architecture → /home/digital-2/workspace/rl_gnn/vanilla_rl/temp_arch_dx_08f2afec.xml
  Size   : 16x16
  DSPs   : [(6, 1), (6, 5), (6, 9), (14, 1), (14, 5)]
  BRAMs  : []
done mmc_core 0.5 True 6.28
Baked architecture → /home/digital-2/workspace/rl_gnn/vanilla_rl/temp_arch_dx_5500f508.xml
  Size   : 16x16
  DSPs   : [(6, 1), (6, 5), (6, 9), (14, 1), (14, 5)]
  BRAMs  : []
done mmc_core 0.8 True 5.53
Baked architecture → /home/digital-2/workspace/rl_gnn/vanilla_rl/temp_arch_dx_3e8598bb.xml
  Size   : 16x16
  DSPs   : [(6, 1), (6, 5), (6, 9), (14, 1), (14, 5)]
  BRAMs  : []
done boundtop 2.0 True 10.69
Baked architecture → /home/digital-2/workspace/rl_gnn/vanilla_rl/temp_arch_dx_23bfce8c.xml
  Size   : 16x16
  DSPs   : [(6, 1), (6, 5), (6, 9), (14, 1), (14, 5)]
  BRAMs  : []
done mmc_core 1.0 True 4.73
Baked architecture → /home/digital-2/workspace/rl_gnn/vanilla_rl/temp_arch_dx_d46b8efc.xml
  Size   : 16x16
  DSPs   : [(6, 1), (6, 5), (6, 9), (14, 1), (14, 5)]
  BRAMs  : []
done mmc_core 1.2 True 4.52
Baked architecture → /home/digital-2/workspace/rl_gnn/vanilla_rl/temp_arch_dx_21c7e337.xml
  Size   : 16x16
  DSPs   : [(6, 1), (6, 5), (6, 9), (14, 1), (14, 5)]
  BRAMs  : []
done mmc_core 0.9 True 5.77
Baked architecture → /home/digital-2/workspace/rl_gnn/vanilla_rl/temp_arch_dx_dc851f1e.xml
  Size   : 16x16
  DSPs   : [(6, 1), (6, 5), (6, 9), (14, 1), (14, 5)]
  BRAMs  : []
done mmc_core 1.3 True 4.52
Baked architecture → /home/digital-2/workspace/rl_gnn/vanilla_rl/temp_arch_dx_21afcca8.xml
  Size   : 16x16
  DSPs   : [(6, 1), (6, 5), (6, 9), (14, 1), (14, 5)]
  BRAMs  : []
done mmc_core 1.6 True 4.52
Baked architecture → /home/digital-2/workspace/rl_gnn/vanilla_rl/temp_arch_dx_4f0dc001.xml
  Size   : 16x16
  DSPs   : [(6, 1), (6, 5), (6, 9), (14, 1), (14, 5)]
  BRAMs  : []
done mmc_core 1.1 True 6.12
Baked architecture → /home/digital-2/workspace/rl_gnn/vanilla_rl/temp_arch_dx_8149a7e6.xml
  Size   : 16x16
  DSPs   : [(6, 1), (6, 5), (6, 9), (14, 1), (14, 5)]
  BRAMs  : []
done mmc_core 1.7 True 5.47
Baked architecture → /home/digital-2/workspace/rl_gnn/vanilla_rl/temp_arch_dx_d349db3a.xml
  Size   : 16x16
  DSPs   : [(6, 1), (6, 5), (6, 9), (14, 1), (14, 5)]
  BRAMs  : []
done mmc_core 1.5 True 5.83
Baked architecture → /home/digital-2/workspace/rl_gnn/vanilla_rl/temp_arch_dx_723028d3.xml
  Size   : 16x16
  DSPs   : [(6, 1), (6, 5), (6, 9), (14, 1), (14, 5)]
  BRAMs  : []
done mmc_core 1.9 True 4.43
Baked architecture → /home/digital-2/workspace/rl_gnn/vanilla_rl/temp_arch_dx_506eb3c8.xml
  Size   : 16x16
  DSPs   : [(6, 1), (6, 5), (6, 9), (14, 1), (14, 5)]
  BRAMs  : []
done mmc_core 1.8 True 4.72
Baked architecture → /home/digital-2/workspace/rl_gnn/vanilla_rl/temp_arch_dx_9cc9103d.xml
  Size   : 16x16
  DSPs   : [(6, 1), (6, 5), (6, 9), (14, 1), (14, 5)]
  BRAMs  : []
done mmc_core 1.4 True 7.33
Baked architecture → /home/digital-2/workspace/rl_gnn/vanilla_rl/temp_arch_dx_8e4893e6.xml
  Size   : 16x16
  DSPs   : [(6, 1), (6, 5), (6, 9), (14, 1), (14, 5)]
  BRAMs  : []
done mmc_core 2.0 True 5.67
Baked architecture → /home/digital-2/workspace/rl_gnn/vanilla_rl/temp_arch_dx_5115b2df.xml
  Size   : 16x16
  DSPs   : [(6, 1), (6, 5), (6, 9), (14, 1), (14, 5)]
  BRAMs  : []
done diffeq1 0.8 True 4.62
Baked architecture → /home/digital-2/workspace/rl_gnn/vanilla_rl/temp_arch_dx_56e0742b.xml
  Size   : 16x16
  DSPs   : [(6, 1), (6, 5), (6, 9), (14, 1), (14, 5)]
  BRAMs  : []
done diffeq1 0.5 True 5.57
Baked architecture → /home/digital-2/workspace/rl_gnn/vanilla_rl/temp_arch_dx_fa150f22.xml
  Size   : 16x16
  DSPs   : [(6, 1), (6, 5), (6, 9), (14, 1), (14, 5)]
  BRAMs  : []
done diffeq1 0.9 True 5.27
Baked architecture → /home/digital-2/workspace/rl_gnn/vanilla_rl/temp_arch_dx_e9b066c0.xml
  Size   : 16x16
  DSPs   : [(6, 1), (6, 5), (6, 9), (14, 1), (14, 5)]
  BRAMs  : []
done diffeq1 1.0 True 4.42
Baked architecture → /home/digital-2/workspace/rl_gnn/vanilla_rl/temp_arch_dx_5cdb9583.xml
  Size   : 16x16
  DSPs   : [(6, 1), (6, 5), (6, 9), (14, 1), (14, 5)]
  BRAMs  : []
done diffeq1 0.3 True 6.67
Baked architecture → /home/digital-2/workspace/rl_gnn/vanilla_rl/temp_arch_dx_40ea6819.xml
  Size   : 16x16
  DSPs   : [(6, 1), (6, 5), (6, 9), (14, 1), (14, 5)]
  BRAMs  : []
done diffeq1 1.1 True 5.62
Baked architecture → /home/digital-2/workspace/rl_gnn/vanilla_rl/temp_arch_dx_5834c40d.xml
  Size   : 16x16
  DSPs   : [(6, 1), (6, 5), (6, 9), (14, 1), (14, 5)]
  BRAMs  : []
done diffeq1 1.4 True 4.57
done diffeq1 0.2 True 8.98
Baked architecture → /home/digital-2/workspace/rl_gnn/vanilla_rl/temp_arch_dx_9892cf8d.xml
  Size   : 16x16
  DSPs   : [(6, 1), (6, 5), (6, 9), (14, 1), (14, 5)]
  BRAMs  : []
Baked architecture → /home/digital-2/workspace/rl_gnn/vanilla_rl/temp_arch_dx_669d9ad5.xml
  Size   : 16x16
  DSPs   : [(6, 1), (6, 5), (6, 9), (14, 1), (14, 5)]
  BRAMs  : []
done diffeq1 0.6 True 7.63
Baked architecture → /home/digital-2/workspace/rl_gnn/vanilla_rl/temp_arch_dx_792a4b02.xml
  Size   : 16x16
  DSPs   : [(6, 1), (6, 5), (6, 9), (14, 1), (14, 5)]
  BRAMs  : []
done diffeq1 0.7 True 7.88
Baked architecture → /home/digital-2/workspace/rl_gnn/vanilla_rl/temp_arch_dx_10e7ddc1.xml
  Size   : 16x16
  DSPs   : [(6, 1), (6, 5), (6, 9), (14, 1), (14, 5)]
  BRAMs  : []
Baked architecture → /home/digital-2/workspace/rl_gnn/vanilla_rl/temp_arch_dx_02be2ff6.xml
  Size   : 16x16
  DSPs   : [(6, 1), (6, 5), (6, 9), (14, 1), (14, 5)]
  BRAMs  : []
done diffeq1 1.5 True 5.12
done diffeq1 1.2 True 7.27
Baked architecture → /home/digital-2/workspace/rl_gnn/vanilla_rl/temp_arch_dx_86536a0d.xml
  Size   : 16x16
  DSPs   : [(6, 1), (6, 5), (6, 9), (14, 1), (14, 5)]
  BRAMs  : []
done diffeq1 1.6 True 5.27
Baked architecture → /home/digital-2/workspace/rl_gnn/vanilla_rl/temp_arch_dx_a94a13e1.xml
  Size   : 16x16
  DSPs   : [(6, 1), (6, 5), (6, 9), (14, 1), (14, 5)]
  BRAMs  : []
done diffeq1 0.4 True 9.29
Baked architecture → /home/digital-2/workspace/rl_gnn/vanilla_rl/temp_arch_dx_ce719b0f.xml
  Size   : 16x16
  DSPs   : [(6, 1), (6, 5), (6, 9), (14, 1), (14, 5)]
  BRAMs  : []
done diffeq1 1.3 True 6.67
Baked architecture → /home/digital-2/workspace/rl_gnn/vanilla_rl/temp_arch_dx_adca5b5b.xml
  Size   : 16x16
  DSPs   : [(6, 1), (6, 5), (6, 9), (14, 1), (14, 5)]
  BRAMs  : []
done diffeq1 1.7 True 4.57
Baked architecture → /home/digital-2/workspace/rl_gnn/vanilla_rl/temp_arch_dx_ba58a952.xml
  Size   : 16x16
  DSPs   : [(6, 1), (6, 5), (6, 9), (14, 1), (14, 5)]
  BRAMs  : []
done diffeq1 1.8 True 5.12
Baked architecture → /home/digital-2/workspace/rl_gnn/vanilla_rl/temp_arch_dx_fd290356.xml
  Size   : 16x16
  DSPs   : [(6, 1), (6, 5), (6, 9), (14, 1), (14, 5)]
  BRAMs  : []
done diffeq1 1.9 True 5.37
Baked architecture → /home/digital-2/workspace/rl_gnn/vanilla_rl/temp_arch_dx_464e644a.xml
  Size   : 16x16
  DSPs   : [(6, 1), (6, 5), (6, 9), (14, 1), (14, 5)]
  BRAMs  : []
done diffeq1 2.0 True 5.97
Baked architecture → /home/digital-2/workspace/rl_gnn/vanilla_rl/temp_arch_dx_0f125a46.xml
  Size   : 16x16
  DSPs   : [(6, 1), (6, 5), (6, 9), (14, 1), (14, 5)]
  BRAMs  : []
done diffeq2 0.9 True 4.53
Baked architecture → /home/digital-2/workspace/rl_gnn/vanilla_rl/temp_arch_dx_3c4c67b4.xml
  Size   : 16x16
  DSPs   : [(6, 1), (6, 5), (6, 9), (14, 1), (14, 5)]
  BRAMs  : []
done diffeq2 1.0 True 4.87
Baked architecture → /home/digital-2/workspace/rl_gnn/vanilla_rl/temp_arch_dx_e38d898b.xml
  Size   : 16x16
  DSPs   : [(6, 1), (6, 5), (6, 9), (14, 1), (14, 5)]
  BRAMs  : []
done diffeq2 1.3 True 4.22
Baked architecture → /home/digital-2/workspace/rl_gnn/vanilla_rl/temp_arch_dx_e0c0e2e1.xml
  Size   : 16x16
  DSPs   : [(6, 1), (6, 5), (6, 9), (14, 1), (14, 5)]
  BRAMs  : []
done diffeq2 0.7 True 6.58
Baked architecture → /home/digital-2/workspace/rl_gnn/vanilla_rl/temp_arch_dx_8196e514.xml
  Size   : 16x16
  DSPs   : [(6, 1), (6, 5), (6, 9), (14, 1), (14, 5)]
  BRAMs  : []
done diffeq2 0.5 True 7.22
Baked architecture → /home/digital-2/workspace/rl_gnn/vanilla_rl/temp_arch_dx_45c8b3f2.xml
  Size   : 16x16
  DSPs   : [(6, 1), (6, 5), (6, 9), (14, 1), (14, 5)]
  BRAMs  : []
done diffeq2 0.4 True 7.72
Baked architecture → /home/digital-2/workspace/rl_gnn/vanilla_rl/temp_arch_dx_ea653a82.xml
  Size   : 19x19
  DSPs   : [(6, 1), (6, 5), (6, 9), (6, 13), (14, 1), (14, 5)]
  BRAMs  : [(2, 1)]
done diffeq2 0.8 True 6.62
Baked architecture → /home/digital-2/workspace/rl_gnn/vanilla_rl/temp_arch_dx_3c5278bb.xml
  Size   : 19x19
  DSPs   : [(6, 1), (6, 5), (6, 9), (6, 13), (14, 1), (14, 5)]
  BRAMs  : [(2, 1)]
done diffeq2 0.2 True 8.78
Baked architecture → /home/digital-2/workspace/rl_gnn/vanilla_rl/temp_arch_dx_9f67332d.xml
  Size   : 19x19
  DSPs   : [(6, 1), (6, 5), (6, 9), (6, 13), (14, 1), (14, 5)]
  BRAMs  : [(2, 1)]
done diffeq2 1.2 True 6.98
Baked architecture → /home/digital-2/workspace/rl_gnn/vanilla_rl/temp_arch_dx_7977a925.xml
  Size   : 19x19
  DSPs   : [(6, 1), (6, 5), (6, 9), (6, 13), (14, 1), (14, 5)]
  BRAMs  : [(2, 1)]
done diffeq2 1.5 True 4.97
Baked architecture → /home/digital-2/workspace/rl_gnn/vanilla_rl/temp_arch_dx_a9df6e71.xml
  Size   : 19x19
  DSPs   : [(6, 1), (6, 5), (6, 9), (6, 13), (14, 1), (14, 5)]
  BRAMs  : [(2, 1)]
done diffeq2 1.4 True 5.78
Baked architecture → /home/digital-2/workspace/rl_gnn/vanilla_rl/temp_arch_dx_c3bfd994.xml
  Size   : 19x19
  DSPs   : [(6, 1), (6, 5), (6, 9), (6, 13), (14, 1), (14, 5)]
  BRAMs  : [(2, 1)]
done diffeq2 0.6 True 8.99
Baked architecture → /home/digital-2/workspace/rl_gnn/vanilla_rl/temp_arch_dx_0c3bdd02.xml
  Size   : 19x19
  DSPs   : [(6, 1), (6, 5), (6, 9), (6, 13), (14, 1), (14, 5)]
  BRAMs  : [(2, 1)]
done diffeq2 1.1 True 9.24
Baked architecture → /home/digital-2/workspace/rl_gnn/vanilla_rl/temp_arch_dx_17186a36.xml
  Size   : 19x19
  DSPs   : [(6, 1), (6, 5), (6, 9), (6, 13), (14, 1), (14, 5)]
  BRAMs  : [(2, 1)]
done diffeq2 1.7 True 5.18
Baked architecture → /home/digital-2/workspace/rl_gnn/vanilla_rl/temp_arch_dx_02b88869.xml
  Size   : 19x19
  DSPs   : [(6, 1), (6, 5), (6, 9), (6, 13), (14, 1), (14, 5)]
  BRAMs  : [(2, 1)]
done diffeq2 0.3 True 12.18
Baked architecture → /home/digital-2/workspace/rl_gnn/vanilla_rl/temp_arch_dx_f479e1a6.xml
  Size   : 19x19
  DSPs   : [(6, 1), (6, 5), (6, 9), (6, 13), (14, 1), (14, 5)]
  BRAMs  : [(2, 1)]
done diffeq2 1.6 True 6.44
Baked architecture → /home/digital-2/workspace/rl_gnn/vanilla_rl/temp_arch_dx_ea914be7.xml
  Size   : 19x19
  DSPs   : [(6, 1), (6, 5), (6, 9), (6, 13), (14, 1), (14, 5)]
  BRAMs  : [(2, 1)]
done diffeq2 1.9 True 5.47
Baked architecture → /home/digital-2/workspace/rl_gnn/vanilla_rl/temp_arch_dx_8a88b075.xml
  Size   : 19x19
  DSPs   : [(6, 1), (6, 5), (6, 9), (6, 13), (14, 1), (14, 5)]
  BRAMs  : [(2, 1)]
done diffeq2 2.0 True 6.12
Baked architecture → /home/digital-2/workspace/rl_gnn/vanilla_rl/temp_arch_dx_f3c4f65d.xml
  Size   : 19x19
  DSPs   : [(6, 1), (6, 5), (6, 9), (6, 13), (14, 1), (14, 5)]
  BRAMs  : [(2, 1)]
done diffeq2 1.8 True 6.34
Baked architecture → /home/digital-2/workspace/rl_gnn/vanilla_rl/temp_arch_dx_a0a701f9.xml
  Size   : 19x19
  DSPs   : [(6, 1), (6, 5), (6, 9), (6, 13), (14, 1), (14, 5)]
  BRAMs  : [(2, 1)]
done diffeq1 0.1 True 23.46
Baked architecture → /home/digital-2/workspace/rl_gnn/vanilla_rl/temp_arch_dx_2bb01cb1.xml
  Size   : 19x19
  DSPs   : [(6, 1), (6, 5), (6, 9), (6, 13), (14, 1), (14, 5)]
  BRAMs  : [(2, 1)]
done diffeq2 0.1 True 18.85
Baked architecture → /home/digital-2/workspace/rl_gnn/vanilla_rl/temp_arch_dx_07493775.xml
  Size   : 19x19
  DSPs   : [(6, 1), (6, 5), (6, 9), (6, 13), (14, 1), (14, 5)]
  BRAMs  : [(2, 1)]
done raygentop 0.7 True 12.79
Baked architecture → /home/digital-2/workspace/rl_gnn/vanilla_rl/temp_arch_dx_f4f8c40f.xml
  Size   : 19x19
  DSPs   : [(6, 1), (6, 5), (6, 9), (6, 13), (14, 1), (14, 5)]
  BRAMs  : [(2, 1)]
done raygentop 0.3 True 14.89
Baked architecture → /home/digital-2/workspace/rl_gnn/vanilla_rl/temp_arch_dx_1010ee3b.xml
  Size   : 19x19
  DSPs   : [(6, 1), (6, 5), (6, 9), (6, 13), (14, 1), (14, 5)]
  BRAMs  : [(2, 1)]
done raygentop 0.9 True 12.09
Baked architecture → /home/digital-2/workspace/rl_gnn/vanilla_rl/temp_arch_dx_15d10d2c.xml
  Size   : 19x19
  DSPs   : [(6, 1), (6, 5), (6, 9), (6, 13), (14, 1), (14, 5)]
  BRAMs  : [(2, 1)]
done raygentop 0.5 True 14.85
Baked architecture → /home/digital-2/workspace/rl_gnn/vanilla_rl/temp_arch_dx_735562fa.xml
  Size   : 19x19
  DSPs   : [(6, 1), (6, 5), (6, 9), (6, 13), (14, 1), (14, 5)]
  BRAMs  : [(2, 1)]
done raygentop 1.0 True 12.19
Baked architecture → /home/digital-2/workspace/rl_gnn/vanilla_rl/temp_arch_dx_34b46a10.xml
  Size   : 20x20
  DSPs   : []
  BRAMs  : [(2, 1), (2, 7), (2, 13), (10, 1), (10, 7)]
done raygentop 1.3 True 11.19
Baked architecture → /home/digital-2/workspace/rl_gnn/vanilla_rl/temp_arch_dx_d64461d7.xml
  Size   : 20x20
  DSPs   : []
  BRAMs  : [(2, 1), (2, 7), (2, 13), (10, 1), (10, 7)]
done raygentop 0.2 True 17.49
Baked architecture → /home/digital-2/workspace/rl_gnn/vanilla_rl/temp_arch_dx_d455d658.xml
  Size   : 20x20
  DSPs   : []
  BRAMs  : [(2, 1), (2, 7), (2, 13), (10, 1), (10, 7)]
done raygentop 0.1 True 20.25
Baked architecture → /home/digital-2/workspace/rl_gnn/vanilla_rl/temp_arch_dx_c70e512e.xml
  Size   : 20x20
  DSPs   : []
  BRAMs  : [(2, 1), (2, 7), (2, 13), (10, 1), (10, 7)]
done raygentop 1.4 True 14.14
Baked architecture → /home/digital-2/workspace/rl_gnn/vanilla_rl/temp_arch_dx_2adb500f.xml
  Size   : 20x20
  DSPs   : []
  BRAMs  : [(2, 1), (2, 7), (2, 13), (10, 1), (10, 7)]
done raygentop 0.8 True 17.05
Baked architecture → /home/digital-2/workspace/rl_gnn/vanilla_rl/temp_arch_dx_07fc2fc1.xml
  Size   : 20x20
  DSPs   : []
  BRAMs  : [(2, 1), (2, 7), (2, 13), (10, 1), (10, 7)]
done raygentop 1.2 True 16.0
Baked architecture → /home/digital-2/workspace/rl_gnn/vanilla_rl/temp_arch_dx_bc137153.xml
  Size   : 20x20
  DSPs   : []
  BRAMs  : [(2, 1), (2, 7), (2, 13), (10, 1), (10, 7)]
done raygentop 0.6 True 21.0
Baked architecture → /home/digital-2/workspace/rl_gnn/vanilla_rl/temp_arch_dx_690dda9f.xml
  Size   : 20x20
  DSPs   : []
  BRAMs  : [(2, 1), (2, 7), (2, 13), (10, 1), (10, 7)]
done raygentop 1.1 True 17.85
Baked architecture → /home/digital-2/workspace/rl_gnn/vanilla_rl/temp_arch_dx_674c7eb4.xml
  Size   : 20x20
  DSPs   : []
  BRAMs  : [(2, 1), (2, 7), (2, 13), (10, 1), (10, 7)]
done raygentop 0.4 True 22.01
Baked architecture → /home/digital-2/workspace/rl_gnn/vanilla_rl/temp_arch_dx_cf7b94f4.xml
  Size   : 20x20
  DSPs   : []
  BRAMs  : [(2, 1), (2, 7), (2, 13), (10, 1), (10, 7)]
done raygentop 1.7 True 12.79
Baked architecture → /home/digital-2/workspace/rl_gnn/vanilla_rl/temp_arch_dx_22cfe49c.xml
  Size   : 20x20
  DSPs   : []
  BRAMs  : [(2, 1), (2, 7), (2, 13), (10, 1), (10, 7)]
done raygentop 1.5 True 21.0
Baked architecture → /home/digital-2/workspace/rl_gnn/vanilla_rl/temp_arch_dx_31a870dc.xml
  Size   : 20x20
  DSPs   : []
  BRAMs  : [(2, 1), (2, 7), (2, 13), (10, 1), (10, 7)]
done raygentop 1.6 True 17.9
Baked architecture → /home/digital-2/workspace/rl_gnn/vanilla_rl/temp_arch_dx_bbdf1c57.xml
  Size   : 20x20
  DSPs   : []
  BRAMs  : [(2, 1), (2, 7), (2, 13), (10, 1), (10, 7)]
done mkSMAdapter4B 0.3 True 11.54
Baked architecture → /home/digital-2/workspace/rl_gnn/vanilla_rl/temp_arch_dx_6e1f2515.xml
  Size   : 20x20
  DSPs   : []
  BRAMs  : [(2, 1), (2, 7), (2, 13), (10, 1), (10, 7)]
done mkSMAdapter4B 0.2 True 13.2
Baked architecture → /home/digital-2/workspace/rl_gnn/vanilla_rl/temp_arch_dx_c1bc88de.xml
  Size   : 20x20
  DSPs   : []
  BRAMs  : [(2, 1), (2, 7), (2, 13), (10, 1), (10, 7)]
done raygentop 1.8 True 14.9
Baked architecture → /home/digital-2/workspace/rl_gnn/vanilla_rl/temp_arch_dx_e657408a.xml
  Size   : 20x20
  DSPs   : []
  BRAMs  : [(2, 1), (2, 7), (2, 13), (10, 1), (10, 7)]
done mkSMAdapter4B 0.1 True 14.79
Baked architecture → /home/digital-2/workspace/rl_gnn/vanilla_rl/temp_arch_dx_0cf5c02b.xml
  Size   : 20x20
  DSPs   : []
  BRAMs  : [(2, 1), (2, 7), (2, 13), (10, 1), (10, 7)]
done raygentop 1.9 True 15.35
Baked architecture → /home/digital-2/workspace/rl_gnn/vanilla_rl/temp_arch_dx_a4d3252f.xml
  Size   : 20x20
  DSPs   : []
  BRAMs  : [(2, 1), (2, 7), (2, 13), (10, 1), (10, 7)]
done mkSMAdapter4B 0.7 True 11.08
Baked architecture → /home/digital-2/workspace/rl_gnn/vanilla_rl/temp_arch_dx_00cd2d6d.xml
  Size   : 20x20
  DSPs   : []
  BRAMs  : [(2, 1), (2, 7), (2, 13), (10, 1), (10, 7)]
done mkSMAdapter4B 0.6 True 12.13
Baked architecture → /home/digital-2/workspace/rl_gnn/vanilla_rl/temp_arch_dx_d674b560.xml
  Size   : 20x20
  DSPs   : []
  BRAMs  : [(2, 1), (2, 7), (2, 13), (10, 1), (10, 7)]
done raygentop 2.0 True 18.45
Baked architecture → /home/digital-2/workspace/rl_gnn/vanilla_rl/temp_arch_dx_02949f5e.xml
  Size   : 27x27
  DSPs   : [(6, 1)]
  BRAMs  : [(2, 1), (2, 7)]
done mkSMAdapter4B 0.8 True 12.68
Baked architecture → /home/digital-2/workspace/rl_gnn/vanilla_rl/temp_arch_dx_c0990a73.xml
  Size   : 27x27
  DSPs   : [(6, 1)]
  BRAMs  : [(2, 1), (2, 7)]
done mkSMAdapter4B 0.5 True 16.34
Baked architecture → /home/digital-2/workspace/rl_gnn/vanilla_rl/temp_arch_dx_fe6a7179.xml
  Size   : 27x27
  DSPs   : [(6, 1)]
  BRAMs  : [(2, 1), (2, 7)]
done mkSMAdapter4B 0.9 True 13.75
Baked architecture → /home/digital-2/workspace/rl_gnn/vanilla_rl/temp_arch_dx_c77e50cb.xml
  Size   : 27x27
  DSPs   : [(6, 1)]
  BRAMs  : [(2, 1), (2, 7)]
done mkSMAdapter4B 0.4 True 16.69
Baked architecture → /home/digital-2/workspace/rl_gnn/vanilla_rl/temp_arch_dx_78b4f223.xml
  Size   : 27x27
  DSPs   : [(6, 1)]
  BRAMs  : [(2, 1), (2, 7)]
done mkSMAdapter4B 1.0 True 15.69
Baked architecture → /home/digital-2/workspace/rl_gnn/vanilla_rl/temp_arch_dx_21213210.xml
  Size   : 27x27
  DSPs   : [(6, 1)]
  BRAMs  : [(2, 1), (2, 7)]
done mkSMAdapter4B 1.2 True 11.58
Baked architecture → /home/digital-2/workspace/rl_gnn/vanilla_rl/temp_arch_dx_4600b676.xml
  Size   : 27x27
  DSPs   : [(6, 1)]
  BRAMs  : [(2, 1), (2, 7)]
done mkSMAdapter4B 1.1 True 12.33
Baked architecture → /home/digital-2/workspace/rl_gnn/vanilla_rl/temp_arch_dx_d022d3b0.xml
  Size   : 27x27
  DSPs   : [(6, 1)]
  BRAMs  : [(2, 1), (2, 7)]
done mkSMAdapter4B 1.5 True 12.38
Baked architecture → /home/digital-2/workspace/rl_gnn/vanilla_rl/temp_arch_dx_d7f05781.xml
  Size   : 27x27
  DSPs   : [(6, 1)]
  BRAMs  : [(2, 1), (2, 7)]
done mkSMAdapter4B 1.7 True 12.49
Baked architecture → /home/digital-2/workspace/rl_gnn/vanilla_rl/temp_arch_dx_231d6092.xml
  Size   : 27x27
  DSPs   : [(6, 1)]
  BRAMs  : [(2, 1), (2, 7)]
done mkSMAdapter4B 1.6 True 13.84
Baked architecture → /home/digital-2/workspace/rl_gnn/vanilla_rl/temp_arch_dx_851fae26.xml
  Size   : 27x27
  DSPs   : [(6, 1)]
  BRAMs  : [(2, 1), (2, 7)]
done mkSMAdapter4B 1.3 True 17.0
Baked architecture → /home/digital-2/workspace/rl_gnn/vanilla_rl/temp_arch_dx_2e1b45fa.xml
  Size   : 27x27
  DSPs   : [(6, 1)]
  BRAMs  : [(2, 1), (2, 7)]
done mkSMAdapter4B 1.9 True 13.84
Baked architecture → /home/digital-2/workspace/rl_gnn/vanilla_rl/temp_arch_dx_cacae64f.xml
  Size   : 27x27
  DSPs   : [(6, 1)]
  BRAMs  : [(2, 1), (2, 7)]
done mkSMAdapter4B 1.8 True 14.69
Baked architecture → /home/digital-2/workspace/rl_gnn/vanilla_rl/temp_arch_dx_67c7da39.xml
  Size   : 27x27
  DSPs   : [(6, 1)]
  BRAMs  : [(2, 1), (2, 7)]
done mkSMAdapter4B 2.0 True 13.69
Baked architecture → /home/digital-2/workspace/rl_gnn/vanilla_rl/temp_arch_dx_31f692fc.xml
  Size   : 27x27
  DSPs   : [(6, 1)]
  BRAMs  : [(2, 1), (2, 7)]
done mkSMAdapter4B 1.4 True 19.3
Baked architecture → /home/digital-2/workspace/rl_gnn/vanilla_rl/temp_arch_dx_a029c2ae.xml
  Size   : 27x27
  DSPs   : [(6, 1)]
  BRAMs  : [(2, 1), (2, 7)]
done or1200 0.2 True 25.91
Baked architecture → /home/digital-2/workspace/rl_gnn/vanilla_rl/temp_arch_dx_db9981bc.xml
  Size   : 27x27
  DSPs   : [(6, 1)]
  BRAMs  : [(2, 1), (2, 7)]
done or1200 0.1 True 30.83
Baked architecture → /home/digital-2/workspace/rl_gnn/vanilla_rl/temp_arch_dx_675e85b7.xml
  Size   : 27x27
  DSPs   : [(6, 1)]
  BRAMs  : [(2, 1), (2, 7)]
done or1200 0.3 True 30.77
Baked architecture → /home/digital-2/workspace/rl_gnn/vanilla_rl/temp_arch_dx_470cf67f.xml
  Size   : 27x27
  DSPs   : [(6, 1)]
  BRAMs  : [(2, 1), (2, 7)]
done or1200 0.5 True 34.19
Baked architecture → /home/digital-2/workspace/rl_gnn/vanilla_rl/temp_arch_dx_7a6bf4d0.xml
  Size   : 27x27
  DSPs   : [(6, 1)]
  BRAMs  : [(2, 1), (2, 7)]
done or1200 1.0 True 28.66
Baked architecture → /home/digital-2/workspace/rl_gnn/vanilla_rl/temp_arch_dx_90109b60.xml
  Size   : 28x28
  DSPs   : []
  BRAMs  : [(2, 1), (2, 7), (2, 13), (2, 19), (10, 1), (10, 7), (10, 13), (10, 19), (18, 1), (18, 7), (18, 13), (18, 19), (26, 1), (26, 7), (26, 13)]
done or1200 1.3 True 26.86
Baked architecture → /home/digital-2/workspace/rl_gnn/vanilla_rl/temp_arch_dx_43dd8217.xml
  Size   : 28x28
  DSPs   : []
  BRAMs  : [(2, 1), (2, 7), (2, 13), (2, 19), (10, 1), (10, 7), (10, 13), (10, 19), (18, 1), (18, 7), (18, 13), (18, 19), (26, 1), (26, 7), (26, 13)]
done or1200 1.2 True 29.22
Baked architecture → /home/digital-2/workspace/rl_gnn/vanilla_rl/temp_arch_dx_6230f409.xml
  Size   : 28x28
  DSPs   : []
  BRAMs  : [(2, 1), (2, 7), (2, 13), (2, 19), (10, 1), (10, 7), (10, 13), (10, 19), (18, 1), (18, 7), (18, 13), (18, 19), (26, 1), (26, 7), (26, 13)]
done or1200 1.5 True 29.52
Baked architecture → /home/digital-2/workspace/rl_gnn/vanilla_rl/temp_arch_dx_b797c41b.xml
  Size   : 28x28
  DSPs   : []
  BRAMs  : [(2, 1), (2, 7), (2, 13), (2, 19), (10, 1), (10, 7), (10, 13), (10, 19), (18, 1), (18, 7), (18, 13), (18, 19), (26, 1), (26, 7), (26, 13)]
done or1200 1.1 True 32.47
Baked architecture → /home/digital-2/workspace/rl_gnn/vanilla_rl/temp_arch_dx_60c2015e.xml
  Size   : 28x28
  DSPs   : []
  BRAMs  : [(2, 1), (2, 7), (2, 13), (2, 19), (10, 1), (10, 7), (10, 13), (10, 19), (18, 1), (18, 7), (18, 13), (18, 19), (26, 1), (26, 7), (26, 13)]
done or1200 0.6 True 44.4
Baked architecture → /home/digital-2/workspace/rl_gnn/vanilla_rl/temp_arch_dx_60446cf5.xml
  Size   : 28x28
  DSPs   : []
  BRAMs  : [(2, 1), (2, 7), (2, 13), (2, 19), (10, 1), (10, 7), (10, 13), (10, 19), (18, 1), (18, 7), (18, 13), (18, 19), (26, 1), (26, 7), (26, 13)]
done or1200 0.4 True 47.32
Baked architecture → /home/digital-2/workspace/rl_gnn/vanilla_rl/temp_arch_dx_714021f2.xml
  Size   : 28x28
  DSPs   : []
  BRAMs  : [(2, 1), (2, 7), (2, 13), (2, 19), (10, 1), (10, 7), (10, 13), (10, 19), (18, 1), (18, 7), (18, 13), (18, 19), (26, 1), (26, 7), (26, 13)]
done or1200 1.4 True 38.65
Baked architecture → /home/digital-2/workspace/rl_gnn/vanilla_rl/temp_arch_dx_2a044429.xml
  Size   : 28x28
  DSPs   : []
  BRAMs  : [(2, 1), (2, 7), (2, 13), (2, 19), (10, 1), (10, 7), (10, 13), (10, 19), (18, 1), (18, 7), (18, 13), (18, 19), (26, 1), (26, 7), (26, 13)]
done or1200 0.7 True 45.81
Baked architecture → /home/digital-2/workspace/rl_gnn/vanilla_rl/temp_arch_dx_45f51569.xml
  Size   : 28x28
  DSPs   : []
  BRAMs  : [(2, 1), (2, 7), (2, 13), (2, 19), (10, 1), (10, 7), (10, 13), (10, 19), (18, 1), (18, 7), (18, 13), (18, 19), (26, 1), (26, 7), (26, 13)]
done mkPktMerge 0.4 True 16.24
Baked architecture → /home/digital-2/workspace/rl_gnn/vanilla_rl/temp_arch_dx_dc786488.xml
  Size   : 28x28
  DSPs   : []
  BRAMs  : [(2, 1), (2, 7), (2, 13), (2, 19), (10, 1), (10, 7), (10, 13), (10, 19), (18, 1), (18, 7), (18, 13), (18, 19), (26, 1), (26, 7), (26, 13)]
done mkPktMerge 0.7 True 8.58
Baked architecture → /home/digital-2/workspace/rl_gnn/vanilla_rl/temp_arch_dx_2e79e44f.xml
  Size   : 28x28
  DSPs   : []
  BRAMs  : [(2, 1), (2, 7), (2, 13), (2, 19), (10, 1), (10, 7), (10, 13), (10, 19), (18, 1), (18, 7), (18, 13), (18, 19), (26, 1), (26, 7), (26, 13)]
done mkPktMerge 0.8 True 7.73
Baked architecture → /home/digital-2/workspace/rl_gnn/vanilla_rl/temp_arch_dx_313d3360.xml
  Size   : 28x28
  DSPs   : []
  BRAMs  : [(2, 1), (2, 7), (2, 13), (2, 19), (10, 1), (10, 7), (10, 13), (10, 19), (18, 1), (18, 7), (18, 13), (18, 19), (26, 1), (26, 7), (26, 13)]
done mkPktMerge 0.9 True 8.18
Baked architecture → /home/digital-2/workspace/rl_gnn/vanilla_rl/temp_arch_dx_4618a313.xml
  Size   : 28x28
  DSPs   : []
  BRAMs  : [(2, 1), (2, 7), (2, 13), (2, 19), (10, 1), (10, 7), (10, 13), (10, 19), (18, 1), (18, 7), (18, 13), (18, 19), (26, 1), (26, 7), (26, 13)]
done or1200 0.9 True 50.61
Baked architecture → /home/digital-2/workspace/rl_gnn/vanilla_rl/temp_arch_dx_c3ed5689.xml
  Size   : 28x28
  DSPs   : []
  BRAMs  : [(2, 1), (2, 7), (2, 13), (2, 19), (10, 1), (10, 7), (10, 13), (10, 19), (18, 1), (18, 7), (18, 13), (18, 19), (26, 1), (26, 7), (26, 13)]
done mkPktMerge 0.3 True 20.41
Baked architecture → /home/digital-2/workspace/rl_gnn/vanilla_rl/temp_arch_dx_045c78d3.xml
  Size   : 28x28
  DSPs   : []
  BRAMs  : [(2, 1), (2, 7), (2, 13), (2, 19), (10, 1), (10, 7), (10, 13), (10, 19), (18, 1), (18, 7), (18, 13), (18, 19), (26, 1), (26, 7), (26, 13)]
done or1200 1.6 True 46.26
Baked architecture → /home/digital-2/workspace/rl_gnn/vanilla_rl/temp_arch_dx_3b8c23d7.xml
  Size   : 28x28
  DSPs   : []
  BRAMs  : [(2, 1), (2, 7), (2, 13), (2, 19), (10, 1), (10, 7), (10, 13), (10, 19), (18, 1), (18, 7), (18, 13), (18, 19), (26, 1), (26, 7), (26, 13)]
done or1200 1.7 True 35.89
Baked architecture → /home/digital-2/workspace/rl_gnn/vanilla_rl/temp_arch_dx_b67eb590.xml
  Size   : 28x28
  DSPs   : []
  BRAMs  : [(2, 1), (2, 7), (2, 13), (2, 19), (10, 1), (10, 7), (10, 13), (10, 19), (18, 1), (18, 7), (18, 13), (18, 19), (26, 1), (26, 7), (26, 13)]
done mkPktMerge 0.6 True 15.14
Baked architecture → /home/digital-2/workspace/rl_gnn/vanilla_rl/temp_arch_dx_786a8fe7.xml
  Size   : 28x28
  DSPs   : []
  BRAMs  : [(2, 1), (2, 7), (2, 13), (2, 19), (10, 1), (10, 7), (10, 13), (10, 19), (18, 1), (18, 7), (18, 13), (18, 19), (26, 1), (26, 7), (26, 13)]
done mkPktMerge 1.0 True 6.93
Baked architecture → /home/digital-2/workspace/rl_gnn/vanilla_rl/temp_arch_dx_bcb0cdee.xml
  Size   : 28x28
  DSPs   : []
  BRAMs  : [(2, 1), (2, 7), (2, 13), (2, 19), (10, 1), (10, 7), (10, 13), (10, 19), (18, 1), (18, 7), (18, 13), (18, 19), (26, 1), (26, 7), (26, 13)]
done mkPktMerge 1.2 True 6.42
Baked architecture → /home/digital-2/workspace/rl_gnn/vanilla_rl/temp_arch_dx_9ddd4093.xml
  Size   : 28x28
  DSPs   : []
  BRAMs  : [(2, 1), (2, 7), (2, 13), (2, 19), (10, 1), (10, 7), (10, 13), (10, 19), (18, 1), (18, 7), (18, 13), (18, 19), (26, 1), (26, 7), (26, 13)]
done or1200 1.9 True 31.93
Baked architecture → /home/digital-2/workspace/rl_gnn/vanilla_rl/temp_arch_dx_6927a271.xml
  Size   : 14x14
  DSPs   : [(6, 1), (6, 5), (6, 9)]
  BRAMs  : [(2, 1)]
done mkPktMerge 0.5 True 23.21
Baked architecture → /home/digital-2/workspace/rl_gnn/vanilla_rl/temp_arch_dx_0a79ef12.xml
  Size   : 14x14
  DSPs   : [(6, 1), (6, 5), (6, 9)]
  BRAMs  : [(2, 1)]
done or1200 0.8 True 60.85
Baked architecture → /home/digital-2/workspace/rl_gnn/vanilla_rl/temp_arch_dx_8876316a.xml
  Size   : 14x14
  DSPs   : [(6, 1), (6, 5), (6, 9)]
  BRAMs  : [(2, 1)]
done or1200 1.8 True 34.99
Baked architecture → /home/digital-2/workspace/rl_gnn/vanilla_rl/temp_arch_dx_d7d220f3.xml
  Size   : 14x14
  DSPs   : [(6, 1), (6, 5), (6, 9)]
  BRAMs  : [(2, 1)]
done mkPktMerge 1.4 True 7.63
Baked architecture → /home/digital-2/workspace/rl_gnn/vanilla_rl/temp_arch_dx_8b922c35.xml
  Size   : 14x14
  DSPs   : [(6, 1), (6, 5), (6, 9)]
  BRAMs  : [(2, 1)]
done mkPktMerge 1.5 True 8.14
Baked architecture → /home/digital-2/workspace/rl_gnn/vanilla_rl/temp_arch_dx_a802ee10.xml
  Size   : 14x14
  DSPs   : [(6, 1), (6, 5), (6, 9)]
  BRAMs  : [(2, 1)]
done mkPktMerge 1.1 True 10.39
Baked architecture → /home/digital-2/workspace/rl_gnn/vanilla_rl/temp_arch_dx_d4a3bd02.xml
  Size   : 14x14
  DSPs   : [(6, 1), (6, 5), (6, 9)]
  BRAMs  : [(2, 1)]
done custom_macbuf 0.5 True 1.97
Baked architecture → /home/digital-2/workspace/rl_gnn/vanilla_rl/temp_arch_dx_4e215d94.xml
  Size   : 14x14
  DSPs   : [(6, 1), (6, 5), (6, 9)]
  BRAMs  : [(2, 1)]
done custom_macbuf 0.1 True 3.73
Baked architecture → /home/digital-2/workspace/rl_gnn/vanilla_rl/temp_arch_dx_ed9e8af6.xml
  Size   : 14x14
  DSPs   : [(6, 1), (6, 5), (6, 9)]
  BRAMs  : [(2, 1)]
done custom_macbuf 0.4 True 2.42
Baked architecture → /home/digital-2/workspace/rl_gnn/vanilla_rl/temp_arch_dx_6fc63d8b.xml
  Size   : 14x14
  DSPs   : [(6, 1), (6, 5), (6, 9)]
  BRAMs  : [(2, 1)]
done mkPktMerge 1.6 True 8.18
Baked architecture → /home/digital-2/workspace/rl_gnn/vanilla_rl/temp_arch_dx_9ccc9634.xml
  Size   : 14x14
  DSPs   : [(6, 1), (6, 5), (6, 9)]
  BRAMs  : [(2, 1)]
done custom_macbuf 0.3 True 3.33
Baked architecture → /home/digital-2/workspace/rl_gnn/vanilla_rl/temp_arch_dx_e8809d33.xml
  Size   : 14x14
  DSPs   : [(6, 1), (6, 5), (6, 9)]
  BRAMs  : [(2, 1)]
done mkPktMerge 1.3 True 10.99
Baked architecture → /home/digital-2/workspace/rl_gnn/vanilla_rl/temp_arch_dx_63d40665.xml
  Size   : 14x14
  DSPs   : [(6, 1), (6, 5), (6, 9)]
  BRAMs  : [(2, 1)]
done custom_macbuf 0.2 True 4.38
Baked architecture → /home/digital-2/workspace/rl_gnn/vanilla_rl/temp_arch_dx_2063419a.xml
  Size   : 14x14
  DSPs   : [(6, 1), (6, 5), (6, 9)]
  BRAMs  : [(2, 1)]
done custom_macbuf 0.7 True 2.33
Baked architecture → /home/digital-2/workspace/rl_gnn/vanilla_rl/temp_arch_dx_8ae870a6.xml
  Size   : 14x14
  DSPs   : [(6, 1), (6, 5), (6, 9)]
  BRAMs  : [(2, 1)]
done mkPktMerge 1.7 True 8.23
Baked architecture → /home/digital-2/workspace/rl_gnn/vanilla_rl/temp_arch_dx_60feeb2f.xml
  Size   : 14x14
  DSPs   : [(6, 1), (6, 5), (6, 9)]
  BRAMs  : [(2, 1)]
done custom_macbuf 1.1 True 2.67
Baked architecture → /home/digital-2/workspace/rl_gnn/vanilla_rl/temp_arch_dx_66132138.xml
  Size   : 14x14
  DSPs   : [(6, 1), (6, 5), (6, 9)]
  BRAMs  : [(2, 1)]
done custom_macbuf 0.6 True 3.42
Baked architecture → /home/digital-2/workspace/rl_gnn/vanilla_rl/temp_arch_dx_066a7e07.xml
  Size   : 14x14
  DSPs   : [(6, 1), (6, 5), (6, 9)]
  BRAMs  : [(2, 1)]
done custom_macbuf 0.9 True 3.02
Baked architecture → /home/digital-2/workspace/rl_gnn/vanilla_rl/temp_arch_dx_a8161b3d.xml
  Size   : 14x14
  DSPs   : [(6, 1), (6, 5), (6, 9)]
  BRAMs  : [(2, 1)]
done custom_macbuf 0.8 True 3.17
Baked architecture → /home/digital-2/workspace/rl_gnn/vanilla_rl/temp_arch_dx_a6342e70.xml
  Size   : 14x14
  DSPs   : [(6, 1), (6, 5), (6, 9)]
  BRAMs  : [(2, 1)]
done custom_macbuf 1.0 True 3.33
Baked architecture → /home/digital-2/workspace/rl_gnn/vanilla_rl/temp_arch_dx_7bc29187.xml
  Size   : 50x50
  DSPs   : []
  BRAMs  : [(2, 1), (2, 7), (2, 13), (2, 19), (2, 25), (2, 31), (2, 37), (2, 43), (10, 1), (10, 7), (10, 13), (10, 19), (10, 25), (10, 31), (10, 37), (10, 43), (18, 1), (18, 7), (18, 13), (18, 19), (18, 25), (18, 31), (18, 37), (18, 43), (26, 1), (26, 7), (26, 13), (26, 19), (26, 25), (26, 31), (26, 37), (26, 43), (34, 1), (34, 7), (34, 13), (34, 19), (34, 25), (34, 31), (34, 37), (34, 43), (42, 1), (42, 7), (42, 13)]
done mkPktMerge 1.8 True 8.28
Baked architecture → /home/digital-2/workspace/rl_gnn/vanilla_rl/temp_arch_dx_e8ba1c21.xml
  Size   : 50x50
  DSPs   : []
  BRAMs  : [(2, 1), (2, 7), (2, 13), (2, 19), (2, 25), (2, 31), (2, 37), (2, 43), (10, 1), (10, 7), (10, 13), (10, 19), (10, 25), (10, 31), (10, 37), (10, 43), (18, 1), (18, 7), (18, 13), (18, 19), (18, 25), (18, 31), (18, 37), (18, 43), (26, 1), (26, 7), (26, 13), (26, 19), (26, 25), (26, 31), (26, 37), (26, 43), (34, 1), (34, 7), (34, 13), (34, 19), (34, 25), (34, 31), (34, 37), (34, 43), (42, 1), (42, 7), (42, 13)]
done custom_macbuf 1.3 True 2.77
Baked architecture → /home/digital-2/workspace/rl_gnn/vanilla_rl/temp_arch_dx_07c2b1f8.xml
  Size   : 50x50
  DSPs   : []
  BRAMs  : [(2, 1), (2, 7), (2, 13), (2, 19), (2, 25), (2, 31), (2, 37), (2, 43), (10, 1), (10, 7), (10, 13), (10, 19), (10, 25), (10, 31), (10, 37), (10, 43), (18, 1), (18, 7), (18, 13), (18, 19), (18, 25), (18, 31), (18, 37), (18, 43), (26, 1), (26, 7), (26, 13), (26, 19), (26, 25), (26, 31), (26, 37), (26, 43), (34, 1), (34, 7), (34, 13), (34, 19), (34, 25), (34, 31), (34, 37), (34, 43), (42, 1), (42, 7), (42, 13)]
done custom_macbuf 1.2 True 3.48
Baked architecture → /home/digital-2/workspace/rl_gnn/vanilla_rl/temp_arch_dx_31a8d6c5.xml
  Size   : 50x50
  DSPs   : []
  BRAMs  : [(2, 1), (2, 7), (2, 13), (2, 19), (2, 25), (2, 31), (2, 37), (2, 43), (10, 1), (10, 7), (10, 13), (10, 19), (10, 25), (10, 31), (10, 37), (10, 43), (18, 1), (18, 7), (18, 13), (18, 19), (18, 25), (18, 31), (18, 37), (18, 43), (26, 1), (26, 7), (26, 13), (26, 19), (26, 25), (26, 31), (26, 37), (26, 43), (34, 1), (34, 7), (34, 13), (34, 19), (34, 25), (34, 31), (34, 37), (34, 43), (42, 1), (42, 7), (42, 13)]
done mkPktMerge 2.0 True 8.79
Baked architecture → /home/digital-2/workspace/rl_gnn/vanilla_rl/temp_arch_dx_cce03ab3.xml
  Size   : 50x50
  DSPs   : []
  BRAMs  : [(2, 1), (2, 7), (2, 13), (2, 19), (2, 25), (2, 31), (2, 37), (2, 43), (10, 1), (10, 7), (10, 13), (10, 19), (10, 25), (10, 31), (10, 37), (10, 43), (18, 1), (18, 7), (18, 13), (18, 19), (18, 25), (18, 31), (18, 37), (18, 43), (26, 1), (26, 7), (26, 13), (26, 19), (26, 25), (26, 31), (26, 37), (26, 43), (34, 1), (34, 7), (34, 13), (34, 19), (34, 25), (34, 31), (34, 37), (34, 43), (42, 1), (42, 7), (42, 13)]
done custom_macbuf 1.6 True 2.92
Baked architecture → /home/digital-2/workspace/rl_gnn/vanilla_rl/temp_arch_dx_5fc866a2.xml
  Size   : 50x50
  DSPs   : []
  BRAMs  : [(2, 1), (2, 7), (2, 13), (2, 19), (2, 25), (2, 31), (2, 37), (2, 43), (10, 1), (10, 7), (10, 13), (10, 19), (10, 25), (10, 31), (10, 37), (10, 43), (18, 1), (18, 7), (18, 13), (18, 19), (18, 25), (18, 31), (18, 37), (18, 43), (26, 1), (26, 7), (26, 13), (26, 19), (26, 25), (26, 31), (26, 37), (26, 43), (34, 1), (34, 7), (34, 13), (34, 19), (34, 25), (34, 31), (34, 37), (34, 43), (42, 1), (42, 7), (42, 13)]
done custom_macbuf 1.7 True 2.52
Baked architecture → /home/digital-2/workspace/rl_gnn/vanilla_rl/temp_arch_dx_765a9606.xml
  Size   : 50x50
  DSPs   : []
  BRAMs  : [(2, 1), (2, 7), (2, 13), (2, 19), (2, 25), (2, 31), (2, 37), (2, 43), (10, 1), (10, 7), (10, 13), (10, 19), (10, 25), (10, 31), (10, 37), (10, 43), (18, 1), (18, 7), (18, 13), (18, 19), (18, 25), (18, 31), (18, 37), (18, 43), (26, 1), (26, 7), (26, 13), (26, 19), (26, 25), (26, 31), (26, 37), (26, 43), (34, 1), (34, 7), (34, 13), (34, 19), (34, 25), (34, 31), (34, 37), (34, 43), (42, 1), (42, 7), (42, 13)]
done custom_macbuf 1.4 True 3.93
Baked architecture → /home/digital-2/workspace/rl_gnn/vanilla_rl/temp_arch_dx_dd39092c.xml
  Size   : 50x50
  DSPs   : []
  BRAMs  : [(2, 1), (2, 7), (2, 13), (2, 19), (2, 25), (2, 31), (2, 37), (2, 43), (10, 1), (10, 7), (10, 13), (10, 19), (10, 25), (10, 31), (10, 37), (10, 43), (18, 1), (18, 7), (18, 13), (18, 19), (18, 25), (18, 31), (18, 37), (18, 43), (26, 1), (26, 7), (26, 13), (26, 19), (26, 25), (26, 31), (26, 37), (26, 43), (34, 1), (34, 7), (34, 13), (34, 19), (34, 25), (34, 31), (34, 37), (34, 43), (42, 1), (42, 7), (42, 13)]
done custom_macbuf 1.5 True 3.32
Baked architecture → /home/digital-2/workspace/rl_gnn/vanilla_rl/temp_arch_dx_595647b2.xml
  Size   : 50x50
  DSPs   : []
  BRAMs  : [(2, 1), (2, 7), (2, 13), (2, 19), (2, 25), (2, 31), (2, 37), (2, 43), (10, 1), (10, 7), (10, 13), (10, 19), (10, 25), (10, 31), (10, 37), (10, 43), (18, 1), (18, 7), (18, 13), (18, 19), (18, 25), (18, 31), (18, 37), (18, 43), (26, 1), (26, 7), (26, 13), (26, 19), (26, 25), (26, 31), (26, 37), (26, 43), (34, 1), (34, 7), (34, 13), (34, 19), (34, 25), (34, 31), (34, 37), (34, 43), (42, 1), (42, 7), (42, 13)]
done mkPktMerge 1.9 True 9.84
Baked architecture → /home/digital-2/workspace/rl_gnn/vanilla_rl/temp_arch_dx_8801fe18.xml
  Size   : 50x50
  DSPs   : []
  BRAMs  : [(2, 1), (2, 7), (2, 13), (2, 19), (2, 25), (2, 31), (2, 37), (2, 43), (10, 1), (10, 7), (10, 13), (10, 19), (10, 25), (10, 31), (10, 37), (10, 43), (18, 1), (18, 7), (18, 13), (18, 19), (18, 25), (18, 31), (18, 37), (18, 43), (26, 1), (26, 7), (26, 13), (26, 19), (26, 25), (26, 31), (26, 37), (26, 43), (34, 1), (34, 7), (34, 13), (34, 19), (34, 25), (34, 31), (34, 37), (34, 43), (42, 1), (42, 7), (42, 13)]
done custom_macbuf 2.0 True 2.87
Baked architecture → /home/digital-2/workspace/rl_gnn/vanilla_rl/temp_arch_dx_2e3223d3.xml
  Size   : 50x50
  DSPs   : []
  BRAMs  : [(2, 1), (2, 7), (2, 13), (2, 19), (2, 25), (2, 31), (2, 37), (2, 43), (10, 1), (10, 7), (10, 13), (10, 19), (10, 25), (10, 31), (10, 37), (10, 43), (18, 1), (18, 7), (18, 13), (18, 19), (18, 25), (18, 31), (18, 37), (18, 43), (26, 1), (26, 7), (26, 13), (26, 19), (26, 25), (26, 31), (26, 37), (26, 43), (34, 1), (34, 7), (34, 13), (34, 19), (34, 25), (34, 31), (34, 37), (34, 43), (42, 1), (42, 7), (42, 13)]
done custom_macbuf 1.8 True 4.33
Baked architecture → /home/digital-2/workspace/rl_gnn/vanilla_rl/temp_arch_dx_029cbd6c.xml
  Size   : 50x50
  DSPs   : []
  BRAMs  : [(2, 1), (2, 7), (2, 13), (2, 19), (2, 25), (2, 31), (2, 37), (2, 43), (10, 1), (10, 7), (10, 13), (10, 19), (10, 25), (10, 31), (10, 37), (10, 43), (18, 1), (18, 7), (18, 13), (18, 19), (18, 25), (18, 31), (18, 37), (18, 43), (26, 1), (26, 7), (26, 13), (26, 19), (26, 25), (26, 31), (26, 37), (26, 43), (34, 1), (34, 7), (34, 13), (34, 19), (34, 25), (34, 31), (34, 37), (34, 43), (42, 1), (42, 7), (42, 13)]
done custom_macbuf 1.9 True 4.54
Baked architecture → /home/digital-2/workspace/rl_gnn/vanilla_rl/temp_arch_dx_05b4142a.xml
  Size   : 50x50
  DSPs   : []
  BRAMs  : [(2, 1), (2, 7), (2, 13), (2, 19), (2, 25), (2, 31), (2, 37), (2, 43), (10, 1), (10, 7), (10, 13), (10, 19), (10, 25), (10, 31), (10, 37), (10, 43), (18, 1), (18, 7), (18, 13), (18, 19), (18, 25), (18, 31), (18, 37), (18, 43), (26, 1), (26, 7), (26, 13), (26, 19), (26, 25), (26, 31), (26, 37), (26, 43), (34, 1), (34, 7), (34, 13), (34, 19), (34, 25), (34, 31), (34, 37), (34, 43), (42, 1), (42, 7), (42, 13)]
done mkPktMerge 0.2 True 38.49
Baked architecture → /home/digital-2/workspace/rl_gnn/vanilla_rl/temp_arch_dx_a9ad7b42.xml
  Size   : 50x50
  DSPs   : []
  BRAMs  : [(2, 1), (2, 7), (2, 13), (2, 19), (2, 25), (2, 31), (2, 37), (2, 43), (10, 1), (10, 7), (10, 13), (10, 19), (10, 25), (10, 31), (10, 37), (10, 43), (18, 1), (18, 7), (18, 13), (18, 19), (18, 25), (18, 31), (18, 37), (18, 43), (26, 1), (26, 7), (26, 13), (26, 19), (26, 25), (26, 31), (26, 37), (26, 43), (34, 1), (34, 7), (34, 13), (34, 19), (34, 25), (34, 31), (34, 37), (34, 43), (42, 1), (42, 7), (42, 13)]
done or1200 2.0 True 40.95
Baked architecture → /home/digital-2/workspace/rl_gnn/vanilla_rl/temp_arch_dx_7fe1c198.xml
  Size   : 50x50
  DSPs   : []
  BRAMs  : [(2, 1), (2, 7), (2, 13), (2, 19), (2, 25), (2, 31), (2, 37), (2, 43), (10, 1), (10, 7), (10, 13), (10, 19), (10, 25), (10, 31), (10, 37), (10, 43), (18, 1), (18, 7), (18, 13), (18, 19), (18, 25), (18, 31), (18, 37), (18, 43), (26, 1), (26, 7), (26, 13), (26, 19), (26, 25), (26, 31), (26, 37), (26, 43), (34, 1), (34, 7), (34, 13), (34, 19), (34, 25), (34, 31), (34, 37), (34, 43), (42, 1), (42, 7), (42, 13)]
done mkPktMerge 0.1 True 64.57
Baked architecture → /home/digital-2/workspace/rl_gnn/vanilla_rl/temp_arch_dx_5c08934d.xml
  Size   : 50x50
  DSPs   : []
  BRAMs  : [(2, 1), (2, 7), (2, 13), (2, 19), (2, 25), (2, 31), (2, 37), (2, 43), (10, 1), (10, 7), (10, 13), (10, 19), (10, 25), (10, 31), (10, 37), (10, 43), (18, 1), (18, 7), (18, 13), (18, 19), (18, 25), (18, 31), (18, 37), (18, 43), (26, 1), (26, 7), (26, 13), (26, 19), (26, 25), (26, 31), (26, 37), (26, 43), (34, 1), (34, 7), (34, 13), (34, 19), (34, 25), (34, 31), (34, 37), (34, 43), (42, 1), (42, 7), (42, 13)]
Baked architecture → /home/digital-2/workspace/rl_gnn/vanilla_rl/temp_arch_dx_a339ec0d.xml
  Size   : 50x50
  DSPs   : []
  BRAMs  : [(2, 1), (2, 7), (2, 13), (2, 19), (2, 25), (2, 31), (2, 37), (2, 43), (10, 1), (10, 7), (10, 13), (10, 19), (10, 25), (10, 31), (10, 37), (10, 43), (18, 1), (18, 7), (18, 13), (18, 19), (18, 25), (18, 31), (18, 37), (18, 43), (26, 1), (26, 7), (26, 13), (26, 19), (26, 25), (26, 31), (26, 37), (26, 43), (34, 1), (34, 7), (34, 13), (34, 19), (34, 25), (34, 31), (34, 37), (34, 43), (42, 1), (42, 7), (42, 13)]
done mkDelayWorker32B 0.8 True 43.14
Baked architecture → /home/digital-2/workspace/rl_gnn/vanilla_rl/temp_arch_dx_23543b1c.xml
  Size   : 50x50
  DSPs   : []
  BRAMs  : [(2, 1), (2, 7), (2, 13), (2, 19), (2, 25), (2, 31), (2, 37), (2, 43), (10, 1), (10, 7), (10, 13), (10, 19), (10, 25), (10, 31), (10, 37), (10, 43), (18, 1), (18, 7), (18, 13), (18, 19), (18, 25), (18, 31), (18, 37), (18, 43), (26, 1), (26, 7), (26, 13), (26, 19), (26, 25), (26, 31), (26, 37), (26, 43), (34, 1), (34, 7), (34, 13), (34, 19), (34, 25), (34, 31), (34, 37), (34, 43), (42, 1), (42, 7), (42, 13)]
done mkDelayWorker32B 0.9 True 44.16
Baked architecture → /home/digital-2/workspace/rl_gnn/vanilla_rl/temp_arch_dx_b73d311a.xml
  Size   : 50x50
  DSPs   : []
  BRAMs  : [(2, 1), (2, 7), (2, 13), (2, 19), (2, 25), (2, 31), (2, 37), (2, 43), (10, 1), (10, 7), (10, 13), (10, 19), (10, 25), (10, 31), (10, 37), (10, 43), (18, 1), (18, 7), (18, 13), (18, 19), (18, 25), (18, 31), (18, 37), (18, 43), (26, 1), (26, 7), (26, 13), (26, 19), (26, 25), (26, 31), (26, 37), (26, 43), (34, 1), (34, 7), (34, 13), (34, 19), (34, 25), (34, 31), (34, 37), (34, 43), (42, 1), (42, 7), (42, 13)]
done mkDelayWorker32B 1.0 True 44.72
done mkDelayWorker32B 0.6 True 49.86
Baked architecture → /home/digital-2/workspace/rl_gnn/vanilla_rl/temp_arch_dx_70436bc8.xml
  Size   : 50x50
  DSPs   : []
  BRAMs  : [(2, 1), (2, 7), (2, 13), (2, 19), (2, 25), (2, 31), (2, 37), (2, 43), (10, 1), (10, 7), (10, 13), (10, 19), (10, 25), (10, 31), (10, 37), (10, 43), (18, 1), (18, 7), (18, 13), (18, 19), (18, 25), (18, 31), (18, 37), (18, 43), (26, 1), (26, 7), (26, 13), (26, 19), (26, 25), (26, 31), (26, 37), (26, 43), (34, 1), (34, 7), (34, 13), (34, 19), (34, 25), (34, 31), (34, 37), (34, 43), (42, 1), (42, 7), (42, 13)]
done mkDelayWorker32B 1.3 True 53.23
Baked architecture → /home/digital-2/workspace/rl_gnn/vanilla_rl/temp_arch_dx_125025f8.xml
  Size   : 14x14
  DSPs   : []
  BRAMs  : [(2, 1), (2, 7), (10, 1)]
done mkDelayWorker32B 0.5 True 58.03
Baked architecture → /home/digital-2/workspace/rl_gnn/vanilla_rl/temp_arch_dx_501eeb29.xml
  Size   : 14x14
  DSPs   : []
  BRAMs  : [(2, 1), (2, 7), (10, 1)]
done mkDelayWorker32B 1.1 True 59.09
Baked architecture → /home/digital-2/workspace/rl_gnn/vanilla_rl/temp_arch_dx_976fb77c.xml
  Size   : 14x14
  DSPs   : []
  BRAMs  : [(2, 1), (2, 7), (10, 1)]
done mkDelayWorker32B 0.4 True 61.73
Baked architecture → /home/digital-2/workspace/rl_gnn/vanilla_rl/temp_arch_dx_78a94025.xml
  Size   : 14x14
  DSPs   : []
  BRAMs  : [(2, 1), (2, 7), (10, 1)]
done lightweight_cipher 0.2 True 6.33
Baked architecture → /home/digital-2/workspace/rl_gnn/vanilla_rl/temp_arch_dx_55037ad0.xml
  Size   : 14x14
  DSPs   : []
  BRAMs  : [(2, 1), (2, 7), (10, 1)]
done lightweight_cipher 0.4 True 4.37
Baked architecture → /home/digital-2/workspace/rl_gnn/vanilla_rl/temp_arch_dx_50e5a7a4.xml
  Size   : 14x14
  DSPs   : []
  BRAMs  : [(2, 1), (2, 7), (10, 1)]
done lightweight_cipher 0.1 True 9.85
Baked architecture → /home/digital-2/workspace/rl_gnn/vanilla_rl/temp_arch_dx_4575d53b.xml
  Size   : 14x14
  DSPs   : []
  BRAMs  : [(2, 1), (2, 7), (10, 1)]
done mkDelayWorker32B 0.7 True 65.89
Baked architecture → /home/digital-2/workspace/rl_gnn/vanilla_rl/temp_arch_dx_ef6543c5.xml
  Size   : 14x14
  DSPs   : []
  BRAMs  : [(2, 1), (2, 7), (10, 1)]
done lightweight_cipher 0.3 True 7.38
Baked architecture → /home/digital-2/workspace/rl_gnn/vanilla_rl/temp_arch_dx_4a54d7e8.xml
  Size   : 14x14
  DSPs   : []
  BRAMs  : [(2, 1), (2, 7), (10, 1)]
done mkDelayWorker32B 1.4 True 64.47
Baked architecture → /home/digital-2/workspace/rl_gnn/vanilla_rl/temp_arch_dx_7186411b.xml
  Size   : 14x14
  DSPs   : []
  BRAMs  : [(2, 1), (2, 7), (10, 1)]
done mkDelayWorker32B 1.2 True 65.9
Baked architecture → /home/digital-2/workspace/rl_gnn/vanilla_rl/temp_arch_dx_aaff0a0f.xml
  Size   : 14x14
  DSPs   : []
  BRAMs  : [(2, 1), (2, 7), (10, 1)]
done lightweight_cipher 0.5 True 4.28
Baked architecture → /home/digital-2/workspace/rl_gnn/vanilla_rl/temp_arch_dx_6221921f.xml
  Size   : 14x14
  DSPs   : []
  BRAMs  : [(2, 1), (2, 7), (10, 1)]
done lightweight_cipher 0.6 True 4.22
Baked architecture → /home/digital-2/workspace/rl_gnn/vanilla_rl/temp_arch_dx_fe4986a8.xml
  Size   : 14x14
  DSPs   : []
  BRAMs  : [(2, 1), (2, 7), (10, 1)]
done lightweight_cipher 0.7 True 4.58
Baked architecture → /home/digital-2/workspace/rl_gnn/vanilla_rl/temp_arch_dx_6f73d0c3.xml
  Size   : 14x14
  DSPs   : []
  BRAMs  : [(2, 1), (2, 7), (10, 1)]
done lightweight_cipher 0.9 True 3.52
Baked architecture → /home/digital-2/workspace/rl_gnn/vanilla_rl/temp_arch_dx_9d31cead.xml
  Size   : 14x14
  DSPs   : []
  BRAMs  : [(2, 1), (2, 7), (10, 1)]
done lightweight_cipher 1.1 True 3.32
Baked architecture → /home/digital-2/workspace/rl_gnn/vanilla_rl/temp_arch_dx_38b7e7fe.xml
  Size   : 14x14
  DSPs   : []
  BRAMs  : [(2, 1), (2, 7), (10, 1)]
done lightweight_cipher 0.8 True 5.28
Baked architecture → /home/digital-2/workspace/rl_gnn/vanilla_rl/temp_arch_dx_6b937569.xml
  Size   : 14x14
  DSPs   : []
  BRAMs  : [(2, 1), (2, 7), (10, 1)]
done lightweight_cipher 1.2 True 3.58
Baked architecture → /home/digital-2/workspace/rl_gnn/vanilla_rl/temp_arch_dx_18652b5e.xml
  Size   : 14x14
  DSPs   : []
  BRAMs  : [(2, 1), (2, 7), (10, 1)]
done lightweight_cipher 1.0 True 5.07
Baked architecture → /home/digital-2/workspace/rl_gnn/vanilla_rl/temp_arch_dx_0d31ba65.xml
  Size   : 14x14
  DSPs   : []
  BRAMs  : [(2, 1), (2, 7), (10, 1)]
done lightweight_cipher 1.3 True 3.53
Baked architecture → /home/digital-2/workspace/rl_gnn/vanilla_rl/temp_arch_dx_1d39ec11.xml
  Size   : 14x14
  DSPs   : []
  BRAMs  : [(2, 1), (2, 7), (10, 1)]
done lightweight_cipher 1.5 True 3.77
Baked architecture → /home/digital-2/workspace/rl_gnn/vanilla_rl/temp_arch_dx_175ac7a6.xml
  Size   : 44x44
  DSPs   : []
  BRAMs  : [(2, 1), (2, 7), (2, 13), (2, 19), (2, 25), (2, 31), (2, 37), (10, 1), (10, 7), (10, 13), (10, 19), (10, 25), (10, 31), (10, 37), (18, 1), (18, 7), (18, 13), (18, 19), (18, 25), (18, 31), (18, 37), (26, 1), (26, 7), (26, 13), (26, 19), (26, 25), (26, 31), (26, 37), (34, 1), (34, 7), (34, 13), (34, 19)]
done lightweight_cipher 1.6 True 4.33
Baked architecture → /home/digital-2/workspace/rl_gnn/vanilla_rl/temp_arch_dx_025dbeab.xml
  Size   : 44x44
  DSPs   : []
  BRAMs  : [(2, 1), (2, 7), (2, 13), (2, 19), (2, 25), (2, 31), (2, 37), (10, 1), (10, 7), (10, 13), (10, 19), (10, 25), (10, 31), (10, 37), (18, 1), (18, 7), (18, 13), (18, 19), (18, 25), (18, 31), (18, 37), (26, 1), (26, 7), (26, 13), (26, 19), (26, 25), (26, 31), (26, 37), (34, 1), (34, 7), (34, 13), (34, 19)]
done lightweight_cipher 1.7 True 4.48
Baked architecture → /home/digital-2/workspace/rl_gnn/vanilla_rl/temp_arch_dx_49b70d8c.xml
  Size   : 44x44
  DSPs   : []
  BRAMs  : [(2, 1), (2, 7), (2, 13), (2, 19), (2, 25), (2, 31), (2, 37), (10, 1), (10, 7), (10, 13), (10, 19), (10, 25), (10, 31), (10, 37), (18, 1), (18, 7), (18, 13), (18, 19), (18, 25), (18, 31), (18, 37), (26, 1), (26, 7), (26, 13), (26, 19), (26, 25), (26, 31), (26, 37), (34, 1), (34, 7), (34, 13), (34, 19)]
done lightweight_cipher 1.4 True 6.08
Baked architecture → /home/digital-2/workspace/rl_gnn/vanilla_rl/temp_arch_dx_a33c04b4.xml
  Size   : 44x44
  DSPs   : []
  BRAMs  : [(2, 1), (2, 7), (2, 13), (2, 19), (2, 25), (2, 31), (2, 37), (10, 1), (10, 7), (10, 13), (10, 19), (10, 25), (10, 31), (10, 37), (18, 1), (18, 7), (18, 13), (18, 19), (18, 25), (18, 31), (18, 37), (26, 1), (26, 7), (26, 13), (26, 19), (26, 25), (26, 31), (26, 37), (34, 1), (34, 7), (34, 13), (34, 19)]
done lightweight_cipher 1.8 True 4.52
Baked architecture → /home/digital-2/workspace/rl_gnn/vanilla_rl/temp_arch_dx_99a68bb7.xml
  Size   : 44x44
  DSPs   : []
  BRAMs  : [(2, 1), (2, 7), (2, 13), (2, 19), (2, 25), (2, 31), (2, 37), (10, 1), (10, 7), (10, 13), (10, 19), (10, 25), (10, 31), (10, 37), (18, 1), (18, 7), (18, 13), (18, 19), (18, 25), (18, 31), (18, 37), (26, 1), (26, 7), (26, 13), (26, 19), (26, 25), (26, 31), (26, 37), (34, 1), (34, 7), (34, 13), (34, 19)]
done lightweight_cipher 2.0 True 4.88
Baked architecture → /home/digital-2/workspace/rl_gnn/vanilla_rl/temp_arch_dx_f7e2d809.xml
  Size   : 44x44
  DSPs   : []
  BRAMs  : [(2, 1), (2, 7), (2, 13), (2, 19), (2, 25), (2, 31), (2, 37), (10, 1), (10, 7), (10, 13), (10, 19), (10, 25), (10, 31), (10, 37), (18, 1), (18, 7), (18, 13), (18, 19), (18, 25), (18, 31), (18, 37), (26, 1), (26, 7), (26, 13), (26, 19), (26, 25), (26, 31), (26, 37), (34, 1), (34, 7), (34, 13), (34, 19)]
done lightweight_cipher 1.9 True 6.88
Baked architecture → /home/digital-2/workspace/rl_gnn/vanilla_rl/temp_arch_dx_c61b05df.xml
  Size   : 44x44
  DSPs   : []
  BRAMs  : [(2, 1), (2, 7), (2, 13), (2, 19), (2, 25), (2, 31), (2, 37), (10, 1), (10, 7), (10, 13), (10, 19), (10, 25), (10, 31), (10, 37), (18, 1), (18, 7), (18, 13), (18, 19), (18, 25), (18, 31), (18, 37), (26, 1), (26, 7), (26, 13), (26, 19), (26, 25), (26, 31), (26, 37), (34, 1), (34, 7), (34, 13), (34, 19)]
done mkDelayWorker32B 1.6 True 51.35
Baked architecture → /home/digital-2/workspace/rl_gnn/vanilla_rl/temp_arch_dx_041ae6bb.xml
  Size   : 44x44
  DSPs   : []
  BRAMs  : [(2, 1), (2, 7), (2, 13), (2, 19), (2, 25), (2, 31), (2, 37), (10, 1), (10, 7), (10, 13), (10, 19), (10, 25), (10, 31), (10, 37), (18, 1), (18, 7), (18, 13), (18, 19), (18, 25), (18, 31), (18, 37), (26, 1), (26, 7), (26, 13), (26, 19), (26, 25), (26, 31), (26, 37), (34, 1), (34, 7), (34, 13), (34, 19)]
done mkDelayWorker32B 1.5 True 78.75
Baked architecture → /home/digital-2/workspace/rl_gnn/vanilla_rl/temp_arch_dx_4a6c0d59.xml
  Size   : 44x44
  DSPs   : []
  BRAMs  : [(2, 1), (2, 7), (2, 13), (2, 19), (2, 25), (2, 31), (2, 37), (10, 1), (10, 7), (10, 13), (10, 19), (10, 25), (10, 31), (10, 37), (18, 1), (18, 7), (18, 13), (18, 19), (18, 25), (18, 31), (18, 37), (26, 1), (26, 7), (26, 13), (26, 19), (26, 25), (26, 31), (26, 37), (34, 1), (34, 7), (34, 13), (34, 19)]
done mkDelayWorker32B 1.7 True 51.16
Baked architecture → /home/digital-2/workspace/rl_gnn/vanilla_rl/temp_arch_dx_bb3bb2bd.xml
  Size   : 44x44
  DSPs   : []
  BRAMs  : [(2, 1), (2, 7), (2, 13), (2, 19), (2, 25), (2, 31), (2, 37), (10, 1), (10, 7), (10, 13), (10, 19), (10, 25), (10, 31), (10, 37), (18, 1), (18, 7), (18, 13), (18, 19), (18, 25), (18, 31), (18, 37), (26, 1), (26, 7), (26, 13), (26, 19), (26, 25), (26, 31), (26, 37), (34, 1), (34, 7), (34, 13), (34, 19)]
done mkDelayWorker32B 0.2 True 111.07
Baked architecture → /home/digital-2/workspace/rl_gnn/vanilla_rl/temp_arch_dx_bfabcd14.xml
  Size   : 44x44
  DSPs   : []
  BRAMs  : [(2, 1), (2, 7), (2, 13), (2, 19), (2, 25), (2, 31), (2, 37), (10, 1), (10, 7), (10, 13), (10, 19), (10, 25), (10, 31), (10, 37), (18, 1), (18, 7), (18, 13), (18, 19), (18, 25), (18, 31), (18, 37), (26, 1), (26, 7), (26, 13), (26, 19), (26, 25), (26, 31), (26, 37), (34, 1), (34, 7), (34, 13), (34, 19)]
done mkDelayWorker32B 2.0 True 65.23
Baked architecture → /home/digital-2/workspace/rl_gnn/vanilla_rl/temp_arch_dx_0e082de7.xml
  Size   : 44x44
  DSPs   : []
  BRAMs  : [(2, 1), (2, 7), (2, 13), (2, 19), (2, 25), (2, 31), (2, 37), (10, 1), (10, 7), (10, 13), (10, 19), (10, 25), (10, 31), (10, 37), (18, 1), (18, 7), (18, 13), (18, 19), (18, 25), (18, 31), (18, 37), (26, 1), (26, 7), (26, 13), (26, 19), (26, 25), (26, 31), (26, 37), (34, 1), (34, 7), (34, 13), (34, 19)]
done mkDelayWorker32B 0.3 True 118.37
Baked architecture → /home/digital-2/workspace/rl_gnn/vanilla_rl/temp_arch_dx_c59a208a.xml
  Size   : 44x44
  DSPs   : []
  BRAMs  : [(2, 1), (2, 7), (2, 13), (2, 19), (2, 25), (2, 31), (2, 37), (10, 1), (10, 7), (10, 13), (10, 19), (10, 25), (10, 31), (10, 37), (18, 1), (18, 7), (18, 13), (18, 19), (18, 25), (18, 31), (18, 37), (26, 1), (26, 7), (26, 13), (26, 19), (26, 25), (26, 31), (26, 37), (34, 1), (34, 7), (34, 13), (34, 19)]
done mkDelayWorker32B 1.8 True 87.84
Baked architecture → /home/digital-2/workspace/rl_gnn/vanilla_rl/temp_arch_dx_de492a43.xml
  Size   : 44x44
  DSPs   : []
  BRAMs  : [(2, 1), (2, 7), (2, 13), (2, 19), (2, 25), (2, 31), (2, 37), (10, 1), (10, 7), (10, 13), (10, 19), (10, 25), (10, 31), (10, 37), (18, 1), (18, 7), (18, 13), (18, 19), (18, 25), (18, 31), (18, 37), (26, 1), (26, 7), (26, 13), (26, 19), (26, 25), (26, 31), (26, 37), (34, 1), (34, 7), (34, 13), (34, 19)]
done mkDelayWorker32B 1.9 True 90.97
Baked architecture → /home/digital-2/workspace/rl_gnn/vanilla_rl/temp_arch_dx_11f7231a.xml
  Size   : 44x44
  DSPs   : []
  BRAMs  : [(2, 1), (2, 7), (2, 13), (2, 19), (2, 25), (2, 31), (2, 37), (10, 1), (10, 7), (10, 13), (10, 19), (10, 25), (10, 31), (10, 37), (18, 1), (18, 7), (18, 13), (18, 19), (18, 25), (18, 31), (18, 37), (26, 1), (26, 7), (26, 13), (26, 19), (26, 25), (26, 31), (26, 37), (34, 1), (34, 7), (34, 13), (34, 19)]
done mkDelayWorker32B 0.1 True 177.21
Baked architecture → /home/digital-2/workspace/rl_gnn/vanilla_rl/temp_arch_dx_fedc0738.xml
  Size   : 44x44
  DSPs   : []
  BRAMs  : [(2, 1), (2, 7), (2, 13), (2, 19), (2, 25), (2, 31), (2, 37), (10, 1), (10, 7), (10, 13), (10, 19), (10, 25), (10, 31), (10, 37), (18, 1), (18, 7), (18, 13), (18, 19), (18, 25), (18, 31), (18, 37), (26, 1), (26, 7), (26, 13), (26, 19), (26, 25), (26, 31), (26, 37), (34, 1), (34, 7), (34, 13), (34, 19)]
done reduction_layer 0.4 True 244.48
Baked architecture → /home/digital-2/workspace/rl_gnn/vanilla_rl/temp_arch_dx_cd5603c1.xml
  Size   : 44x44
  DSPs   : []
  BRAMs  : [(2, 1), (2, 7), (2, 13), (2, 19), (2, 25), (2, 31), (2, 37), (10, 1), (10, 7), (10, 13), (10, 19), (10, 25), (10, 31), (10, 37), (18, 1), (18, 7), (18, 13), (18, 19), (18, 25), (18, 31), (18, 37), (26, 1), (26, 7), (26, 13), (26, 19), (26, 25), (26, 31), (26, 37), (34, 1), (34, 7), (34, 13), (34, 19)]
done reduction_layer 0.6 True 273.33
Baked architecture → /home/digital-2/workspace/rl_gnn/vanilla_rl/temp_arch_dx_9c0054df.xml
  Size   : 44x44
  DSPs   : []
  BRAMs  : [(2, 1), (2, 7), (2, 13), (2, 19), (2, 25), (2, 31), (2, 37), (10, 1), (10, 7), (10, 13), (10, 19), (10, 25), (10, 31), (10, 37), (18, 1), (18, 7), (18, 13), (18, 19), (18, 25), (18, 31), (18, 37), (26, 1), (26, 7), (26, 13), (26, 19), (26, 25), (26, 31), (26, 37), (34, 1), (34, 7), (34, 13), (34, 19)]
done reduction_layer 0.2 True 320.34
Baked architecture → /home/digital-2/workspace/rl_gnn/vanilla_rl/temp_arch_dx_d4371d10.xml
  Size   : 44x44
  DSPs   : []
  BRAMs  : [(2, 1), (2, 7), (2, 13), (2, 19), (2, 25), (2, 31), (2, 37), (10, 1), (10, 7), (10, 13), (10, 19), (10, 25), (10, 31), (10, 37), (18, 1), (18, 7), (18, 13), (18, 19), (18, 25), (18, 31), (18, 37), (26, 1), (26, 7), (26, 13), (26, 19), (26, 25), (26, 31), (26, 37), (34, 1), (34, 7), (34, 13), (34, 19)]
done reduction_layer 1.2 True 289.32
Baked architecture → /home/digital-2/workspace/rl_gnn/vanilla_rl/temp_arch_dx_90d91859.xml
  Size   : 44x44
  DSPs   : []
  BRAMs  : [(2, 1), (2, 7), (2, 13), (2, 19), (2, 25), (2, 31), (2, 37), (10, 1), (10, 7), (10, 13), (10, 19), (10, 25), (10, 31), (10, 37), (18, 1), (18, 7), (18, 13), (18, 19), (18, 25), (18, 31), (18, 37), (26, 1), (26, 7), (26, 13), (26, 19), (26, 25), (26, 31), (26, 37), (34, 1), (34, 7), (34, 13), (34, 19)]
done reduction_layer 0.9 True 322.28
Baked architecture → /home/digital-2/workspace/rl_gnn/vanilla_rl/temp_arch_dx_3780f1ce.xml
  Size   : 37x37
  DSPs   : []
  BRAMs  : [(2, 1), (2, 7), (2, 13), (2, 19), (2, 25), (10, 1), (10, 7), (10, 13), (10, 19), (10, 25), (18, 1), (18, 7), (18, 13), (18, 19), (18, 25), (26, 1), (26, 7), (26, 13), (26, 19), (26, 25), (34, 1), (34, 7), (34, 13), (34, 19)]
done reduction_layer 0.3 True 353.1
Baked architecture → /home/digital-2/workspace/rl_gnn/vanilla_rl/temp_arch_dx_482dcf40.xml
  Size   : 37x37
  DSPs   : []
  BRAMs  : [(2, 1), (2, 7), (2, 13), (2, 19), (2, 25), (10, 1), (10, 7), (10, 13), (10, 19), (10, 25), (18, 1), (18, 7), (18, 13), (18, 19), (18, 25), (26, 1), (26, 7), (26, 13), (26, 19), (26, 25), (34, 1), (34, 7), (34, 13), (34, 19)]
done reduction_layer 0.7 True 351.38
Baked architecture → /home/digital-2/workspace/rl_gnn/vanilla_rl/temp_arch_dx_d05f9ba2.xml
  Size   : 37x37
  DSPs   : []
  BRAMs  : [(2, 1), (2, 7), (2, 13), (2, 19), (2, 25), (10, 1), (10, 7), (10, 13), (10, 19), (10, 25), (18, 1), (18, 7), (18, 13), (18, 19), (18, 25), (26, 1), (26, 7), (26, 13), (26, 19), (26, 25), (34, 1), (34, 7), (34, 13), (34, 19)]
done reduction_layer 0.8 True 362.55
Baked architecture → /home/digital-2/workspace/rl_gnn/vanilla_rl/temp_arch_dx_8d93e880.xml
  Size   : 37x37
  DSPs   : []
  BRAMs  : [(2, 1), (2, 7), (2, 13), (2, 19), (2, 25), (10, 1), (10, 7), (10, 13), (10, 19), (10, 25), (18, 1), (18, 7), (18, 13), (18, 19), (18, 25), (26, 1), (26, 7), (26, 13), (26, 19), (26, 25), (34, 1), (34, 7), (34, 13), (34, 19)]
done reduction_layer 0.5 True 383.19
Baked architecture → /home/digital-2/workspace/rl_gnn/vanilla_rl/temp_arch_dx_c8ab2c25.xml
  Size   : 37x37
  DSPs   : []
  BRAMs  : [(2, 1), (2, 7), (2, 13), (2, 19), (2, 25), (10, 1), (10, 7), (10, 13), (10, 19), (10, 25), (18, 1), (18, 7), (18, 13), (18, 19), (18, 25), (26, 1), (26, 7), (26, 13), (26, 19), (26, 25), (34, 1), (34, 7), (34, 13), (34, 19)]
done reduction_layer 1.1 True 366.19
Baked architecture → /home/digital-2/workspace/rl_gnn/vanilla_rl/temp_arch_dx_ddadd448.xml
  Size   : 37x37
  DSPs   : []
  BRAMs  : [(2, 1), (2, 7), (2, 13), (2, 19), (2, 25), (10, 1), (10, 7), (10, 13), (10, 19), (10, 25), (18, 1), (18, 7), (18, 13), (18, 19), (18, 25), (26, 1), (26, 7), (26, 13), (26, 19), (26, 25), (34, 1), (34, 7), (34, 13), (34, 19)]
done reduction_layer 1.0 True 392.33
Baked architecture → /home/digital-2/workspace/rl_gnn/vanilla_rl/temp_arch_dx_b0a90270.xml
  Size   : 37x37
  DSPs   : []
  BRAMs  : [(2, 1), (2, 7), (2, 13), (2, 19), (2, 25), (10, 1), (10, 7), (10, 13), (10, 19), (10, 25), (18, 1), (18, 7), (18, 13), (18, 19), (18, 25), (26, 1), (26, 7), (26, 13), (26, 19), (26, 25), (34, 1), (34, 7), (34, 13), (34, 19)]
done reduction_layer 0.1 True 415.46
Baked architecture → /home/digital-2/workspace/rl_gnn/vanilla_rl/temp_arch_dx_a4936c6e.xml
  Size   : 37x37
  DSPs   : []
  BRAMs  : [(2, 1), (2, 7), (2, 13), (2, 19), (2, 25), (10, 1), (10, 7), (10, 13), (10, 19), (10, 25), (18, 1), (18, 7), (18, 13), (18, 19), (18, 25), (26, 1), (26, 7), (26, 13), (26, 19), (26, 25), (34, 1), (34, 7), (34, 13), (34, 19)]
done reduction_layer 1.3 True 411.67
Baked architecture → /home/digital-2/workspace/rl_gnn/vanilla_rl/temp_arch_dx_87b6a0c7.xml
  Size   : 37x37
  DSPs   : []
  BRAMs  : [(2, 1), (2, 7), (2, 13), (2, 19), (2, 25), (10, 1), (10, 7), (10, 13), (10, 19), (10, 25), (18, 1), (18, 7), (18, 13), (18, 19), (18, 25), (26, 1), (26, 7), (26, 13), (26, 19), (26, 25), (34, 1), (34, 7), (34, 13), (34, 19)]
done reduction_layer 1.6 True 362.64
Baked architecture → /home/digital-2/workspace/rl_gnn/vanilla_rl/temp_arch_dx_9a55c5f5.xml
  Size   : 37x37
  DSPs   : []
  BRAMs  : [(2, 1), (2, 7), (2, 13), (2, 19), (2, 25), (10, 1), (10, 7), (10, 13), (10, 19), (10, 25), (18, 1), (18, 7), (18, 13), (18, 19), (18, 25), (26, 1), (26, 7), (26, 13), (26, 19), (26, 25), (34, 1), (34, 7), (34, 13), (34, 19)]
done reduction_layer 1.4 True 407.71
Baked architecture → /home/digital-2/workspace/rl_gnn/vanilla_rl/temp_arch_dx_29966224.xml
  Size   : 37x37
  DSPs   : []
  BRAMs  : [(2, 1), (2, 7), (2, 13), (2, 19), (2, 25), (10, 1), (10, 7), (10, 13), (10, 19), (10, 25), (18, 1), (18, 7), (18, 13), (18, 19), (18, 25), (26, 1), (26, 7), (26, 13), (26, 19), (26, 25), (34, 1), (34, 7), (34, 13), (34, 19)]
done reduction_layer 1.5 True 409.73
Baked architecture → /home/digital-2/workspace/rl_gnn/vanilla_rl/temp_arch_dx_ed040a67.xml
  Size   : 37x37
  DSPs   : []
  BRAMs  : [(2, 1), (2, 7), (2, 13), (2, 19), (2, 25), (10, 1), (10, 7), (10, 13), (10, 19), (10, 25), (18, 1), (18, 7), (18, 13), (18, 19), (18, 25), (26, 1), (26, 7), (26, 13), (26, 19), (26, 25), (34, 1), (34, 7), (34, 13), (34, 19)]
done arm_core 0.3 True 232.86
Baked architecture → /home/digital-2/workspace/rl_gnn/vanilla_rl/temp_arch_dx_c270daf9.xml
  Size   : 37x37
  DSPs   : []
  BRAMs  : [(2, 1), (2, 7), (2, 13), (2, 19), (2, 25), (10, 1), (10, 7), (10, 13), (10, 19), (10, 25), (18, 1), (18, 7), (18, 13), (18, 19), (18, 25), (26, 1), (26, 7), (26, 13), (26, 19), (26, 25), (34, 1), (34, 7), (34, 13), (34, 19)]
done reduction_layer 1.7 True 357.01
Baked architecture → /home/digital-2/workspace/rl_gnn/vanilla_rl/temp_arch_dx_f763072f.xml
  Size   : 37x37
  DSPs   : []
  BRAMs  : [(2, 1), (2, 7), (2, 13), (2, 19), (2, 25), (10, 1), (10, 7), (10, 13), (10, 19), (10, 25), (18, 1), (18, 7), (18, 13), (18, 19), (18, 25), (26, 1), (26, 7), (26, 13), (26, 19), (26, 25), (34, 1), (34, 7), (34, 13), (34, 19)]
done arm_core 0.7 True 199.18
Baked architecture → /home/digital-2/workspace/rl_gnn/vanilla_rl/temp_arch_dx_dcc9602b.xml
  Size   : 37x37
  DSPs   : []
  BRAMs  : [(2, 1), (2, 7), (2, 13), (2, 19), (2, 25), (10, 1), (10, 7), (10, 13), (10, 19), (10, 25), (18, 1), (18, 7), (18, 13), (18, 19), (18, 25), (26, 1), (26, 7), (26, 13), (26, 19), (26, 25), (34, 1), (34, 7), (34, 13), (34, 19)]
done arm_core 1.2 True 143.23
Baked architecture → /home/digital-2/workspace/rl_gnn/vanilla_rl/temp_arch_dx_7284f15b.xml
  Size   : 37x37
  DSPs   : []
  BRAMs  : [(2, 1), (2, 7), (2, 13), (2, 19), (2, 25), (10, 1), (10, 7), (10, 13), (10, 19), (10, 25), (18, 1), (18, 7), (18, 13), (18, 19), (18, 25), (26, 1), (26, 7), (26, 13), (26, 19), (26, 25), (34, 1), (34, 7), (34, 13), (34, 19)]
done arm_core 1.1 True 169.65
Baked architecture → /home/digital-2/workspace/rl_gnn/vanilla_rl/temp_arch_dx_94a8b53b.xml
  Size   : 37x37
  DSPs   : []
  BRAMs  : [(2, 1), (2, 7), (2, 13), (2, 19), (2, 25), (10, 1), (10, 7), (10, 13), (10, 19), (10, 25), (18, 1), (18, 7), (18, 13), (18, 19), (18, 25), (26, 1), (26, 7), (26, 13), (26, 19), (26, 25), (34, 1), (34, 7), (34, 13), (34, 19)]
done arm_core 0.9 True 181.37
Baked architecture → /home/digital-2/workspace/rl_gnn/vanilla_rl/temp_arch_dx_00eb0ff2.xml
  Size   : 37x37
  DSPs   : []
  BRAMs  : [(2, 1), (2, 7), (2, 13), (2, 19), (2, 25), (10, 1), (10, 7), (10, 13), (10, 19), (10, 25), (18, 1), (18, 7), (18, 13), (18, 19), (18, 25), (26, 1), (26, 7), (26, 13), (26, 19), (26, 25), (34, 1), (34, 7), (34, 13), (34, 19)]
done reduction_layer 1.8 True 380.77
Baked architecture → /home/digital-2/workspace/rl_gnn/vanilla_rl/temp_arch_dx_ebf6f2d6.xml
  Size   : 37x37
  DSPs   : []
  BRAMs  : [(2, 1), (2, 7), (2, 13), (2, 19), (2, 25), (10, 1), (10, 7), (10, 13), (10, 19), (10, 25), (18, 1), (18, 7), (18, 13), (18, 19), (18, 25), (26, 1), (26, 7), (26, 13), (26, 19), (26, 25), (34, 1), (34, 7), (34, 13), (34, 19)]
done arm_core 0.8 True 243.42
Baked architecture → /home/digital-2/workspace/rl_gnn/vanilla_rl/temp_arch_dx_3825cc1c.xml
  Size   : 37x37
  DSPs   : []
  BRAMs  : [(2, 1), (2, 7), (2, 13), (2, 19), (2, 25), (10, 1), (10, 7), (10, 13), (10, 19), (10, 25), (18, 1), (18, 7), (18, 13), (18, 19), (18, 25), (26, 1), (26, 7), (26, 13), (26, 19), (26, 25), (34, 1), (34, 7), (34, 13), (34, 19)]
done arm_core 0.5 True 294.94
Baked architecture → /home/digital-2/workspace/rl_gnn/vanilla_rl/temp_arch_dx_90b6c9f2.xml
  Size   : 43x43
  DSPs   : [(6, 1), (6, 5), (6, 9), (6, 13), (6, 17), (6, 21), (6, 25), (6, 29)]
  BRAMs  : []
done reduction_layer 1.9 True 371.63
Baked architecture → /home/digital-2/workspace/rl_gnn/vanilla_rl/temp_arch_dx_23c1642b.xml
  Size   : 43x43
  DSPs   : [(6, 1), (6, 5), (6, 9), (6, 13), (6, 17), (6, 21), (6, 25), (6, 29)]
  BRAMs  : []
done arm_core 0.4 True 327.46
Baked architecture → /home/digital-2/workspace/rl_gnn/vanilla_rl/temp_arch_dx_b313835b.xml
  Size   : 43x43
  DSPs   : [(6, 1), (6, 5), (6, 9), (6, 13), (6, 17), (6, 21), (6, 25), (6, 29)]
  BRAMs  : []
done arm_core 0.6 True 300.64
Baked architecture → /home/digital-2/workspace/rl_gnn/vanilla_rl/temp_arch_dx_ca44f0a9.xml
  Size   : 43x43
  DSPs   : [(6, 1), (6, 5), (6, 9), (6, 13), (6, 17), (6, 21), (6, 25), (6, 29)]
  BRAMs  : []
done arm_core 1.0 True 300.88
Baked architecture → /home/digital-2/workspace/rl_gnn/vanilla_rl/temp_arch_dx_01105750.xml
  Size   : 43x43
  DSPs   : [(6, 1), (6, 5), (6, 9), (6, 13), (6, 17), (6, 21), (6, 25), (6, 29)]
  BRAMs  : []
done arm_core 1.3 True 206.25
Baked architecture → /home/digital-2/workspace/rl_gnn/vanilla_rl/temp_arch_dx_20096e4b.xml
  Size   : 43x43
  DSPs   : [(6, 1), (6, 5), (6, 9), (6, 13), (6, 17), (6, 21), (6, 25), (6, 29)]
  BRAMs  : []
done arm_core 1.4 True 212.58
Baked architecture → /home/digital-2/workspace/rl_gnn/vanilla_rl/temp_arch_dx_9fd5d899.xml
  Size   : 43x43
  DSPs   : [(6, 1), (6, 5), (6, 9), (6, 13), (6, 17), (6, 21), (6, 25), (6, 29)]
  BRAMs  : []
done arm_core 0.2 True 490.18
Baked architecture → /home/digital-2/workspace/rl_gnn/vanilla_rl/temp_arch_dx_390c6d4a.xml
  Size   : 43x43
  DSPs   : [(6, 1), (6, 5), (6, 9), (6, 13), (6, 17), (6, 21), (6, 25), (6, 29)]
  BRAMs  : []
done arm_core 1.5 True 247.98
Baked architecture → /home/digital-2/workspace/rl_gnn/vanilla_rl/temp_arch_dx_23427008.xml
  Size   : 43x43
  DSPs   : [(6, 1), (6, 5), (6, 9), (6, 13), (6, 17), (6, 21), (6, 25), (6, 29)]
  BRAMs  : []
done reduction_layer 2.0 True 555.8
Baked architecture → /home/digital-2/workspace/rl_gnn/vanilla_rl/temp_arch_dx_ab79df23.xml
  Size   : 43x43
  DSPs   : [(6, 1), (6, 5), (6, 9), (6, 13), (6, 17), (6, 21), (6, 25), (6, 29)]
  BRAMs  : []
done arm_core 1.8 True 256.67
Baked architecture → /home/digital-2/workspace/rl_gnn/vanilla_rl/temp_arch_dx_4687b4a0.xml
  Size   : 43x43
  DSPs   : [(6, 1), (6, 5), (6, 9), (6, 13), (6, 17), (6, 21), (6, 25), (6, 29)]
  BRAMs  : []
done arm_core 1.9 True 247.0
Baked architecture → /home/digital-2/workspace/rl_gnn/vanilla_rl/temp_arch_dx_d0693b2f.xml
  Size   : 43x43
  DSPs   : [(6, 1), (6, 5), (6, 9), (6, 13), (6, 17), (6, 21), (6, 25), (6, 29)]
  BRAMs  : []
done arm_core 1.6 True 294.23
Baked architecture → /home/digital-2/workspace/rl_gnn/vanilla_rl/temp_arch_dx_e8657b35.xml
  Size   : 43x43
  DSPs   : [(6, 1), (6, 5), (6, 9), (6, 13), (6, 17), (6, 21), (6, 25), (6, 29)]
  BRAMs  : []
done arm_core 1.7 True 301.25
Baked architecture → /home/digital-2/workspace/rl_gnn/vanilla_rl/temp_arch_dx_c3c7aff6.xml
  Size   : 43x43
  DSPs   : [(6, 1), (6, 5), (6, 9), (6, 13), (6, 17), (6, 21), (6, 25), (6, 29)]
  BRAMs  : []
done softmax 0.3 True 291.19
Baked architecture → /home/digital-2/workspace/rl_gnn/vanilla_rl/temp_arch_dx_800ed6c0.xml
  Size   : 43x43
  DSPs   : [(6, 1), (6, 5), (6, 9), (6, 13), (6, 17), (6, 21), (6, 25), (6, 29)]
  BRAMs  : []
done arm_core 2.0 True 335.87
Baked architecture → /home/digital-2/workspace/rl_gnn/vanilla_rl/temp_arch_dx_4e4b3851.xml
  Size   : 43x43
  DSPs   : [(6, 1), (6, 5), (6, 9), (6, 13), (6, 17), (6, 21), (6, 25), (6, 29)]
  BRAMs  : []
done softmax 0.4 True 320.55
Baked architecture → /home/digital-2/workspace/rl_gnn/vanilla_rl/temp_arch_dx_b4a3c2dc.xml
  Size   : 43x43
  DSPs   : [(6, 1), (6, 5), (6, 9), (6, 13), (6, 17), (6, 21), (6, 25), (6, 29)]
  BRAMs  : []
done softmax 0.1 True 352.96
Baked architecture → /home/digital-2/workspace/rl_gnn/vanilla_rl/temp_arch_dx_d357bb8a.xml
  Size   : 43x43
  DSPs   : [(6, 1), (6, 5), (6, 9), (6, 13), (6, 17), (6, 21), (6, 25), (6, 29)]
  BRAMs  : []
done softmax 0.2 True 391.24
Baked architecture → /home/digital-2/workspace/rl_gnn/vanilla_rl/temp_arch_dx_b51cebea.xml
  Size   : 43x43
  DSPs   : [(6, 1), (6, 5), (6, 9), (6, 13), (6, 17), (6, 21), (6, 25), (6, 29)]
  BRAMs  : []
done softmax 0.7 True 332.4
Baked architecture → /home/digital-2/workspace/rl_gnn/vanilla_rl/temp_arch_dx_4ac4dbeb.xml
  Size   : 43x43
  DSPs   : [(6, 1), (6, 5), (6, 9), (6, 13), (6, 17), (6, 21), (6, 25), (6, 29)]
  BRAMs  : []
done softmax 0.5 True 396.56
done softmax 0.8 True 318.3
done softmax 0.9 True 306.72
done softmax 0.6 True 378.26
done softmax 1.1 True 303.71
done softmax 1.2 True 297.33
done softmax 1.3 True 303.62
done softmax 1.0 True 332.42
done softmax 1.5 True 271.98
done softmax 1.4 True 323.62
done softmax 1.6 True 266.61
done softmax 1.7 True 254.88
done softmax 1.8 True 246.86
done arm_core 0.1 True 952.25
done softmax 1.9 True 228.48
done softmax 2.0 True 181.04
