C2 per-AR: 340 jobs, 10 workers
Baked architecture → /home/digital-2/workspace/rl_gnn/vanilla_rl/temp_arch_c2p_3b259f2e.xml
  Size   : 4x10
  DSPs   : []
  BRAMs  : [(2, 1)]
Baked architecture → /home/digital-2/workspace/rl_gnn/vanilla_rl/temp_arch_c2p_ce988af4.xml
  Size   : 4x8
  DSPs   : []
  BRAMs  : [(2, 1)]
Baked architecture → /home/digital-2/workspace/rl_gnn/vanilla_rl/temp_arch_c2p_af0ad565.xml
  Size   : 4x8
  DSPs   : []
  BRAMs  : [(2, 1)]
Baked architecture → /home/digital-2/workspace/rl_gnn/vanilla_rl/temp_arch_c2p_c27aec9b.xml
  Size   : 4x17
  DSPs   : []
  BRAMs  : [(2, 1)]
Baked architecture → /home/digital-2/workspace/rl_gnn/vanilla_rl/temp_arch_c2p_0b02f57d.xml
  Size   : 5x8
  DSPs   : []
  BRAMs  : [(2, 1)]
Baked architecture → /home/digital-2/workspace/rl_gnn/vanilla_rl/temp_arch_c2p_9b8fc77e.xml
  Size   : 6x8
  DSPs   : []
  BRAMs  : [(2, 1)]
Baked architecture → /home/digital-2/workspace/rl_gnn/vanilla_rl/temp_arch_c2p_4a927a95.xml
  Size   : 7x8
  DSPs   : []
  BRAMs  : [(2, 1)]
Baked architecture → /home/digital-2/workspace/rl_gnn/vanilla_rl/temp_arch_c2p_14bb524c.xml
  Size   : 6x8
  DSPs   : []
  BRAMs  : [(2, 1)]
Baked architecture → /home/digital-2/workspace/rl_gnn/vanilla_rl/temp_arch_c2p_b50dd5fc.xml
  Size   : 7x8
  DSPs   : []
  BRAMs  : [(2, 1)]
Baked architecture → /home/digital-2/workspace/rl_gnn/vanilla_rl/temp_arch_c2p_06c5cdf6.xml
  Size   : 8x8
  DSPs   : []
  BRAMs  : [(2, 1)]
done fifo 0.3 True 0.64
Baked architecture → /home/digital-2/workspace/rl_gnn/vanilla_rl/temp_arch_c2p_ff5f9c87.xml
  Size   : 9x8
  DSPs   : []
  BRAMs  : [(2, 1)]
done fifo 0.4 True 0.64
done fifo 0.5 True 0.63
Baked architecture → /home/digital-2/workspace/rl_gnn/vanilla_rl/temp_arch_c2p_23265567.xml
  Size   : 9x8
  DSPs   : []
  BRAMs  : [(2, 1)]
Baked architecture → /home/digital-2/workspace/rl_gnn/vanilla_rl/temp_arch_c2p_93b0ec85.xml
  Size   : 10x8
  DSPs   : []
  BRAMs  : [(2, 1)]
done fifo 0.9 True 0.62
Baked architecture → /home/digital-2/workspace/rl_gnn/vanilla_rl/temp_arch_c2p_7c8fbd0a.xml
  Size   : 10x8
  DSPs   : []
  BRAMs  : [(2, 1)]
done fifo 0.6 True 0.63
done fifo 0.8 True 0.63
Baked architecture → /home/digital-2/workspace/rl_gnn/vanilla_rl/temp_arch_c2p_951dfdb6.xml
  Size   : 11x8
  DSPs   : []
  BRAMs  : [(2, 1)]
Baked architecture → /home/digital-2/workspace/rl_gnn/vanilla_rl/temp_arch_c2p_0ed5854d.xml
  Size   : 12x8
  DSPs   : []
  BRAMs  : [(2, 1)]
done fifo 0.2 True 0.7
Baked architecture → /home/digital-2/workspace/rl_gnn/vanilla_rl/temp_arch_c2p_18d913f4.xml
  Size   : 12x8
  DSPs   : []
  BRAMs  : [(2, 1)]
done fifo 1.0 True 0.67
Baked architecture → /home/digital-2/workspace/rl_gnn/vanilla_rl/temp_arch_c2p_ef6f6fc1.xml
  Size   : 13x8
  DSPs   : []
  BRAMs  : [(2, 1)]
done fifo 0.7 True 0.72
Baked architecture → /home/digital-2/workspace/rl_gnn/vanilla_rl/temp_arch_c2p_f5c7884b.xml
  Size   : 13x8
  DSPs   : []
  BRAMs  : [(2, 1)]
done fifo 0.1 True 0.84
Baked architecture → /home/digital-2/workspace/rl_gnn/vanilla_rl/temp_arch_c2p_1cbb66d1.xml
  Size   : 14x8
  DSPs   : []
  BRAMs  : [(2, 1)]
done fifo 1.1 True 0.63
Baked architecture → /home/digital-2/workspace/rl_gnn/vanilla_rl/temp_arch_c2p_aa95db0d.xml
  Size   : 5x28
  DSPs   : []
  BRAMs  : [(2, 1)]
done fifo 1.2 True 0.63
Baked architecture → /home/digital-2/workspace/rl_gnn/vanilla_rl/temp_arch_c2p_520e114d.xml
  Size   : 6x21
  DSPs   : []
  BRAMs  : [(2, 1)]
done fifo 1.5 True 0.67
Baked architecture → /home/digital-2/workspace/rl_gnn/vanilla_rl/temp_arch_c2p_674360a1.xml
  Size   : 7x18
  DSPs   : []
  BRAMs  : [(2, 1)]
done fifo 1.7 True 0.67
Baked architecture → /home/digital-2/workspace/rl_gnn/vanilla_rl/temp_arch_c2p_a5397098.xml
  Size   : 8x16
  DSPs   : []
  BRAMs  : [(2, 1)]
done fifo 1.4 True 0.73
done fifo 1.3 True 0.74
done fifo 1.6 True 0.72
Baked architecture → /home/digital-2/workspace/rl_gnn/vanilla_rl/temp_arch_c2p_1cacf0ef.xml
  Size   : 10x13
  DSPs   : []
  BRAMs  : [(2, 1)]
Baked architecture → /home/digital-2/workspace/rl_gnn/vanilla_rl/temp_arch_c2p_1d509fdb.xml
  Size   : 8x15
  DSPs   : []
  BRAMs  : [(2, 1)]
Baked architecture → /home/digital-2/workspace/rl_gnn/vanilla_rl/temp_arch_c2p_d0c3f306.xml
  Size   : 9x13
  DSPs   : []
  BRAMs  : [(2, 1)]
done fifo 1.8 True 0.71
Baked architecture → /home/digital-2/workspace/rl_gnn/vanilla_rl/temp_arch_c2p_9423242f.xml
  Size   : 10x12
  DSPs   : []
  BRAMs  : [(2, 1)]
done fifo 1.9 True 0.71
Baked architecture → /home/digital-2/workspace/rl_gnn/vanilla_rl/temp_arch_c2p_854739a0.xml
  Size   : 11x12
  DSPs   : []
  BRAMs  : [(2, 1)]
done fifo 2.0 True 0.82
Baked architecture → /home/digital-2/workspace/rl_gnn/vanilla_rl/temp_arch_c2p_3bb5afd3.xml
  Size   : 11x11
  DSPs   : []
  BRAMs  : [(2, 1)]
done ch_intrinsics 0.1 True 1.08
Baked architecture → /home/digital-2/workspace/rl_gnn/vanilla_rl/temp_arch_c2p_a5ef9367.xml
  Size   : 12x11
  DSPs   : []
  BRAMs  : [(2, 1)]
done ch_intrinsics 0.5 True 1.07
Baked architecture → /home/digital-2/workspace/rl_gnn/vanilla_rl/temp_arch_c2p_6ce2b9bf.xml
  Size   : 12x10
  DSPs   : []
  BRAMs  : [(2, 1)]
done ch_intrinsics 0.2 True 1.22
Baked architecture → /home/digital-2/workspace/rl_gnn/vanilla_rl/temp_arch_c2p_20b1b507.xml
  Size   : 12x10
  DSPs   : []
  BRAMs  : [(2, 1)]
done ch_intrinsics 0.3 True 1.17
Baked architecture → /home/digital-2/workspace/rl_gnn/vanilla_rl/temp_arch_c2p_3946322a.xml
  Size   : 13x10
  DSPs   : []
  BRAMs  : [(2, 1)]
done ch_intrinsics 0.6 True 1.12
Baked architecture → /home/digital-2/workspace/rl_gnn/vanilla_rl/temp_arch_c2p_62e0185e.xml
  Size   : 14x10
  DSPs   : []
  BRAMs  : [(2, 1)]
done ch_intrinsics 0.4 True 1.17
Baked architecture → /home/digital-2/workspace/rl_gnn/vanilla_rl/temp_arch_c2p_5cea11f2.xml
  Size   : 13x9
  DSPs   : []
  BRAMs  : [(2, 1)]
done ch_intrinsics 0.9 True 1.17
Baked architecture → /home/digital-2/workspace/rl_gnn/vanilla_rl/temp_arch_c2p_59e6169c.xml
  Size   : 14x9
  DSPs   : []
  BRAMs  : [(2, 1)]
done ch_intrinsics 0.8 True 1.32
Baked architecture → /home/digital-2/workspace/rl_gnn/vanilla_rl/temp_arch_c2p_53d56a55.xml
  Size   : 15x9
  DSPs   : []
  BRAMs  : [(2, 1)]
done ch_intrinsics 1.0 True 1.12
done ch_intrinsics 0.7 True 1.37
Baked architecture → /home/digital-2/workspace/rl_gnn/vanilla_rl/temp_arch_c2p_698ce52b.xml
  Size   : 15x9
  DSPs   : []
  BRAMs  : [(2, 1)]
Baked architecture → /home/digital-2/workspace/rl_gnn/vanilla_rl/temp_arch_c2p_dfc4c337.xml
  Size   : 16x9
  DSPs   : []
  BRAMs  : [(2, 1)]
done ch_intrinsics 1.1 True 1.18
Baked architecture → /home/digital-2/workspace/rl_gnn/vanilla_rl/temp_arch_c2p_56dc8600.xml
  Size   : 8x57
  DSPs   : [(6, 1)]
  BRAMs  : [(2, 1), (2, 7), (2, 13)]
done ch_intrinsics 1.2 True 1.12
Baked architecture → /home/digital-2/workspace/rl_gnn/vanilla_rl/temp_arch_c2p_fa21821e.xml
  Size   : 8x30
  DSPs   : [(6, 1)]
  BRAMs  : [(2, 1), (2, 7), (2, 13)]
done ch_intrinsics 1.5 True 1.08
Baked architecture → /home/digital-2/workspace/rl_gnn/vanilla_rl/temp_arch_c2p_98c9ee9e.xml
  Size   : 8x21
  DSPs   : [(6, 1)]
  BRAMs  : [(2, 1), (2, 7), (2, 13)]
done ch_intrinsics 1.3 True 1.12
Baked architecture → /home/digital-2/workspace/rl_gnn/vanilla_rl/temp_arch_c2p_e5a65750.xml
  Size   : 9x20
  DSPs   : [(6, 1)]
  BRAMs  : [(2, 1), (2, 7), (2, 13)]
done ch_intrinsics 1.4 True 1.13
Baked architecture → /home/digital-2/workspace/rl_gnn/vanilla_rl/temp_arch_c2p_63f0916e.xml
  Size   : 11x20
  DSPs   : [(6, 1)]
  BRAMs  : [(2, 1), (2, 7), (2, 13)]
done ch_intrinsics 1.6 True 1.12
Baked architecture → /home/digital-2/workspace/rl_gnn/vanilla_rl/temp_arch_c2p_bf20e830.xml
  Size   : 12x18
  DSPs   : [(6, 1)]
  BRAMs  : [(2, 1), (2, 7), (10, 1)]
done ch_intrinsics 1.7 True 1.27
Baked architecture → /home/digital-2/workspace/rl_gnn/vanilla_rl/temp_arch_c2p_60f3e7ef.xml
  Size   : 12x16
  DSPs   : [(6, 1)]
  BRAMs  : [(2, 1), (2, 7), (10, 1)]
done ch_intrinsics 1.9 True 1.22
done ch_intrinsics 1.8 True 1.27
Baked architecture → /home/digital-2/workspace/rl_gnn/vanilla_rl/temp_arch_c2p_5a8cc2c0.xml
  Size   : 13x14
  DSPs   : [(6, 1)]
  BRAMs  : [(2, 1), (2, 7), (10, 1)]
Baked architecture → /home/digital-2/workspace/rl_gnn/vanilla_rl/temp_arch_c2p_a1d604af.xml
  Size   : 12x14
  DSPs   : [(6, 1)]
  BRAMs  : [(2, 1), (2, 7), (10, 1)]
done ch_intrinsics 2.0 True 1.27
Baked architecture → /home/digital-2/workspace/rl_gnn/vanilla_rl/temp_arch_c2p_d04802e0.xml
  Size   : 14x14
  DSPs   : [(6, 1)]
  BRAMs  : [(2, 1), (2, 7), (10, 1)]
done spree 0.5 True 4.83
Baked architecture → /home/digital-2/workspace/rl_gnn/vanilla_rl/temp_arch_c2p_1ef77b28.xml
  Size   : 15x14
  DSPs   : [(6, 1)]
  BRAMs  : [(2, 1), (2, 7), (10, 1)]
done spree 0.9 True 4.73
Baked architecture → /home/digital-2/workspace/rl_gnn/vanilla_rl/temp_arch_c2p_f7f9bdb2.xml
  Size   : 16x14
  DSPs   : [(6, 1)]
  BRAMs  : [(2, 1), (2, 7), (10, 1)]
done spree 0.7 True 4.98
Baked architecture → /home/digital-2/workspace/rl_gnn/vanilla_rl/temp_arch_c2p_7ec265e2.xml
  Size   : 18x14
  DSPs   : [(6, 1)]
  BRAMs  : [(2, 1), (2, 7), (10, 1)]
done spree 0.6 True 5.53
Baked architecture → /home/digital-2/workspace/rl_gnn/vanilla_rl/temp_arch_c2p_a5e898c8.xml
  Size   : 19x14
  DSPs   : [(6, 1)]
  BRAMs  : [(2, 1), (2, 7), (10, 1)]
done spree 0.4 True 5.88
Baked architecture → /home/digital-2/workspace/rl_gnn/vanilla_rl/temp_arch_c2p_debbdb22.xml
  Size   : 20x14
  DSPs   : [(6, 1)]
  BRAMs  : [(2, 1), (2, 7), (10, 1)]
done spree 1.0 True 5.63
Baked architecture → /home/digital-2/workspace/rl_gnn/vanilla_rl/temp_arch_c2p_a4e0b03c.xml
  Size   : 20x13
  DSPs   : [(6, 1)]
  BRAMs  : [(2, 1), (10, 1), (18, 1)]
done spree 0.3 True 6.29
Baked architecture → /home/digital-2/workspace/rl_gnn/vanilla_rl/temp_arch_c2p_951fc347.xml
  Size   : 21x13
  DSPs   : [(6, 1)]
  BRAMs  : [(2, 1), (10, 1), (18, 1)]
done spree 0.2 True 7.03
Baked architecture → /home/digital-2/workspace/rl_gnn/vanilla_rl/temp_arch_c2p_12fb473a.xml
  Size   : 20x12
  DSPs   : [(6, 1)]
  BRAMs  : [(2, 1), (10, 1), (18, 1)]
done spree 0.1 True 7.18
Baked architecture → /home/digital-2/workspace/rl_gnn/vanilla_rl/temp_arch_c2p_3fe36c95.xml
  Size   : 21x12
  DSPs   : [(6, 1)]
  BRAMs  : [(2, 1), (10, 1), (18, 1)]
done spree 0.8 True 6.89
Baked architecture → /home/digital-2/workspace/rl_gnn/vanilla_rl/temp_arch_c2p_1d38b59d.xml
  Size   : 20x11
  DSPs   : [(6, 1)]
  BRAMs  : [(2, 1), (10, 1), (18, 1)]
done spree 1.1 True 5.18
Baked architecture → /home/digital-2/workspace/rl_gnn/vanilla_rl/temp_arch_c2p_03b10ced.xml
  Size   : 5x28
  DSPs   : []
  BRAMs  : [(2, 1)]
done spree 1.4 True 5.94
Baked architecture → /home/digital-2/workspace/rl_gnn/vanilla_rl/temp_arch_c2p_ebd9fbd6.xml
  Size   : 6x20
  DSPs   : []
  BRAMs  : [(2, 1)]
done spree 1.5 True 5.78
Baked architecture → /home/digital-2/workspace/rl_gnn/vanilla_rl/temp_arch_c2p_bd640c61.xml
  Size   : 6x15
  DSPs   : []
  BRAMs  : [(2, 1)]
done spree 1.6 True 6.13
Baked architecture → /home/digital-2/workspace/rl_gnn/vanilla_rl/temp_arch_c2p_a2ba0fb7.xml
  Size   : 7x14
  DSPs   : []
  BRAMs  : [(2, 1)]
done spree 1.2 True 7.29
Baked architecture → /home/digital-2/workspace/rl_gnn/vanilla_rl/temp_arch_c2p_e08b0b55.xml
  Size   : 8x13
  DSPs   : []
  BRAMs  : [(2, 1)]
done spree 1.3 True 7.23
Baked architecture → /home/digital-2/workspace/rl_gnn/vanilla_rl/temp_arch_c2p_fdd3bbd2.xml
  Size   : 8x12
  DSPs   : []
  BRAMs  : [(2, 1)]
done spree 1.7 True 6.74
Baked architecture → /home/digital-2/workspace/rl_gnn/vanilla_rl/temp_arch_c2p_385e46a4.xml
  Size   : 8x11
  DSPs   : []
  BRAMs  : [(2, 1)]
done spree 2.0 True 5.93
Baked architecture → /home/digital-2/workspace/rl_gnn/vanilla_rl/temp_arch_c2p_4e365b07.xml
  Size   : 9x11
  DSPs   : []
  BRAMs  : [(2, 1)]
done spree 1.9 True 6.43
Baked architecture → /home/digital-2/workspace/rl_gnn/vanilla_rl/temp_arch_c2p_8e391189.xml
  Size   : 9x10
  DSPs   : []
  BRAMs  : [(2, 1)]
done spree 1.8 True 6.53
Baked architecture → /home/digital-2/workspace/rl_gnn/vanilla_rl/temp_arch_c2p_b95d3066.xml
  Size   : 10x10
  DSPs   : []
  BRAMs  : [(2, 1)]
done boundtop 0.1 True 5.98
Baked architecture → /home/digital-2/workspace/rl_gnn/vanilla_rl/temp_arch_c2p_cda6a030.xml
  Size   : 10x9
  DSPs   : []
  BRAMs  : [(2, 1)]
done boundtop 0.3 True 5.72
Baked architecture → /home/digital-2/workspace/rl_gnn/vanilla_rl/temp_arch_c2p_b9167479.xml
  Size   : 10x9
  DSPs   : []
  BRAMs  : [(2, 1)]
done boundtop 0.2 True 6.03
Baked architecture → /home/digital-2/workspace/rl_gnn/vanilla_rl/temp_arch_c2p_2f4e52f4.xml
  Size   : 11x9
  DSPs   : []
  BRAMs  : [(2, 1)]
done boundtop 0.5 True 6.03
Baked architecture → /home/digital-2/workspace/rl_gnn/vanilla_rl/temp_arch_c2p_9c86fe27.xml
  Size   : 12x9
  DSPs   : []
  BRAMs  : [(2, 1)]
done boundtop 0.4 True 6.43
Baked architecture → /home/digital-2/workspace/rl_gnn/vanilla_rl/temp_arch_c2p_8a8af706.xml
  Size   : 11x8
  DSPs   : []
  BRAMs  : [(2, 1)]
done boundtop 0.6 True 6.28
Baked architecture → /home/digital-2/workspace/rl_gnn/vanilla_rl/temp_arch_c2p_c5cc1676.xml
  Size   : 12x8
  DSPs   : []
  BRAMs  : [(2, 1)]
done boundtop 0.7 True 6.18
Baked architecture → /home/digital-2/workspace/rl_gnn/vanilla_rl/temp_arch_c2p_3c75ae8e.xml
  Size   : 12x8
  DSPs   : []
  BRAMs  : [(2, 1)]
done boundtop 0.8 True 6.03
Baked architecture → /home/digital-2/workspace/rl_gnn/vanilla_rl/temp_arch_c2p_2ac3a98d.xml
  Size   : 13x8
  DSPs   : []
  BRAMs  : [(2, 1)]
done boundtop 0.9 True 6.23
Baked architecture → /home/digital-2/workspace/rl_gnn/vanilla_rl/temp_arch_c2p_e773e73d.xml
  Size   : 13x8
  DSPs   : []
  BRAMs  : [(2, 1)]
done boundtop 1.0 True 7.03
Baked architecture → /home/digital-2/workspace/rl_gnn/vanilla_rl/temp_arch_c2p_749b95bf.xml
  Size   : 14x8
  DSPs   : []
  BRAMs  : [(2, 1)]
done boundtop 1.1 True 6.13
Baked architecture → /home/digital-2/workspace/rl_gnn/vanilla_rl/temp_arch_c2p_ae911747.xml
  Size   : 6x37
  DSPs   : []
  BRAMs  : [(2, 1)]
done boundtop 1.3 True 6.12
Baked architecture → /home/digital-2/workspace/rl_gnn/vanilla_rl/temp_arch_c2p_20af6e83.xml
  Size   : 7x29
  DSPs   : []
  BRAMs  : [(2, 1)]
done boundtop 1.2 True 6.88
Baked architecture → /home/digital-2/workspace/rl_gnn/vanilla_rl/temp_arch_c2p_e52ff3ea.xml
  Size   : 9x24
  DSPs   : []
  BRAMs  : [(2, 1)]
done boundtop 1.4 True 5.97
Baked architecture → /home/digital-2/workspace/rl_gnn/vanilla_rl/temp_arch_c2p_74c18888.xml
  Size   : 10x21
  DSPs   : []
  BRAMs  : [(2, 1)]
done boundtop 1.5 True 6.18
Baked architecture → /home/digital-2/workspace/rl_gnn/vanilla_rl/temp_arch_c2p_e8ba373a.xml
  Size   : 10x19
  DSPs   : []
  BRAMs  : [(2, 1)]
done boundtop 1.6 True 6.53
Baked architecture → /home/digital-2/workspace/rl_gnn/vanilla_rl/temp_arch_c2p_1955971e.xml
  Size   : 11x17
  DSPs   : []
  BRAMs  : [(2, 1)]
done boundtop 1.8 True 6.12
Baked architecture → /home/digital-2/workspace/rl_gnn/vanilla_rl/temp_arch_c2p_0f42461a.xml
  Size   : 12x16
  DSPs   : []
  BRAMs  : [(2, 1)]
done boundtop 1.9 True 5.92
Baked architecture → /home/digital-2/workspace/rl_gnn/vanilla_rl/temp_arch_c2p_219e7a9f.xml
  Size   : 13x16
  DSPs   : []
  BRAMs  : [(2, 1)]
done boundtop 1.7 True 6.58
Baked architecture → /home/digital-2/workspace/rl_gnn/vanilla_rl/temp_arch_c2p_c9ca0b5a.xml
  Size   : 14x15
  DSPs   : []
  BRAMs  : [(2, 1)]
done mmc_core 0.1 True 4.27
Baked architecture → /home/digital-2/workspace/rl_gnn/vanilla_rl/temp_arch_c2p_43c58f72.xml
  Size   : 14x14
  DSPs   : []
  BRAMs  : [(2, 1)]
done mmc_core 0.2 True 4.22
Baked architecture → /home/digital-2/workspace/rl_gnn/vanilla_rl/temp_arch_c2p_41f884b6.xml
  Size   : 15x14
  DSPs   : []
  BRAMs  : [(2, 1)]
done boundtop 2.0 True 7.63
Baked architecture → /home/digital-2/workspace/rl_gnn/vanilla_rl/temp_arch_c2p_b6778bec.xml
  Size   : 15x13
  DSPs   : []
  BRAMs  : [(2, 1)]
done mmc_core 0.5 True 3.67
Baked architecture → /home/digital-2/workspace/rl_gnn/vanilla_rl/temp_arch_c2p_e8392511.xml
  Size   : 16x13
  DSPs   : []
  BRAMs  : [(2, 1)]
done mmc_core 0.4 True 4.17
Baked architecture → /home/digital-2/workspace/rl_gnn/vanilla_rl/temp_arch_c2p_4f4bfdc2.xml
  Size   : 16x12
  DSPs   : []
  BRAMs  : [(2, 1)]
done mmc_core 0.3 True 4.67
Baked architecture → /home/digital-2/workspace/rl_gnn/vanilla_rl/temp_arch_c2p_744111c2.xml
  Size   : 17x12
  DSPs   : []
  BRAMs  : [(2, 1)]
done mmc_core 0.6 True 4.12
Baked architecture → /home/digital-2/workspace/rl_gnn/vanilla_rl/temp_arch_c2p_64a955df.xml
  Size   : 18x12
  DSPs   : []
  BRAMs  : [(2, 1)]
done mmc_core 0.7 True 4.52
Baked architecture → /home/digital-2/workspace/rl_gnn/vanilla_rl/temp_arch_c2p_27686051.xml
  Size   : 17x11
  DSPs   : []
  BRAMs  : [(2, 1)]
done mmc_core 0.9 True 4.67
Baked architecture → /home/digital-2/workspace/rl_gnn/vanilla_rl/temp_arch_c2p_8eba4b86.xml
  Size   : 18x11
  DSPs   : []
  BRAMs  : [(2, 1)]
done mmc_core 0.8 True 4.97
Baked architecture → /home/digital-2/workspace/rl_gnn/vanilla_rl/temp_arch_c2p_27567f91.xml
  Size   : 19x11
  DSPs   : []
  BRAMs  : [(2, 1)]
done mmc_core 1.0 True 4.32
Baked architecture → /home/digital-2/workspace/rl_gnn/vanilla_rl/temp_arch_c2p_30add4ae.xml
  Size   : 20x11
  DSPs   : []
  BRAMs  : [(2, 1)]
done mmc_core 1.1 True 4.52
Baked architecture → /home/digital-2/workspace/rl_gnn/vanilla_rl/temp_arch_c2p_bb6c9324.xml
  Size   : 8x57
  DSPs   : [(6, 1), (6, 5), (6, 9), (6, 13), (6, 17)]
  BRAMs  : []
done mmc_core 1.2 True 4.22
Baked architecture → /home/digital-2/workspace/rl_gnn/vanilla_rl/temp_arch_c2p_f1d4f55c.xml
  Size   : 8x30
  DSPs   : [(6, 1), (6, 5), (6, 9), (6, 13), (6, 17)]
  BRAMs  : []
done mmc_core 1.3 True 4.17
Baked architecture → /home/digital-2/workspace/rl_gnn/vanilla_rl/temp_arch_c2p_5fe99ce5.xml
  Size   : 8x22
  DSPs   : [(6, 1), (6, 5), (6, 9), (6, 13), (6, 17)]
  BRAMs  : []
done mmc_core 1.4 True 4.57
done mmc_core 1.5 True 4.22
Baked architecture → /home/digital-2/workspace/rl_gnn/vanilla_rl/temp_arch_c2p_38824895.xml
  Size   : 10x22
  DSPs   : [(6, 1), (6, 5), (6, 9), (6, 13), (6, 17)]
  BRAMs  : []
Baked architecture → /home/digital-2/workspace/rl_gnn/vanilla_rl/temp_arch_c2p_8580a56b.xml
  Size   : 12x22
  DSPs   : [(6, 1), (6, 5), (6, 9), (6, 13), (6, 17)]
  BRAMs  : []
done mmc_core 1.6 True 4.47
Baked architecture → /home/digital-2/workspace/rl_gnn/vanilla_rl/temp_arch_c2p_8b4d69b0.xml
  Size   : 14x22
  DSPs   : [(6, 1), (6, 5), (6, 9), (6, 13), (6, 17)]
  BRAMs  : []
done mmc_core 1.9 True 3.67
Baked architecture → /home/digital-2/workspace/rl_gnn/vanilla_rl/temp_arch_c2p_5836a67d.xml
  Size   : 16x22
  DSPs   : [(6, 1), (6, 5), (6, 9), (6, 13), (6, 17)]
  BRAMs  : []
done mmc_core 1.8 True 3.97
Baked architecture → /home/digital-2/workspace/rl_gnn/vanilla_rl/temp_arch_c2p_67f7cfec.xml
  Size   : 16x19
  DSPs   : [(6, 1), (6, 5), (6, 9), (6, 13), (14, 1)]
  BRAMs  : []
done mmc_core 1.7 True 4.92
Baked architecture → /home/digital-2/workspace/rl_gnn/vanilla_rl/temp_arch_c2p_9023a380.xml
  Size   : 16x17
  DSPs   : [(6, 1), (6, 5), (6, 9), (14, 1), (14, 5)]
  BRAMs  : []
done mmc_core 2.0 True 4.07
Baked architecture → /home/digital-2/workspace/rl_gnn/vanilla_rl/temp_arch_c2p_7294dcd9.xml
  Size   : 16x16
  DSPs   : [(6, 1), (6, 5), (6, 9), (14, 1), (14, 5)]
  BRAMs  : []
done diffeq1 0.3 True 4.23
Baked architecture → /home/digital-2/workspace/rl_gnn/vanilla_rl/temp_arch_c2p_db1b7957.xml
  Size   : 16x15
  DSPs   : [(6, 1), (6, 5), (6, 9), (14, 1), (14, 5)]
  BRAMs  : []
done diffeq1 0.2 True 4.82
Baked architecture → /home/digital-2/workspace/rl_gnn/vanilla_rl/temp_arch_c2p_7ba4f05c.xml
  Size   : 16x14
  DSPs   : [(6, 1), (6, 5), (6, 9), (14, 1), (14, 5)]
  BRAMs  : []
done diffeq1 0.1 True 5.28
Baked architecture → /home/digital-2/workspace/rl_gnn/vanilla_rl/temp_arch_c2p_a0589877.xml
  Size   : 18x14
  DSPs   : [(6, 1), (6, 5), (6, 9), (14, 1), (14, 5)]
  BRAMs  : []
done diffeq1 0.5 True 4.62
Baked architecture → /home/digital-2/workspace/rl_gnn/vanilla_rl/temp_arch_c2p_8fd92908.xml
  Size   : 19x14
  DSPs   : [(6, 1), (6, 5), (6, 9), (14, 1), (14, 5)]
  BRAMs  : []
done diffeq1 0.4 True 5.08
Baked architecture → /home/digital-2/workspace/rl_gnn/vanilla_rl/temp_arch_c2p_c08dda8f.xml
  Size   : 20x14
  DSPs   : [(6, 1), (6, 5), (6, 9), (14, 1), (14, 5)]
  BRAMs  : []
done diffeq1 0.6 True 4.42
Baked architecture → /home/digital-2/workspace/rl_gnn/vanilla_rl/temp_arch_c2p_84846f34.xml
  Size   : 21x14
  DSPs   : [(6, 1), (6, 5), (6, 9), (14, 1), (14, 5)]
  BRAMs  : []
done diffeq1 1.0 True 4.32
Baked architecture → /home/digital-2/workspace/rl_gnn/vanilla_rl/temp_arch_c2p_331250e7.xml
  Size   : 22x14
  DSPs   : [(6, 1), (6, 5), (6, 9), (14, 1), (14, 5)]
  BRAMs  : []
done diffeq1 0.8 True 5.17
Baked architecture → /home/digital-2/workspace/rl_gnn/vanilla_rl/temp_arch_c2p_8e8456a6.xml
  Size   : 24x14
  DSPs   : [(6, 1), (6, 5), (6, 9), (14, 1), (14, 5)]
  BRAMs  : []
done diffeq1 0.7 True 5.42
Baked architecture → /home/digital-2/workspace/rl_gnn/vanilla_rl/temp_arch_c2p_f31b12cd.xml
  Size   : 25x14
  DSPs   : [(6, 1), (6, 5), (6, 9), (14, 1), (14, 5)]
  BRAMs  : []
done diffeq1 0.9 True 5.48
Baked architecture → /home/digital-2/workspace/rl_gnn/vanilla_rl/temp_arch_c2p_f0d3f510.xml
  Size   : 24x13
  DSPs   : [(6, 1), (6, 5), (14, 1), (14, 5), (22, 1)]
  BRAMs  : []
done diffeq1 1.1 True 4.12
Baked architecture → /home/digital-2/workspace/rl_gnn/vanilla_rl/temp_arch_c2p_f1d2b416.xml
  Size   : 8x57
  DSPs   : [(6, 1), (6, 5), (6, 9), (6, 13), (6, 17)]
  BRAMs  : []
done diffeq1 1.2 True 4.12
Baked architecture → /home/digital-2/workspace/rl_gnn/vanilla_rl/temp_arch_c2p_4334311a.xml
  Size   : 8x30
  DSPs   : [(6, 1), (6, 5), (6, 9), (6, 13), (6, 17)]
  BRAMs  : []
done diffeq1 1.3 True 4.42
Baked architecture → /home/digital-2/workspace/rl_gnn/vanilla_rl/temp_arch_c2p_813461b5.xml
  Size   : 8x22
  DSPs   : [(6, 1), (6, 5), (6, 9), (6, 13), (6, 17)]
  BRAMs  : []
done diffeq1 1.4 True 4.37
Baked architecture → /home/digital-2/workspace/rl_gnn/vanilla_rl/temp_arch_c2p_27a73312.xml
  Size   : 10x22
  DSPs   : [(6, 1), (6, 5), (6, 9), (6, 13), (6, 17)]
  BRAMs  : []
done diffeq1 1.5 True 4.92
Baked architecture → /home/digital-2/workspace/rl_gnn/vanilla_rl/temp_arch_c2p_851a3d7c.xml
  Size   : 12x22
  DSPs   : [(6, 1), (6, 5), (6, 9), (6, 13), (6, 17)]
  BRAMs  : []
done diffeq1 1.6 True 5.02
Baked architecture → /home/digital-2/workspace/rl_gnn/vanilla_rl/temp_arch_c2p_3dea4335.xml
  Size   : 14x22
  DSPs   : [(6, 1), (6, 5), (6, 9), (6, 13), (6, 17)]
  BRAMs  : []
done diffeq1 1.7 True 4.57
Baked architecture → /home/digital-2/workspace/rl_gnn/vanilla_rl/temp_arch_c2p_3202e759.xml
  Size   : 16x22
  DSPs   : [(6, 1), (6, 5), (6, 9), (6, 13), (6, 17)]
  BRAMs  : []
done diffeq1 1.8 True 4.57
Baked architecture → /home/digital-2/workspace/rl_gnn/vanilla_rl/temp_arch_c2p_8b92b5b6.xml
  Size   : 16x19
  DSPs   : [(6, 1), (6, 5), (6, 9), (6, 13), (14, 1)]
  BRAMs  : []
done diffeq1 1.9 True 4.82
Baked architecture → /home/digital-2/workspace/rl_gnn/vanilla_rl/temp_arch_c2p_22068060.xml
  Size   : 16x17
  DSPs   : [(6, 1), (6, 5), (6, 9), (14, 1), (14, 5)]
  BRAMs  : []
done diffeq1 2.0 True 4.57
Baked architecture → /home/digital-2/workspace/rl_gnn/vanilla_rl/temp_arch_c2p_5e74d36f.xml
  Size   : 16x16
  DSPs   : [(6, 1), (6, 5), (6, 9), (14, 1), (14, 5)]
  BRAMs  : []
done diffeq2 0.5 True 3.62
Baked architecture → /home/digital-2/workspace/rl_gnn/vanilla_rl/temp_arch_c2p_c2ea2dfd.xml
  Size   : 16x15
  DSPs   : [(6, 1), (6, 5), (6, 9), (14, 1), (14, 5)]
  BRAMs  : []
done diffeq2 0.6 True 3.47
Baked architecture → /home/digital-2/workspace/rl_gnn/vanilla_rl/temp_arch_c2p_82fb8388.xml
  Size   : 16x14
  DSPs   : [(6, 1), (6, 5), (6, 9), (14, 1), (14, 5)]
  BRAMs  : []
done diffeq2 0.2 True 5.53
Baked architecture → /home/digital-2/workspace/rl_gnn/vanilla_rl/temp_arch_c2p_ef1ebec1.xml
  Size   : 18x14
  DSPs   : [(6, 1), (6, 5), (6, 9), (14, 1), (14, 5)]
  BRAMs  : []
done diffeq2 0.4 True 4.77
Baked architecture → /home/digital-2/workspace/rl_gnn/vanilla_rl/temp_arch_c2p_3dcb0282.xml
  Size   : 19x14
  DSPs   : [(6, 1), (6, 5), (6, 9), (14, 1), (14, 5)]
  BRAMs  : []
done diffeq2 0.1 True 6.33
Baked architecture → /home/digital-2/workspace/rl_gnn/vanilla_rl/temp_arch_c2p_bde695ac.xml
  Size   : 20x14
  DSPs   : [(6, 1), (6, 5), (6, 9), (14, 1), (14, 5)]
  BRAMs  : []
done diffeq2 0.3 True 5.28
Baked architecture → /home/digital-2/workspace/rl_gnn/vanilla_rl/temp_arch_c2p_0f006e09.xml
  Size   : 21x14
  DSPs   : [(6, 1), (6, 5), (6, 9), (14, 1), (14, 5)]
  BRAMs  : []
done diffeq2 0.8 True 4.63
Baked architecture → /home/digital-2/workspace/rl_gnn/vanilla_rl/temp_arch_c2p_57682bf4.xml
  Size   : 22x14
  DSPs   : [(6, 1), (6, 5), (6, 9), (14, 1), (14, 5)]
  BRAMs  : []
done diffeq2 0.7 True 5.08
Baked architecture → /home/digital-2/workspace/rl_gnn/vanilla_rl/temp_arch_c2p_5d213a4a.xml
  Size   : 24x14
  DSPs   : [(6, 1), (6, 5), (6, 9), (14, 1), (14, 5)]
  BRAMs  : []
done diffeq2 0.9 True 4.73
Baked architecture → /home/digital-2/workspace/rl_gnn/vanilla_rl/temp_arch_c2p_d55a895b.xml
  Size   : 25x14
  DSPs   : [(6, 1), (6, 5), (6, 9), (14, 1), (14, 5)]
  BRAMs  : []
done diffeq2 1.0 True 4.83
Baked architecture → /home/digital-2/workspace/rl_gnn/vanilla_rl/temp_arch_c2p_b45f525b.xml
  Size   : 24x13
  DSPs   : [(6, 1), (6, 5), (14, 1), (14, 5), (22, 1)]
  BRAMs  : []
done diffeq2 1.2 True 3.98
Baked architecture → /home/digital-2/workspace/rl_gnn/vanilla_rl/temp_arch_c2p_8b47dc4b.xml
  Size   : 8x57
  DSPs   : [(6, 1), (6, 5), (6, 9), (6, 13), (6, 17), (6, 21)]
  BRAMs  : [(2, 1)]
done diffeq2 1.3 True 4.32
Baked architecture → /home/digital-2/workspace/rl_gnn/vanilla_rl/temp_arch_c2p_ba48cb97.xml
  Size   : 8x30
  DSPs   : [(6, 1), (6, 5), (6, 9), (6, 13), (6, 17), (6, 21)]
  BRAMs  : [(2, 1)]
done diffeq2 1.5 True 4.17
Baked architecture → /home/digital-2/workspace/rl_gnn/vanilla_rl/temp_arch_c2p_63b71747.xml
  Size   : 9x26
  DSPs   : [(6, 1), (6, 5), (6, 9), (6, 13), (6, 17), (6, 21)]
  BRAMs  : [(2, 1)]
done diffeq2 1.4 True 4.62
Baked architecture → /home/digital-2/workspace/rl_gnn/vanilla_rl/temp_arch_c2p_96fef73f.xml
  Size   : 12x26
  DSPs   : [(6, 1), (6, 5), (6, 9), (6, 13), (6, 17), (6, 21)]
  BRAMs  : [(2, 1)]
done diffeq2 1.1 True 5.33
Baked architecture → /home/digital-2/workspace/rl_gnn/vanilla_rl/temp_arch_c2p_471b88c9.xml
  Size   : 14x26
  DSPs   : [(6, 1), (6, 5), (6, 9), (6, 13), (6, 17), (6, 21)]
  BRAMs  : [(2, 1)]
done diffeq2 1.8 True 4.57
Baked architecture → /home/digital-2/workspace/rl_gnn/vanilla_rl/temp_arch_c2p_8affaaa9.xml
  Size   : 16x25
  DSPs   : [(6, 1), (6, 5), (6, 9), (6, 13), (6, 17), (14, 1)]
  BRAMs  : [(2, 1)]
done diffeq2 1.6 True 6.12
Baked architecture → /home/digital-2/workspace/rl_gnn/vanilla_rl/temp_arch_c2p_2c69d61c.xml
  Size   : 16x22
  DSPs   : [(6, 1), (6, 5), (6, 9), (6, 13), (6, 17), (14, 1)]
  BRAMs  : [(2, 1)]
done diffeq2 1.7 True 4.79
Baked architecture → /home/digital-2/workspace/rl_gnn/vanilla_rl/temp_arch_c2p_1a131177.xml
  Size   : 16x19
  DSPs   : [(6, 1), (6, 5), (6, 9), (6, 13), (14, 1), (14, 5)]
  BRAMs  : [(2, 1)]
done diffeq2 2.0 True 4.87
Baked architecture → /home/digital-2/workspace/rl_gnn/vanilla_rl/temp_arch_c2p_ba1e6253.xml
  Size   : 16x17
  DSPs   : [(6, 1), (6, 5), (6, 9), (14, 1), (14, 5), (14, 9)]
  BRAMs  : [(2, 1)]
done diffeq2 1.9 True 5.47
Baked architecture → /home/digital-2/workspace/rl_gnn/vanilla_rl/temp_arch_c2p_d03c231f.xml
  Size   : 16x16
  DSPs   : [(6, 1), (6, 5), (6, 9), (14, 1), (14, 5), (14, 9)]
  BRAMs  : [(2, 1)]
done raygentop 0.2 True 9.53
Baked architecture → /home/digital-2/workspace/rl_gnn/vanilla_rl/temp_arch_c2p_785c8f73.xml
  Size   : 16x15
  DSPs   : [(6, 1), (6, 5), (6, 9), (14, 1), (14, 5), (14, 9)]
  BRAMs  : [(2, 1)]
done raygentop 0.3 True 9.43
Baked architecture → /home/digital-2/workspace/rl_gnn/vanilla_rl/temp_arch_c2p_1745140b.xml
  Size   : 16x14
  DSPs   : [(6, 1), (6, 5), (6, 9), (14, 1), (14, 5), (14, 9)]
  BRAMs  : [(2, 1)]
done raygentop 0.4 True 10.09
Baked architecture → /home/digital-2/workspace/rl_gnn/vanilla_rl/temp_arch_c2p_bfa257f9.xml
  Size   : 18x14
  DSPs   : [(6, 1), (6, 5), (6, 9), (14, 1), (14, 5), (14, 9)]
  BRAMs  : [(2, 1)]
done raygentop 0.1 True 10.99
Baked architecture → /home/digital-2/workspace/rl_gnn/vanilla_rl/temp_arch_c2p_014174bb.xml
  Size   : 19x14
  DSPs   : [(6, 1), (6, 5), (6, 9), (14, 1), (14, 5), (14, 9)]
  BRAMs  : [(2, 1)]
done raygentop 0.9 True 9.03
Baked architecture → /home/digital-2/workspace/rl_gnn/vanilla_rl/temp_arch_c2p_7e701226.xml
  Size   : 20x14
  DSPs   : [(6, 1), (6, 5), (6, 9), (14, 1), (14, 5), (14, 9)]
  BRAMs  : [(2, 1)]
done raygentop 0.7 True 10.24
Baked architecture → /home/digital-2/workspace/rl_gnn/vanilla_rl/temp_arch_c2p_a037e7a9.xml
  Size   : 21x14
  DSPs   : [(6, 1), (6, 5), (6, 9), (14, 1), (14, 5), (14, 9)]
  BRAMs  : [(2, 1)]
done raygentop 0.5 True 12.14
Baked architecture → /home/digital-2/workspace/rl_gnn/vanilla_rl/temp_arch_c2p_a66f88b6.xml
  Size   : 22x14
  DSPs   : [(6, 1), (6, 5), (6, 9), (14, 1), (14, 5), (14, 9)]
  BRAMs  : [(2, 1)]
done raygentop 0.8 True 10.74
Baked architecture → /home/digital-2/workspace/rl_gnn/vanilla_rl/temp_arch_c2p_567108d2.xml
  Size   : 24x14
  DSPs   : [(6, 1), (6, 5), (6, 9), (14, 1), (14, 5), (14, 9)]
  BRAMs  : [(2, 1)]
done raygentop 0.6 True 11.94
Baked architecture → /home/digital-2/workspace/rl_gnn/vanilla_rl/temp_arch_c2p_c2be61ac.xml
  Size   : 25x14
  DSPs   : [(6, 1), (6, 5), (6, 9), (14, 1), (14, 5), (14, 9)]
  BRAMs  : [(2, 1)]
done raygentop 1.0 True 11.74
Baked architecture → /home/digital-2/workspace/rl_gnn/vanilla_rl/temp_arch_c2p_74a4c78d.xml
  Size   : 24x13
  DSPs   : [(6, 1), (6, 5), (14, 1), (14, 5), (22, 1), (22, 5)]
  BRAMs  : [(2, 1)]
done raygentop 1.1 True 10.23
Baked architecture → /home/digital-2/workspace/rl_gnn/vanilla_rl/temp_arch_c2p_aa530ab3.xml
  Size   : 7x48
  DSPs   : []
  BRAMs  : [(2, 1), (2, 7), (2, 13), (2, 19), (2, 25)]
done raygentop 1.2 True 10.33
Baked architecture → /home/digital-2/workspace/rl_gnn/vanilla_rl/temp_arch_c2p_57e49bfc.xml
  Size   : 8x33
  DSPs   : []
  BRAMs  : [(2, 1), (2, 7), (2, 13), (2, 19), (2, 25)]
done raygentop 1.3 True 9.73
Baked architecture → /home/digital-2/workspace/rl_gnn/vanilla_rl/temp_arch_c2p_8a6c29aa.xml
  Size   : 11x32
  DSPs   : []
  BRAMs  : [(2, 1), (2, 7), (2, 13), (2, 19), (2, 25)]
done raygentop 1.4 True 9.98
Baked architecture → /home/digital-2/workspace/rl_gnn/vanilla_rl/temp_arch_c2p_b28b700a.xml
  Size   : 12x26
  DSPs   : []
  BRAMs  : [(2, 1), (2, 7), (2, 13), (2, 19), (10, 1)]
done raygentop 1.5 True 9.79
Baked architecture → /home/digital-2/workspace/rl_gnn/vanilla_rl/temp_arch_c2p_6c40b2ca.xml
  Size   : 12x21
  DSPs   : []
  BRAMs  : [(2, 1), (2, 7), (2, 13), (10, 1), (10, 7)]
done raygentop 1.8 True 9.83
Baked architecture → /home/digital-2/workspace/rl_gnn/vanilla_rl/temp_arch_c2p_ed1f1d87.xml
  Size   : 13x20
  DSPs   : []
  BRAMs  : [(2, 1), (2, 7), (2, 13), (10, 1), (10, 7)]
done raygentop 1.7 True 10.08
Baked architecture → /home/digital-2/workspace/rl_gnn/vanilla_rl/temp_arch_c2p_566a34e5.xml
  Size   : 15x20
  DSPs   : []
  BRAMs  : [(2, 1), (2, 7), (2, 13), (10, 1), (10, 7)]
done raygentop 1.9 True 9.33
Baked architecture → /home/digital-2/workspace/rl_gnn/vanilla_rl/temp_arch_c2p_a2fc9d44.xml
  Size   : 16x20
  DSPs   : []
  BRAMs  : [(2, 1), (2, 7), (2, 13), (10, 1), (10, 7)]
done raygentop 1.6 True 11.04
Baked architecture → /home/digital-2/workspace/rl_gnn/vanilla_rl/temp_arch_c2p_412a5524.xml
  Size   : 18x20
  DSPs   : []
  BRAMs  : [(2, 1), (2, 7), (2, 13), (10, 1), (10, 7)]
done raygentop 2.0 True 10.84
Baked architecture → /home/digital-2/workspace/rl_gnn/vanilla_rl/temp_arch_c2p_12f3f2eb.xml
  Size   : 20x20
  DSPs   : []
  BRAMs  : [(2, 1), (2, 7), (2, 13), (10, 1), (10, 7)]
done mkSMAdapter4B 0.4 True 9.03
Baked architecture → /home/digital-2/workspace/rl_gnn/vanilla_rl/temp_arch_c2p_8a16d888.xml
  Size   : 20x18
  DSPs   : []
  BRAMs  : [(2, 1), (2, 7), (10, 1), (10, 7), (18, 1)]
done mkSMAdapter4B 0.2 True 9.73
Baked architecture → /home/digital-2/workspace/rl_gnn/vanilla_rl/temp_arch_c2p_2b3b2661.xml
  Size   : 20x17
  DSPs   : []
  BRAMs  : [(2, 1), (2, 7), (10, 1), (10, 7), (18, 1)]
done mkSMAdapter4B 0.3 True 9.98
Baked architecture → /home/digital-2/workspace/rl_gnn/vanilla_rl/temp_arch_c2p_8efdf827.xml
  Size   : 20x16
  DSPs   : []
  BRAMs  : [(2, 1), (2, 7), (10, 1), (10, 7), (18, 1)]
done mkSMAdapter4B 0.5 True 8.93
Baked architecture → /home/digital-2/workspace/rl_gnn/vanilla_rl/temp_arch_c2p_c9b45f2e.xml
  Size   : 20x15
  DSPs   : []
  BRAMs  : [(2, 1), (2, 7), (10, 1), (10, 7), (18, 1)]
done mkSMAdapter4B 0.6 True 8.58
Baked architecture → /home/digital-2/workspace/rl_gnn/vanilla_rl/temp_arch_c2p_3e749709.xml
  Size   : 20x14
  DSPs   : []
  BRAMs  : [(2, 1), (2, 7), (10, 1), (10, 7), (18, 1)]
done mkSMAdapter4B 0.7 True 8.98
Baked architecture → /home/digital-2/workspace/rl_gnn/vanilla_rl/temp_arch_c2p_72d62287.xml
  Size   : 21x14
  DSPs   : []
  BRAMs  : [(2, 1), (2, 7), (10, 1), (10, 7), (18, 1)]
done mkSMAdapter4B 0.1 True 12.59
Baked architecture → /home/digital-2/workspace/rl_gnn/vanilla_rl/temp_arch_c2p_6085ccea.xml
  Size   : 22x14
  DSPs   : []
  BRAMs  : [(2, 1), (2, 7), (10, 1), (10, 7), (18, 1)]
done mkSMAdapter4B 0.8 True 9.48
Baked architecture → /home/digital-2/workspace/rl_gnn/vanilla_rl/temp_arch_c2p_6be38846.xml
  Size   : 24x14
  DSPs   : []
  BRAMs  : [(2, 1), (2, 7), (10, 1), (10, 7), (18, 1)]
done mkSMAdapter4B 0.9 True 10.03
Baked architecture → /home/digital-2/workspace/rl_gnn/vanilla_rl/temp_arch_c2p_3177d73b.xml
  Size   : 25x14
  DSPs   : []
  BRAMs  : [(2, 1), (2, 7), (10, 1), (10, 7), (18, 1)]
done mkSMAdapter4B 1.0 True 11.14
Baked architecture → /home/digital-2/workspace/rl_gnn/vanilla_rl/temp_arch_c2p_81537151.xml
  Size   : 26x14
  DSPs   : []
  BRAMs  : [(2, 1), (2, 7), (10, 1), (10, 7), (18, 1)]
done mkSMAdapter4B 1.1 True 9.63
Baked architecture → /home/digital-2/workspace/rl_gnn/vanilla_rl/temp_arch_c2p_c64aab94.xml
  Size   : 8x57
  DSPs   : [(6, 1)]
  BRAMs  : [(2, 1), (2, 7)]
done mkSMAdapter4B 1.3 True 9.13
Baked architecture → /home/digital-2/workspace/rl_gnn/vanilla_rl/temp_arch_c2p_3af5801a.xml
  Size   : 10x40
  DSPs   : [(6, 1)]
  BRAMs  : [(2, 1), (2, 7)]
done mkSMAdapter4B 1.4 True 8.38
Baked architecture → /home/digital-2/workspace/rl_gnn/vanilla_rl/temp_arch_c2p_946a4cd7.xml
  Size   : 11x31
  DSPs   : [(6, 1)]
  BRAMs  : [(2, 1), (2, 7)]
done mkSMAdapter4B 1.2 True 10.79
Baked architecture → /home/digital-2/workspace/rl_gnn/vanilla_rl/temp_arch_c2p_2fc09788.xml
  Size   : 13x29
  DSPs   : [(6, 1)]
  BRAMs  : [(2, 1), (2, 7)]
done mkSMAdapter4B 1.5 True 9.13
Baked architecture → /home/digital-2/workspace/rl_gnn/vanilla_rl/temp_arch_c2p_e48f42b5.xml
  Size   : 14x25
  DSPs   : [(6, 1)]
  BRAMs  : [(2, 1), (2, 7)]
done mkSMAdapter4B 1.8 True 8.63
Baked architecture → /home/digital-2/workspace/rl_gnn/vanilla_rl/temp_arch_c2p_c3612f8c.xml
  Size   : 15x23
  DSPs   : [(6, 1)]
  BRAMs  : [(2, 1), (2, 7)]
done mkSMAdapter4B 1.7 True 9.28
Baked architecture → /home/digital-2/workspace/rl_gnn/vanilla_rl/temp_arch_c2p_490b38b2.xml
  Size   : 16x22
  DSPs   : [(6, 1)]
  BRAMs  : [(2, 1), (2, 7)]
done mkSMAdapter4B 1.6 True 9.93
Baked architecture → /home/digital-2/workspace/rl_gnn/vanilla_rl/temp_arch_c2p_c263726e.xml
  Size   : 17x21
  DSPs   : [(6, 1)]
  BRAMs  : [(2, 1), (2, 7)]
done mkSMAdapter4B 1.9 True 9.33
Baked architecture → /home/digital-2/workspace/rl_gnn/vanilla_rl/temp_arch_c2p_c2695243.xml
  Size   : 18x20
  DSPs   : [(6, 1)]
  BRAMs  : [(2, 1), (2, 7)]
done mkSMAdapter4B 2.0 True 8.78
Baked architecture → /home/digital-2/workspace/rl_gnn/vanilla_rl/temp_arch_c2p_58904150.xml
  Size   : 19x19
  DSPs   : [(6, 1)]
  BRAMs  : [(2, 1), (2, 7)]
done or1200 0.2 True 25.17
Baked architecture → /home/digital-2/workspace/rl_gnn/vanilla_rl/temp_arch_c2p_cb2712d9.xml
  Size   : 20x18
  DSPs   : [(6, 1)]
  BRAMs  : [(2, 1), (2, 7)]
done or1200 0.1 True 28.12
Baked architecture → /home/digital-2/workspace/rl_gnn/vanilla_rl/temp_arch_c2p_9602f337.xml
  Size   : 20x17
  DSPs   : [(6, 1)]
  BRAMs  : [(2, 1), (2, 7)]
done or1200 0.4 True 26.87
Baked architecture → /home/digital-2/workspace/rl_gnn/vanilla_rl/temp_arch_c2p_40d3904e.xml
  Size   : 22x17
  DSPs   : [(6, 1)]
  BRAMs  : [(2, 1), (2, 7)]
done or1200 0.7 True 25.82
Baked architecture → /home/digital-2/workspace/rl_gnn/vanilla_rl/temp_arch_c2p_d4d10820.xml
  Size   : 22x16
  DSPs   : [(6, 1)]
  BRAMs  : [(2, 1), (2, 7)]
done or1200 0.3 True 28.03
Baked architecture → /home/digital-2/workspace/rl_gnn/vanilla_rl/temp_arch_c2p_ba307fd2.xml
  Size   : 23x16
  DSPs   : [(6, 1)]
  BRAMs  : [(2, 1), (2, 7)]
done or1200 0.5 True 27.78
Baked architecture → /home/digital-2/workspace/rl_gnn/vanilla_rl/temp_arch_c2p_6af2bed2.xml
  Size   : 23x15
  DSPs   : [(6, 1)]
  BRAMs  : [(2, 1), (2, 7)]
done or1200 0.9 True 28.57
Baked architecture → /home/digital-2/workspace/rl_gnn/vanilla_rl/temp_arch_c2p_0154b6b1.xml
  Size   : 24x15
  DSPs   : [(6, 1)]
  BRAMs  : [(2, 1), (2, 7)]
done or1200 0.6 True 32.84
Baked architecture → /home/digital-2/workspace/rl_gnn/vanilla_rl/temp_arch_c2p_701c6a2f.xml
  Size   : 24x14
  DSPs   : [(6, 1)]
  BRAMs  : [(2, 1), (2, 7)]
done or1200 1.0 True 31.24
Baked architecture → /home/digital-2/workspace/rl_gnn/vanilla_rl/temp_arch_c2p_06bde442.xml
  Size   : 25x14
  DSPs   : [(6, 1)]
  BRAMs  : [(2, 1), (2, 7)]
done or1200 0.8 True 35.64
Baked architecture → /home/digital-2/workspace/rl_gnn/vanilla_rl/temp_arch_c2p_dceb5ba4.xml
  Size   : 26x14
  DSPs   : [(6, 1)]
  BRAMs  : [(2, 1), (2, 7)]
done or1200 1.1 True 25.91
Baked architecture → /home/digital-2/workspace/rl_gnn/vanilla_rl/temp_arch_c2p_bea208d0.xml
  Size   : 11x92
  DSPs   : []
  BRAMs  : [(2, 1), (2, 7), (2, 13), (2, 19), (2, 25), (2, 31), (2, 37), (2, 43), (2, 49), (2, 55), (2, 61), (2, 67), (2, 73), (2, 79), (2, 85)]
done or1200 1.3 True 24.68
Baked architecture → /home/digital-2/workspace/rl_gnn/vanilla_rl/temp_arch_c2p_a2b090d5.xml
  Size   : 12x50
  DSPs   : []
  BRAMs  : [(2, 1), (2, 7), (2, 13), (2, 19), (2, 25), (2, 31), (2, 37), (2, 43), (10, 1), (10, 7), (10, 13), (10, 19), (10, 25), (10, 31), (10, 37)]
done or1200 1.4 True 24.83
Baked architecture → /home/digital-2/workspace/rl_gnn/vanilla_rl/temp_arch_c2p_c6a6f6cb.xml
  Size   : 16x50
  DSPs   : []
  BRAMs  : [(2, 1), (2, 7), (2, 13), (2, 19), (2, 25), (2, 31), (2, 37), (2, 43), (10, 1), (10, 7), (10, 13), (10, 19), (10, 25), (10, 31), (10, 37)]
done or1200 1.2 True 26.53
Baked architecture → /home/digital-2/workspace/rl_gnn/vanilla_rl/temp_arch_c2p_92e8508c.xml
  Size   : 20x46
  DSPs   : []
  BRAMs  : [(2, 1), (2, 7), (2, 13), (2, 19), (2, 25), (2, 31), (2, 37), (10, 1), (10, 7), (10, 13), (10, 19), (10, 25), (10, 31), (10, 37), (18, 1)]
done or1200 1.5 True 28.23
Baked architecture → /home/digital-2/workspace/rl_gnn/vanilla_rl/temp_arch_c2p_b18a98b6.xml
  Size   : 20x37
  DSPs   : []
  BRAMs  : [(2, 1), (2, 7), (2, 13), (2, 19), (2, 25), (10, 1), (10, 7), (10, 13), (10, 19), (10, 25), (18, 1), (18, 7), (18, 13), (18, 19), (18, 25)]
done or1200 1.6 True 28.23
Baked architecture → /home/digital-2/workspace/rl_gnn/vanilla_rl/temp_arch_c2p_9cecfcc4.xml
  Size   : 20x32
  DSPs   : []
  BRAMs  : [(2, 1), (2, 7), (2, 13), (2, 19), (2, 25), (10, 1), (10, 7), (10, 13), (10, 19), (10, 25), (18, 1), (18, 7), (18, 13), (18, 19), (18, 25)]
done mkPktMerge 0.1 True 6.63
Baked architecture → /home/digital-2/workspace/rl_gnn/vanilla_rl/temp_arch_c2p_f23c0e70.xml
  Size   : 23x32
  DSPs   : []
  BRAMs  : [(2, 1), (2, 7), (2, 13), (2, 19), (2, 25), (10, 1), (10, 7), (10, 13), (10, 19), (10, 25), (18, 1), (18, 7), (18, 13), (18, 19), (18, 25)]
done mkPktMerge 0.2 True 5.27
Baked architecture → /home/digital-2/workspace/rl_gnn/vanilla_rl/temp_arch_c2p_cfeaae3d.xml
  Size   : 26x32
  DSPs   : []
  BRAMs  : [(2, 1), (2, 7), (2, 13), (2, 19), (2, 25), (10, 1), (10, 7), (10, 13), (10, 19), (10, 25), (18, 1), (18, 7), (18, 13), (18, 19), (18, 25)]
done mkPktMerge 0.3 True 5.83
Baked architecture → /home/digital-2/workspace/rl_gnn/vanilla_rl/temp_arch_c2p_47c4f690.xml
  Size   : 28x31
  DSPs   : []
  BRAMs  : [(2, 1), (2, 7), (2, 13), (2, 19), (10, 1), (10, 7), (10, 13), (10, 19), (18, 1), (18, 7), (18, 13), (18, 19), (26, 1), (26, 7), (26, 13)]
done mkPktMerge 0.4 True 7.13
Baked architecture → /home/digital-2/workspace/rl_gnn/vanilla_rl/temp_arch_c2p_522cdfb6.xml
  Size   : 28x28
  DSPs   : []
  BRAMs  : [(2, 1), (2, 7), (2, 13), (2, 19), (10, 1), (10, 7), (10, 13), (10, 19), (18, 1), (18, 7), (18, 13), (18, 19), (26, 1), (26, 7), (26, 13)]
done mkPktMerge 0.5 True 5.53
Baked architecture → /home/digital-2/workspace/rl_gnn/vanilla_rl/temp_arch_c2p_91f33a12.xml
  Size   : 28x26
  DSPs   : []
  BRAMs  : [(2, 1), (2, 7), (2, 13), (2, 19), (10, 1), (10, 7), (10, 13), (10, 19), (18, 1), (18, 7), (18, 13), (18, 19), (26, 1), (26, 7), (26, 13)]
done mkPktMerge 0.6 True 5.53
Baked architecture → /home/digital-2/workspace/rl_gnn/vanilla_rl/temp_arch_c2p_7d7c5701.xml
  Size   : 31x26
  DSPs   : []
  BRAMs  : [(2, 1), (2, 7), (2, 13), (2, 19), (10, 1), (10, 7), (10, 13), (10, 19), (18, 1), (18, 7), (18, 13), (18, 19), (26, 1), (26, 7), (26, 13)]
done mkPktMerge 0.7 True 5.47
Baked architecture → /home/digital-2/workspace/rl_gnn/vanilla_rl/temp_arch_c2p_1aef60fd.xml
  Size   : 33x26
  DSPs   : []
  BRAMs  : [(2, 1), (2, 7), (2, 13), (2, 19), (10, 1), (10, 7), (10, 13), (10, 19), (18, 1), (18, 7), (18, 13), (18, 19), (26, 1), (26, 7), (26, 13)]
done or1200 1.8 True 29.63
Baked architecture → /home/digital-2/workspace/rl_gnn/vanilla_rl/temp_arch_c2p_4df7e91f.xml
  Size   : 36x26
  DSPs   : []
  BRAMs  : [(2, 1), (2, 7), (2, 13), (2, 19), (10, 1), (10, 7), (10, 13), (10, 19), (18, 1), (18, 7), (18, 13), (18, 19), (26, 1), (26, 7), (26, 13)]
done mkPktMerge 0.9 True 6.43
Baked architecture → /home/digital-2/workspace/rl_gnn/vanilla_rl/temp_arch_c2p_06e86bfe.xml
  Size   : 36x25
  DSPs   : []
  BRAMs  : [(2, 1), (2, 7), (2, 13), (10, 1), (10, 7), (10, 13), (18, 1), (18, 7), (18, 13), (26, 1), (26, 7), (26, 13), (34, 1), (34, 7), (34, 13)]
done or1200 2.0 True 27.63
Baked architecture → /home/digital-2/workspace/rl_gnn/vanilla_rl/temp_arch_c2p_6e9b6589.xml
  Size   : 36x23
  DSPs   : []
  BRAMs  : [(2, 1), (2, 7), (2, 13), (10, 1), (10, 7), (10, 13), (18, 1), (18, 7), (18, 13), (26, 1), (26, 7), (26, 13), (34, 1), (34, 7), (34, 13)]
done mkPktMerge 0.8 True 7.93
Baked architecture → /home/digital-2/workspace/rl_gnn/vanilla_rl/temp_arch_c2p_920643d5.xml
  Size   : 36x22
  DSPs   : []
  BRAMs  : [(2, 1), (2, 7), (2, 13), (10, 1), (10, 7), (10, 13), (18, 1), (18, 7), (18, 13), (26, 1), (26, 7), (26, 13), (34, 1), (34, 7), (34, 13)]
done mkPktMerge 1.1 True 5.58
Baked architecture → /home/digital-2/workspace/rl_gnn/vanilla_rl/temp_arch_c2p_eb8f8b00.xml
  Size   : 36x21
  DSPs   : []
  BRAMs  : [(2, 1), (2, 7), (2, 13), (10, 1), (10, 7), (10, 13), (18, 1), (18, 7), (18, 13), (26, 1), (26, 7), (26, 13), (34, 1), (34, 7), (34, 13)]
done mkPktMerge 1.0 True 5.93
Baked architecture → /home/digital-2/workspace/rl_gnn/vanilla_rl/temp_arch_c2p_be5a672a.xml
  Size   : 36x20
  DSPs   : []
  BRAMs  : [(2, 1), (2, 7), (2, 13), (10, 1), (10, 7), (10, 13), (18, 1), (18, 7), (18, 13), (26, 1), (26, 7), (26, 13), (34, 1), (34, 7), (34, 13)]
done or1200 1.7 True 35.85
Baked architecture → /home/digital-2/workspace/rl_gnn/vanilla_rl/temp_arch_c2p_afa7c103.xml
  Size   : 38x20
  DSPs   : []
  BRAMs  : [(2, 1), (2, 7), (2, 13), (10, 1), (10, 7), (10, 13), (18, 1), (18, 7), (18, 13), (26, 1), (26, 7), (26, 13), (34, 1), (34, 7), (34, 13)]
done mkPktMerge 1.2 True 6.38
Baked architecture → /home/digital-2/workspace/rl_gnn/vanilla_rl/temp_arch_c2p_260f0279.xml
  Size   : 8x57
  DSPs   : [(6, 1), (6, 5), (6, 9)]
  BRAMs  : [(2, 1)]
done mkPktMerge 1.3 True 6.48
Baked architecture → /home/digital-2/workspace/rl_gnn/vanilla_rl/temp_arch_c2p_67a22d8f.xml
  Size   : 8x30
  DSPs   : [(6, 1), (6, 5), (6, 9)]
  BRAMs  : [(2, 1)]
done or1200 1.9 True 32.74
Baked architecture → /home/digital-2/workspace/rl_gnn/vanilla_rl/temp_arch_c2p_ab0aef88.xml
  Size   : 8x21
  DSPs   : [(6, 1), (6, 5), (6, 9)]
  BRAMs  : [(2, 1)]
done mkPktMerge 1.4 True 6.58
Baked architecture → /home/digital-2/workspace/rl_gnn/vanilla_rl/temp_arch_c2p_81cb4619.xml
  Size   : 8x16
  DSPs   : [(6, 1), (6, 5), (6, 9)]
  BRAMs  : [(2, 1)]
done mkPktMerge 1.6 True 5.53
Baked architecture → /home/digital-2/workspace/rl_gnn/vanilla_rl/temp_arch_c2p_bd5df9d9.xml
  Size   : 8x14
  DSPs   : [(6, 1), (6, 5), (6, 9)]
  BRAMs  : [(2, 1)]
done mkPktMerge 1.7 True 5.52
Baked architecture → /home/digital-2/workspace/rl_gnn/vanilla_rl/temp_arch_c2p_925155df.xml
  Size   : 9x14
  DSPs   : [(6, 1), (6, 5), (6, 9)]
  BRAMs  : [(2, 1)]
done mkPktMerge 1.5 True 6.48
Baked architecture → /home/digital-2/workspace/rl_gnn/vanilla_rl/temp_arch_c2p_dd870f44.xml
  Size   : 10x14
  DSPs   : [(6, 1), (6, 5), (6, 9)]
  BRAMs  : [(2, 1)]
done custom_macbuf 0.2 True 2.73
Baked architecture → /home/digital-2/workspace/rl_gnn/vanilla_rl/temp_arch_c2p_be3099fe.xml
  Size   : 12x14
  DSPs   : [(6, 1), (6, 5), (6, 9)]
  BRAMs  : [(2, 1)]
done custom_macbuf 0.3 True 2.07
Baked architecture → /home/digital-2/workspace/rl_gnn/vanilla_rl/temp_arch_c2p_32218d69.xml
  Size   : 13x14
  DSPs   : [(6, 1), (6, 5), (6, 9)]
  BRAMs  : [(2, 1)]
done mkPktMerge 1.8 True 5.27
Baked architecture → /home/digital-2/workspace/rl_gnn/vanilla_rl/temp_arch_c2p_1f1cd2fd.xml
  Size   : 14x14
  DSPs   : [(6, 1), (6, 5), (6, 9)]
  BRAMs  : [(2, 1)]
done custom_macbuf 0.1 True 3.62
Baked architecture → /home/digital-2/workspace/rl_gnn/vanilla_rl/temp_arch_c2p_c1a069d6.xml
  Size   : 15x14
  DSPs   : [(6, 1), (6, 5), (6, 9)]
  BRAMs  : [(2, 1)]
done mkPktMerge 1.9 True 5.42
Baked architecture → /home/digital-2/workspace/rl_gnn/vanilla_rl/temp_arch_c2p_ee3984c2.xml
  Size   : 16x14
  DSPs   : [(6, 1), (6, 5), (6, 9)]
  BRAMs  : [(2, 1)]
done custom_macbuf 0.5 True 1.62
Baked architecture → /home/digital-2/workspace/rl_gnn/vanilla_rl/temp_arch_c2p_8e881dc8.xml
  Size   : 16x13
  DSPs   : [(6, 1), (6, 5), (14, 1)]
  BRAMs  : [(2, 1)]
done custom_macbuf 0.4 True 2.22
Baked architecture → /home/digital-2/workspace/rl_gnn/vanilla_rl/temp_arch_c2p_46c6885e.xml
  Size   : 16x12
  DSPs   : [(6, 1), (6, 5), (14, 1)]
  BRAMs  : [(2, 1)]
done custom_macbuf 0.6 True 2.12
Baked architecture → /home/digital-2/workspace/rl_gnn/vanilla_rl/temp_arch_c2p_8eae1d09.xml
  Size   : 16x11
  DSPs   : [(6, 1), (6, 5), (14, 1)]
  BRAMs  : [(2, 1)]
done custom_macbuf 0.7 True 1.97
Baked architecture → /home/digital-2/workspace/rl_gnn/vanilla_rl/temp_arch_c2p_db3e0097.xml
  Size   : 16x11
  DSPs   : [(6, 1), (6, 5), (14, 1)]
  BRAMs  : [(2, 1)]
done mkPktMerge 2.0 True 5.98
Baked architecture → /home/digital-2/workspace/rl_gnn/vanilla_rl/temp_arch_c2p_a0d4c089.xml
  Size   : 16x10
  DSPs   : [(6, 1), (6, 5), (14, 1)]
  BRAMs  : [(2, 1)]
done custom_macbuf 0.8 True 1.77
Baked architecture → /home/digital-2/workspace/rl_gnn/vanilla_rl/temp_arch_c2p_c77c893c.xml
  Size   : 16x10
  DSPs   : [(6, 1), (6, 5), (14, 1)]
  BRAMs  : [(2, 1)]
done custom_macbuf 0.9 True 1.97
Baked architecture → /home/digital-2/workspace/rl_gnn/vanilla_rl/temp_arch_c2p_cfb152e5.xml
  Size   : 17x10
  DSPs   : [(6, 1), (6, 5), (14, 1)]
  BRAMs  : [(2, 1)]
done custom_macbuf 1.1 True 2.12
Baked architecture → /home/digital-2/workspace/rl_gnn/vanilla_rl/temp_arch_c2p_6f8bbfd5.xml
  Size   : 18x10
  DSPs   : [(6, 1), (6, 5), (14, 1)]
  BRAMs  : [(2, 1)]
done custom_macbuf 1.2 True 2.02
Baked architecture → /home/digital-2/workspace/rl_gnn/vanilla_rl/temp_arch_c2p_ecfe4a9c.xml
  Size   : 15x134
  DSPs   : []
  BRAMs  : [(2, 1), (2, 7), (2, 13), (2, 19), (2, 25), (2, 31), (2, 37), (2, 43), (2, 49), (2, 55), (2, 61), (2, 67), (2, 73), (2, 79), (2, 85), (2, 91), (2, 97), (2, 103), (2, 109), (2, 115), (2, 121), (2, 127), (10, 1), (10, 7), (10, 13), (10, 19), (10, 25), (10, 31), (10, 37), (10, 43), (10, 49), (10, 55), (10, 61), (10, 67), (10, 73), (10, 79), (10, 85), (10, 91), (10, 97), (10, 103), (10, 109), (10, 115), (10, 121)]
done custom_macbuf 1.0 True 2.37
Baked architecture → /home/digital-2/workspace/rl_gnn/vanilla_rl/temp_arch_c2p_1297e6d8.xml
  Size   : 20x92
  DSPs   : []
  BRAMs  : [(2, 1), (2, 7), (2, 13), (2, 19), (2, 25), (2, 31), (2, 37), (2, 43), (2, 49), (2, 55), (2, 61), (2, 67), (2, 73), (2, 79), (2, 85), (10, 1), (10, 7), (10, 13), (10, 19), (10, 25), (10, 31), (10, 37), (10, 43), (10, 49), (10, 55), (10, 61), (10, 67), (10, 73), (10, 79), (10, 85), (18, 1), (18, 7), (18, 13), (18, 19), (18, 25), (18, 31), (18, 37), (18, 43), (18, 49), (18, 55), (18, 61), (18, 67), (18, 73)]
done custom_macbuf 1.4 True 2.12
Baked architecture → /home/digital-2/workspace/rl_gnn/vanilla_rl/temp_arch_c2p_3d58a3e1.xml
  Size   : 28x87
  DSPs   : []
  BRAMs  : [(2, 1), (2, 7), (2, 13), (2, 19), (2, 25), (2, 31), (2, 37), (2, 43), (2, 49), (2, 55), (2, 61), (2, 67), (2, 73), (2, 79), (10, 1), (10, 7), (10, 13), (10, 19), (10, 25), (10, 31), (10, 37), (10, 43), (10, 49), (10, 55), (10, 61), (10, 67), (10, 73), (10, 79), (18, 1), (18, 7), (18, 13), (18, 19), (18, 25), (18, 31), (18, 37), (18, 43), (18, 49), (18, 55), (18, 61), (18, 67), (18, 73), (18, 79), (26, 1)]
done custom_macbuf 1.5 True 1.97
Baked architecture → /home/digital-2/workspace/rl_gnn/vanilla_rl/temp_arch_c2p_31f1a8b6.xml
  Size   : 28x68
  DSPs   : []
  BRAMs  : [(2, 1), (2, 7), (2, 13), (2, 19), (2, 25), (2, 31), (2, 37), (2, 43), (2, 49), (2, 55), (2, 61), (10, 1), (10, 7), (10, 13), (10, 19), (10, 25), (10, 31), (10, 37), (10, 43), (10, 49), (10, 55), (10, 61), (18, 1), (18, 7), (18, 13), (18, 19), (18, 25), (18, 31), (18, 37), (18, 43), (18, 49), (18, 55), (18, 61), (26, 1), (26, 7), (26, 13), (26, 19), (26, 25), (26, 31), (26, 37), (26, 43), (26, 49), (26, 55)]
done custom_macbuf 1.3 True 2.57
Baked architecture → /home/digital-2/workspace/rl_gnn/vanilla_rl/temp_arch_c2p_0865bd7c.xml
  Size   : 35x68
  DSPs   : []
  BRAMs  : [(2, 1), (2, 7), (2, 13), (2, 19), (2, 25), (2, 31), (2, 37), (2, 43), (2, 49), (2, 55), (2, 61), (10, 1), (10, 7), (10, 13), (10, 19), (10, 25), (10, 31), (10, 37), (10, 43), (10, 49), (10, 55), (10, 61), (18, 1), (18, 7), (18, 13), (18, 19), (18, 25), (18, 31), (18, 37), (18, 43), (18, 49), (18, 55), (18, 61), (26, 1), (26, 7), (26, 13), (26, 19), (26, 25), (26, 31), (26, 37), (26, 43), (26, 49), (26, 55)]
done custom_macbuf 1.6 True 2.17
Baked architecture → /home/digital-2/workspace/rl_gnn/vanilla_rl/temp_arch_c2p_06cbcfde.xml
  Size   : 36x58
  DSPs   : []
  BRAMs  : [(2, 1), (2, 7), (2, 13), (2, 19), (2, 25), (2, 31), (2, 37), (2, 43), (2, 49), (10, 1), (10, 7), (10, 13), (10, 19), (10, 25), (10, 31), (10, 37), (10, 43), (10, 49), (18, 1), (18, 7), (18, 13), (18, 19), (18, 25), (18, 31), (18, 37), (18, 43), (18, 49), (26, 1), (26, 7), (26, 13), (26, 19), (26, 25), (26, 31), (26, 37), (26, 43), (26, 49), (34, 1), (34, 7), (34, 13), (34, 19), (34, 25), (34, 31), (34, 37)]
done custom_macbuf 1.8 True 2.07
Baked architecture → /home/digital-2/workspace/rl_gnn/vanilla_rl/temp_arch_c2p_d5401934.xml
  Size   : 40x56
  DSPs   : []
  BRAMs  : [(2, 1), (2, 7), (2, 13), (2, 19), (2, 25), (2, 31), (2, 37), (2, 43), (2, 49), (10, 1), (10, 7), (10, 13), (10, 19), (10, 25), (10, 31), (10, 37), (10, 43), (10, 49), (18, 1), (18, 7), (18, 13), (18, 19), (18, 25), (18, 31), (18, 37), (18, 43), (18, 49), (26, 1), (26, 7), (26, 13), (26, 19), (26, 25), (26, 31), (26, 37), (26, 43), (26, 49), (34, 1), (34, 7), (34, 13), (34, 19), (34, 25), (34, 31), (34, 37)]
done custom_macbuf 1.7 True 2.28
Baked architecture → /home/digital-2/workspace/rl_gnn/vanilla_rl/temp_arch_c2p_7b8dcbc0.xml
  Size   : 44x54
  DSPs   : []
  BRAMs  : [(2, 1), (2, 7), (2, 13), (2, 19), (2, 25), (2, 31), (2, 37), (2, 43), (10, 1), (10, 7), (10, 13), (10, 19), (10, 25), (10, 31), (10, 37), (10, 43), (18, 1), (18, 7), (18, 13), (18, 19), (18, 25), (18, 31), (18, 37), (18, 43), (26, 1), (26, 7), (26, 13), (26, 19), (26, 25), (26, 31), (26, 37), (26, 43), (34, 1), (34, 7), (34, 13), (34, 19), (34, 25), (34, 31), (34, 37), (34, 43), (42, 1), (42, 7), (42, 13)]
done custom_macbuf 1.9 True 2.52
Baked architecture → /home/digital-2/workspace/rl_gnn/vanilla_rl/temp_arch_c2p_ca1ca56d.xml
  Size   : 45x50
  DSPs   : []
  BRAMs  : [(2, 1), (2, 7), (2, 13), (2, 19), (2, 25), (2, 31), (2, 37), (2, 43), (10, 1), (10, 7), (10, 13), (10, 19), (10, 25), (10, 31), (10, 37), (10, 43), (18, 1), (18, 7), (18, 13), (18, 19), (18, 25), (18, 31), (18, 37), (18, 43), (26, 1), (26, 7), (26, 13), (26, 19), (26, 25), (26, 31), (26, 37), (26, 43), (34, 1), (34, 7), (34, 13), (34, 19), (34, 25), (34, 31), (34, 37), (34, 43), (42, 1), (42, 7), (42, 13)]
done custom_macbuf 2.0 True 2.67
Baked architecture → /home/digital-2/workspace/rl_gnn/vanilla_rl/temp_arch_c2p_7f812272.xml
  Size   : 50x50
  DSPs   : []
  BRAMs  : [(2, 1), (2, 7), (2, 13), (2, 19), (2, 25), (2, 31), (2, 37), (2, 43), (10, 1), (10, 7), (10, 13), (10, 19), (10, 25), (10, 31), (10, 37), (10, 43), (18, 1), (18, 7), (18, 13), (18, 19), (18, 25), (18, 31), (18, 37), (18, 43), (26, 1), (26, 7), (26, 13), (26, 19), (26, 25), (26, 31), (26, 37), (26, 43), (34, 1), (34, 7), (34, 13), (34, 19), (34, 25), (34, 31), (34, 37), (34, 43), (42, 1), (42, 7), (42, 13)]
done mkDelayWorker32B 0.1 True 23.06
Baked architecture → /home/digital-2/workspace/rl_gnn/vanilla_rl/temp_arch_c2p_02d90116.xml
  Size   : 52x47
  DSPs   : []
  BRAMs  : [(2, 1), (2, 7), (2, 13), (2, 19), (2, 25), (2, 31), (2, 37), (10, 1), (10, 7), (10, 13), (10, 19), (10, 25), (10, 31), (10, 37), (18, 1), (18, 7), (18, 13), (18, 19), (18, 25), (18, 31), (18, 37), (26, 1), (26, 7), (26, 13), (26, 19), (26, 25), (26, 31), (26, 37), (34, 1), (34, 7), (34, 13), (34, 19), (34, 25), (34, 31), (34, 37), (42, 1), (42, 7), (42, 13), (42, 19), (42, 25), (42, 31), (42, 37), (50, 1)]
done mkDelayWorker32B 0.2 True 25.82
Baked architecture → /home/digital-2/workspace/rl_gnn/vanilla_rl/temp_arch_c2p_30ca47ef.xml
  Size   : 52x44
  DSPs   : []
  BRAMs  : [(2, 1), (2, 7), (2, 13), (2, 19), (2, 25), (2, 31), (2, 37), (10, 1), (10, 7), (10, 13), (10, 19), (10, 25), (10, 31), (10, 37), (18, 1), (18, 7), (18, 13), (18, 19), (18, 25), (18, 31), (18, 37), (26, 1), (26, 7), (26, 13), (26, 19), (26, 25), (26, 31), (26, 37), (34, 1), (34, 7), (34, 13), (34, 19), (34, 25), (34, 31), (34, 37), (42, 1), (42, 7), (42, 13), (42, 19), (42, 25), (42, 31), (42, 37), (50, 1)]
done mkDelayWorker32B 0.4 True 29.2
Baked architecture → /home/digital-2/workspace/rl_gnn/vanilla_rl/temp_arch_c2p_0d3c7ebe.xml
  Size   : 57x44
  DSPs   : []
  BRAMs  : [(2, 1), (2, 7), (2, 13), (2, 19), (2, 25), (2, 31), (2, 37), (10, 1), (10, 7), (10, 13), (10, 19), (10, 25), (10, 31), (10, 37), (18, 1), (18, 7), (18, 13), (18, 19), (18, 25), (18, 31), (18, 37), (26, 1), (26, 7), (26, 13), (26, 19), (26, 25), (26, 31), (26, 37), (34, 1), (34, 7), (34, 13), (34, 19), (34, 25), (34, 31), (34, 37), (42, 1), (42, 7), (42, 13), (42, 19), (42, 25), (42, 31), (42, 37), (50, 1)]
done mkDelayWorker32B 0.7 True 30.95
Baked architecture → /home/digital-2/workspace/rl_gnn/vanilla_rl/temp_arch_c2p_62adef7c.xml
  Size   : 61x44
  DSPs   : []
  BRAMs  : [(2, 1), (2, 7), (2, 13), (2, 19), (2, 25), (2, 31), (2, 37), (10, 1), (10, 7), (10, 13), (10, 19), (10, 25), (10, 31), (10, 37), (18, 1), (18, 7), (18, 13), (18, 19), (18, 25), (18, 31), (18, 37), (26, 1), (26, 7), (26, 13), (26, 19), (26, 25), (26, 31), (26, 37), (34, 1), (34, 7), (34, 13), (34, 19), (34, 25), (34, 31), (34, 37), (42, 1), (42, 7), (42, 13), (42, 19), (42, 25), (42, 31), (42, 37), (50, 1)]
done mkDelayWorker32B 0.9 True 30.39
Baked architecture → /home/digital-2/workspace/rl_gnn/vanilla_rl/temp_arch_c2p_97b354fc.xml
  Size   : 60x41
  DSPs   : []
  BRAMs  : [(2, 1), (2, 7), (2, 13), (2, 19), (2, 25), (2, 31), (10, 1), (10, 7), (10, 13), (10, 19), (10, 25), (10, 31), (18, 1), (18, 7), (18, 13), (18, 19), (18, 25), (18, 31), (26, 1), (26, 7), (26, 13), (26, 19), (26, 25), (26, 31), (34, 1), (34, 7), (34, 13), (34, 19), (34, 25), (34, 31), (42, 1), (42, 7), (42, 13), (42, 19), (42, 25), (42, 31), (50, 1), (50, 7), (50, 13), (50, 19), (50, 25), (50, 31), (58, 1)]
done mkDelayWorker32B 0.6 True 32.24
Baked architecture → /home/digital-2/workspace/rl_gnn/vanilla_rl/temp_arch_c2p_8dd73947.xml
  Size   : 60x38
  DSPs   : []
  BRAMs  : [(2, 1), (2, 7), (2, 13), (2, 19), (2, 25), (2, 31), (10, 1), (10, 7), (10, 13), (10, 19), (10, 25), (10, 31), (18, 1), (18, 7), (18, 13), (18, 19), (18, 25), (18, 31), (26, 1), (26, 7), (26, 13), (26, 19), (26, 25), (26, 31), (34, 1), (34, 7), (34, 13), (34, 19), (34, 25), (34, 31), (42, 1), (42, 7), (42, 13), (42, 19), (42, 25), (42, 31), (50, 1), (50, 7), (50, 13), (50, 19), (50, 25), (50, 31), (58, 1)]
done mkDelayWorker32B 0.8 True 32.05
Baked architecture → /home/digital-2/workspace/rl_gnn/vanilla_rl/temp_arch_c2p_f6ccdfa0.xml
  Size   : 63x38
  DSPs   : []
  BRAMs  : [(2, 1), (2, 7), (2, 13), (2, 19), (2, 25), (2, 31), (10, 1), (10, 7), (10, 13), (10, 19), (10, 25), (10, 31), (18, 1), (18, 7), (18, 13), (18, 19), (18, 25), (18, 31), (26, 1), (26, 7), (26, 13), (26, 19), (26, 25), (26, 31), (34, 1), (34, 7), (34, 13), (34, 19), (34, 25), (34, 31), (42, 1), (42, 7), (42, 13), (42, 19), (42, 25), (42, 31), (50, 1), (50, 7), (50, 13), (50, 19), (50, 25), (50, 31), (58, 1)]
done mkDelayWorker32B 0.3 True 35.79
Baked architecture → /home/digital-2/workspace/rl_gnn/vanilla_rl/temp_arch_c2p_73631ff6.xml
  Size   : 67x38
  DSPs   : []
  BRAMs  : [(2, 1), (2, 7), (2, 13), (2, 19), (2, 25), (2, 31), (10, 1), (10, 7), (10, 13), (10, 19), (10, 25), (10, 31), (18, 1), (18, 7), (18, 13), (18, 19), (18, 25), (18, 31), (26, 1), (26, 7), (26, 13), (26, 19), (26, 25), (26, 31), (34, 1), (34, 7), (34, 13), (34, 19), (34, 25), (34, 31), (42, 1), (42, 7), (42, 13), (42, 19), (42, 25), (42, 31), (50, 1), (50, 7), (50, 13), (50, 19), (50, 25), (50, 31), (58, 1)]
done mkDelayWorker32B 1.0 True 35.1
Baked architecture → /home/digital-2/workspace/rl_gnn/vanilla_rl/temp_arch_c2p_0c7f567d.xml
  Size   : 68x37
  DSPs   : []
  BRAMs  : [(2, 1), (2, 7), (2, 13), (2, 19), (2, 25), (10, 1), (10, 7), (10, 13), (10, 19), (10, 25), (18, 1), (18, 7), (18, 13), (18, 19), (18, 25), (26, 1), (26, 7), (26, 13), (26, 19), (26, 25), (34, 1), (34, 7), (34, 13), (34, 19), (34, 25), (42, 1), (42, 7), (42, 13), (42, 19), (42, 25), (50, 1), (50, 7), (50, 13), (50, 19), (50, 25), (58, 1), (58, 7), (58, 13), (58, 19), (58, 25), (66, 1), (66, 7), (66, 13)]
done mkDelayWorker32B 0.5 True 37.79
Baked architecture → /home/digital-2/workspace/rl_gnn/vanilla_rl/temp_arch_c2p_1121af0f.xml
  Size   : 68x35
  DSPs   : []
  BRAMs  : [(2, 1), (2, 7), (2, 13), (2, 19), (2, 25), (10, 1), (10, 7), (10, 13), (10, 19), (10, 25), (18, 1), (18, 7), (18, 13), (18, 19), (18, 25), (26, 1), (26, 7), (26, 13), (26, 19), (26, 25), (34, 1), (34, 7), (34, 13), (34, 19), (34, 25), (42, 1), (42, 7), (42, 13), (42, 19), (42, 25), (50, 1), (50, 7), (50, 13), (50, 19), (50, 25), (58, 1), (58, 7), (58, 13), (58, 19), (58, 25), (66, 1), (66, 7), (66, 13)]
done mkDelayWorker32B 1.1 True 32.64
Baked architecture → /home/digital-2/workspace/rl_gnn/vanilla_rl/temp_arch_c2p_5a2d03a2.xml
  Size   : 5x28
  DSPs   : []
  BRAMs  : [(2, 1), (2, 7), (2, 13)]
done lightweight_cipher 0.1 True 3.32
Baked architecture → /home/digital-2/workspace/rl_gnn/vanilla_rl/temp_arch_c2p_6604b794.xml
  Size   : 6x20
  DSPs   : []
  BRAMs  : [(2, 1), (2, 7), (2, 13)]
done mkDelayWorker32B 1.3 True 30.28
Baked architecture → /home/digital-2/workspace/rl_gnn/vanilla_rl/temp_arch_c2p_53295460.xml
  Size   : 7x20
  DSPs   : []
  BRAMs  : [(2, 1), (2, 7), (2, 13)]
done mkDelayWorker32B 1.6 True 28.93
Baked architecture → /home/digital-2/workspace/rl_gnn/vanilla_rl/temp_arch_c2p_cc7e2acb.xml
  Size   : 9x20
  DSPs   : []
  BRAMs  : [(2, 1), (2, 7), (2, 13)]
done lightweight_cipher 0.2 True 3.08
Baked architecture → /home/digital-2/workspace/rl_gnn/vanilla_rl/temp_arch_c2p_551e7610.xml
  Size   : 11x20
  DSPs   : []
  BRAMs  : [(2, 1), (2, 7), (2, 13)]
done lightweight_cipher 0.3 True 2.37
Baked architecture → /home/digital-2/workspace/rl_gnn/vanilla_rl/temp_arch_c2p_3d732859.xml
  Size   : 12x18
  DSPs   : []
  BRAMs  : [(2, 1), (2, 7), (10, 1)]
done mkDelayWorker32B 1.5 True 29.97
Baked architecture → /home/digital-2/workspace/rl_gnn/vanilla_rl/temp_arch_c2p_e088cb59.xml
  Size   : 12x16
  DSPs   : []
  BRAMs  : [(2, 1), (2, 7), (10, 1)]
done mkDelayWorker32B 1.7 True 29.89
Baked architecture → /home/digital-2/workspace/rl_gnn/vanilla_rl/temp_arch_c2p_1a4c3106.xml
  Size   : 12x14
  DSPs   : []
  BRAMs  : [(2, 1), (2, 7), (10, 1)]
done mkDelayWorker32B 1.4 True 31.1
Baked architecture → /home/digital-2/workspace/rl_gnn/vanilla_rl/temp_arch_c2p_160750aa.xml
  Size   : 13x14
  DSPs   : []
  BRAMs  : [(2, 1), (2, 7), (10, 1)]
done lightweight_cipher 0.4 True 2.47
Baked architecture → /home/digital-2/workspace/rl_gnn/vanilla_rl/temp_arch_c2p_d78afd77.xml
  Size   : 14x14
  DSPs   : []
  BRAMs  : [(2, 1), (2, 7), (10, 1)]
done lightweight_cipher 0.5 True 2.82
Baked architecture → /home/digital-2/workspace/rl_gnn/vanilla_rl/temp_arch_c2p_9944b752.xml
  Size   : 15x14
  DSPs   : []
  BRAMs  : [(2, 1), (2, 7), (10, 1)]
done lightweight_cipher 0.7 True 2.57
Baked architecture → /home/digital-2/workspace/rl_gnn/vanilla_rl/temp_arch_c2p_014111fe.xml
  Size   : 16x14
  DSPs   : []
  BRAMs  : [(2, 1), (2, 7), (10, 1)]
done lightweight_cipher 0.6 True 3.58
Baked architecture → /home/digital-2/workspace/rl_gnn/vanilla_rl/temp_arch_c2p_cd2ce658.xml
  Size   : 18x14
  DSPs   : []
  BRAMs  : [(2, 1), (2, 7), (10, 1)]
done mkDelayWorker32B 2.0 True 27.69
Baked architecture → /home/digital-2/workspace/rl_gnn/vanilla_rl/temp_arch_c2p_beb7d287.xml
  Size   : 19x14
  DSPs   : []
  BRAMs  : [(2, 1), (2, 7), (10, 1)]
done lightweight_cipher 0.8 True 3.22
Baked architecture → /home/digital-2/workspace/rl_gnn/vanilla_rl/temp_arch_c2p_3a3ab5ad.xml
  Size   : 20x14
  DSPs   : []
  BRAMs  : [(2, 1), (2, 7), (10, 1)]
done lightweight_cipher 0.9 True 3.18
Baked architecture → /home/digital-2/workspace/rl_gnn/vanilla_rl/temp_arch_c2p_8ec816ef.xml
  Size   : 20x13
  DSPs   : []
  BRAMs  : [(2, 1), (10, 1), (18, 1)]
done mkDelayWorker32B 1.2 True 40.7
Baked architecture → /home/digital-2/workspace/rl_gnn/vanilla_rl/temp_arch_c2p_eeae9b43.xml
  Size   : 21x13
  DSPs   : []
  BRAMs  : [(2, 1), (10, 1), (18, 1)]
done mkDelayWorker32B 1.9 True 29.84
Baked architecture → /home/digital-2/workspace/rl_gnn/vanilla_rl/temp_arch_c2p_25cfafaa.xml
  Size   : 20x12
  DSPs   : []
  BRAMs  : [(2, 1), (10, 1), (18, 1)]
done lightweight_cipher 1.0 True 3.18
Baked architecture → /home/digital-2/workspace/rl_gnn/vanilla_rl/temp_arch_c2p_538b6bed.xml
  Size   : 21x12
  DSPs   : []
  BRAMs  : [(2, 1), (10, 1), (18, 1)]
done mkDelayWorker32B 1.8 True 31.55
Baked architecture → /home/digital-2/workspace/rl_gnn/vanilla_rl/temp_arch_c2p_b2e6807b.xml
  Size   : 20x11
  DSPs   : []
  BRAMs  : [(2, 1), (10, 1), (18, 1)]
done lightweight_cipher 1.1 True 3.33
Baked architecture → /home/digital-2/workspace/rl_gnn/vanilla_rl/temp_arch_c2p_ea5e03d3.xml
  Size   : 12x98
  DSPs   : []
  BRAMs  : [(2, 1), (2, 7), (2, 13), (2, 19), (2, 25), (2, 31), (2, 37), (2, 43), (2, 49), (2, 55), (2, 61), (2, 67), (2, 73), (2, 79), (2, 85), (2, 91), (10, 1), (10, 7), (10, 13), (10, 19), (10, 25), (10, 31), (10, 37), (10, 43), (10, 49), (10, 55), (10, 61), (10, 67), (10, 73), (10, 79), (10, 85), (10, 91)]
done lightweight_cipher 1.2 True 3.27
Baked architecture → /home/digital-2/workspace/rl_gnn/vanilla_rl/temp_arch_c2p_1d9369c1.xml
  Size   : 20x90
  DSPs   : []
  BRAMs  : [(2, 1), (2, 7), (2, 13), (2, 19), (2, 25), (2, 31), (2, 37), (2, 43), (2, 49), (2, 55), (2, 61), (2, 67), (2, 73), (2, 79), (10, 1), (10, 7), (10, 13), (10, 19), (10, 25), (10, 31), (10, 37), (10, 43), (10, 49), (10, 55), (10, 61), (10, 67), (10, 73), (10, 79), (18, 1), (18, 7), (18, 13), (18, 19)]
done lightweight_cipher 1.3 True 2.97
Baked architecture → /home/digital-2/workspace/rl_gnn/vanilla_rl/temp_arch_c2p_85057776.xml
  Size   : 22x68
  DSPs   : []
  BRAMs  : [(2, 1), (2, 7), (2, 13), (2, 19), (2, 25), (2, 31), (2, 37), (2, 43), (2, 49), (2, 55), (2, 61), (10, 1), (10, 7), (10, 13), (10, 19), (10, 25), (10, 31), (10, 37), (10, 43), (10, 49), (10, 55), (10, 61), (18, 1), (18, 7), (18, 13), (18, 19), (18, 25), (18, 31), (18, 37), (18, 43), (18, 49), (18, 55)]
done lightweight_cipher 1.6 True 2.97
Baked architecture → /home/digital-2/workspace/rl_gnn/vanilla_rl/temp_arch_c2p_f516c441.xml
  Size   : 28x66
  DSPs   : []
  BRAMs  : [(2, 1), (2, 7), (2, 13), (2, 19), (2, 25), (2, 31), (2, 37), (2, 43), (2, 49), (2, 55), (10, 1), (10, 7), (10, 13), (10, 19), (10, 25), (10, 31), (10, 37), (10, 43), (10, 49), (10, 55), (18, 1), (18, 7), (18, 13), (18, 19), (18, 25), (18, 31), (18, 37), (18, 43), (18, 49), (18, 55), (26, 1), (26, 7)]
done lightweight_cipher 1.7 True 2.77
Baked architecture → /home/digital-2/workspace/rl_gnn/vanilla_rl/temp_arch_c2p_222fcf62.xml
  Size   : 28x53
  DSPs   : []
  BRAMs  : [(2, 1), (2, 7), (2, 13), (2, 19), (2, 25), (2, 31), (2, 37), (2, 43), (10, 1), (10, 7), (10, 13), (10, 19), (10, 25), (10, 31), (10, 37), (10, 43), (18, 1), (18, 7), (18, 13), (18, 19), (18, 25), (18, 31), (18, 37), (18, 43), (26, 1), (26, 7), (26, 13), (26, 19), (26, 25), (26, 31), (26, 37), (26, 43)]
done lightweight_cipher 1.4 True 3.28
Baked architecture → /home/digital-2/workspace/rl_gnn/vanilla_rl/temp_arch_c2p_66a39434.xml
  Size   : 31x50
  DSPs   : []
  BRAMs  : [(2, 1), (2, 7), (2, 13), (2, 19), (2, 25), (2, 31), (2, 37), (2, 43), (10, 1), (10, 7), (10, 13), (10, 19), (10, 25), (10, 31), (10, 37), (10, 43), (18, 1), (18, 7), (18, 13), (18, 19), (18, 25), (18, 31), (18, 37), (18, 43), (26, 1), (26, 7), (26, 13), (26, 19), (26, 25), (26, 31), (26, 37), (26, 43)]
done lightweight_cipher 1.5 True 3.43
Baked architecture → /home/digital-2/workspace/rl_gnn/vanilla_rl/temp_arch_c2p_2b5c5291.xml
  Size   : 36x50
  DSPs   : []
  BRAMs  : [(2, 1), (2, 7), (2, 13), (2, 19), (2, 25), (2, 31), (2, 37), (2, 43), (10, 1), (10, 7), (10, 13), (10, 19), (10, 25), (10, 31), (10, 37), (10, 43), (18, 1), (18, 7), (18, 13), (18, 19), (18, 25), (18, 31), (18, 37), (18, 43), (26, 1), (26, 7), (26, 13), (26, 19), (26, 25), (26, 31), (26, 37), (26, 43)]
done lightweight_cipher 1.8 True 2.94
Baked architecture → /home/digital-2/workspace/rl_gnn/vanilla_rl/temp_arch_c2p_3112e6f3.xml
  Size   : 36x44
  DSPs   : []
  BRAMs  : [(2, 1), (2, 7), (2, 13), (2, 19), (2, 25), (2, 31), (2, 37), (10, 1), (10, 7), (10, 13), (10, 19), (10, 25), (10, 31), (10, 37), (18, 1), (18, 7), (18, 13), (18, 19), (18, 25), (18, 31), (18, 37), (26, 1), (26, 7), (26, 13), (26, 19), (26, 25), (26, 31), (26, 37), (34, 1), (34, 7), (34, 13), (34, 19)]
done lightweight_cipher 1.9 True 2.87
Baked architecture → /home/digital-2/workspace/rl_gnn/vanilla_rl/temp_arch_c2p_24bd34bd.xml
  Size   : 40x44
  DSPs   : []
  BRAMs  : [(2, 1), (2, 7), (2, 13), (2, 19), (2, 25), (2, 31), (2, 37), (10, 1), (10, 7), (10, 13), (10, 19), (10, 25), (10, 31), (10, 37), (18, 1), (18, 7), (18, 13), (18, 19), (18, 25), (18, 31), (18, 37), (26, 1), (26, 7), (26, 13), (26, 19), (26, 25), (26, 31), (26, 37), (34, 1), (34, 7), (34, 13), (34, 19)]
done lightweight_cipher 2.0 True 3.13
Baked architecture → /home/digital-2/workspace/rl_gnn/vanilla_rl/temp_arch_c2p_0131466b.xml
  Size   : 44x44
  DSPs   : []
  BRAMs  : [(2, 1), (2, 7), (2, 13), (2, 19), (2, 25), (2, 31), (2, 37), (10, 1), (10, 7), (10, 13), (10, 19), (10, 25), (10, 31), (10, 37), (18, 1), (18, 7), (18, 13), (18, 19), (18, 25), (18, 31), (18, 37), (26, 1), (26, 7), (26, 13), (26, 19), (26, 25), (26, 31), (26, 37), (34, 1), (34, 7), (34, 13), (34, 19)]
done reduction_layer 0.3 True 89.23
Baked architecture → /home/digital-2/workspace/rl_gnn/vanilla_rl/temp_arch_c2p_6ec343cf.xml
  Size   : 44x40
  DSPs   : []
  BRAMs  : [(2, 1), (2, 7), (2, 13), (2, 19), (2, 25), (2, 31), (10, 1), (10, 7), (10, 13), (10, 19), (10, 25), (10, 31), (18, 1), (18, 7), (18, 13), (18, 19), (18, 25), (18, 31), (26, 1), (26, 7), (26, 13), (26, 19), (26, 25), (26, 31), (34, 1), (34, 7), (34, 13), (34, 19), (34, 25), (34, 31), (42, 1), (42, 7)]
done reduction_layer 0.5 True 116.73
Baked architecture → /home/digital-2/workspace/rl_gnn/vanilla_rl/temp_arch_c2p_d8759319.xml
  Size   : 45x38
  DSPs   : []
  BRAMs  : [(2, 1), (2, 7), (2, 13), (2, 19), (2, 25), (2, 31), (10, 1), (10, 7), (10, 13), (10, 19), (10, 25), (10, 31), (18, 1), (18, 7), (18, 13), (18, 19), (18, 25), (18, 31), (26, 1), (26, 7), (26, 13), (26, 19), (26, 25), (26, 31), (34, 1), (34, 7), (34, 13), (34, 19), (34, 25), (34, 31), (42, 1), (42, 7)]
done reduction_layer 0.2 True 143.42
Baked architecture → /home/digital-2/workspace/rl_gnn/vanilla_rl/temp_arch_c2p_4fa30dfa.xml
  Size   : 49x38
  DSPs   : []
  BRAMs  : [(2, 1), (2, 7), (2, 13), (2, 19), (2, 25), (2, 31), (10, 1), (10, 7), (10, 13), (10, 19), (10, 25), (10, 31), (18, 1), (18, 7), (18, 13), (18, 19), (18, 25), (18, 31), (26, 1), (26, 7), (26, 13), (26, 19), (26, 25), (26, 31), (34, 1), (34, 7), (34, 13), (34, 19), (34, 25), (34, 31), (42, 1), (42, 7)]
done reduction_layer 0.9 True 171.16
Baked architecture → /home/digital-2/workspace/rl_gnn/vanilla_rl/temp_arch_c2p_df9404a1.xml
  Size   : 52x38
  DSPs   : []
  BRAMs  : [(2, 1), (2, 7), (2, 13), (2, 19), (2, 25), (2, 31), (10, 1), (10, 7), (10, 13), (10, 19), (10, 25), (10, 31), (18, 1), (18, 7), (18, 13), (18, 19), (18, 25), (18, 31), (26, 1), (26, 7), (26, 13), (26, 19), (26, 25), (26, 31), (34, 1), (34, 7), (34, 13), (34, 19), (34, 25), (34, 31), (42, 1), (42, 7)]
done reduction_layer 0.6 True 173.36
Baked architecture → /home/digital-2/workspace/rl_gnn/vanilla_rl/temp_arch_c2p_6575cbe1.xml
  Size   : 52x35
  DSPs   : []
  BRAMs  : [(2, 1), (2, 7), (2, 13), (2, 19), (2, 25), (10, 1), (10, 7), (10, 13), (10, 19), (10, 25), (18, 1), (18, 7), (18, 13), (18, 19), (18, 25), (26, 1), (26, 7), (26, 13), (26, 19), (26, 25), (34, 1), (34, 7), (34, 13), (34, 19), (34, 25), (42, 1), (42, 7), (42, 13), (42, 19), (42, 25), (50, 1), (50, 7)]
done reduction_layer 0.1 True 200.33
Baked architecture → /home/digital-2/workspace/rl_gnn/vanilla_rl/temp_arch_c2p_0b91cf36.xml
  Size   : 52x33
  DSPs   : []
  BRAMs  : [(2, 1), (2, 7), (2, 13), (2, 19), (2, 25), (10, 1), (10, 7), (10, 13), (10, 19), (10, 25), (18, 1), (18, 7), (18, 13), (18, 19), (18, 25), (26, 1), (26, 7), (26, 13), (26, 19), (26, 25), (34, 1), (34, 7), (34, 13), (34, 19), (34, 25), (42, 1), (42, 7), (42, 13), (42, 19), (42, 25), (50, 1), (50, 7)]
done reduction_layer 0.8 True 208.64
Baked architecture → /home/digital-2/workspace/rl_gnn/vanilla_rl/temp_arch_c2p_531f0538.xml
  Size   : 53x32
  DSPs   : []
  BRAMs  : [(2, 1), (2, 7), (2, 13), (2, 19), (2, 25), (10, 1), (10, 7), (10, 13), (10, 19), (10, 25), (18, 1), (18, 7), (18, 13), (18, 19), (18, 25), (26, 1), (26, 7), (26, 13), (26, 19), (26, 25), (34, 1), (34, 7), (34, 13), (34, 19), (34, 25), (42, 1), (42, 7), (42, 13), (42, 19), (42, 25), (50, 1), (50, 7)]
done reduction_layer 0.4 True 220.25
Baked architecture → /home/digital-2/workspace/rl_gnn/vanilla_rl/temp_arch_c2p_6e2891de.xml
  Size   : 56x32
  DSPs   : []
  BRAMs  : [(2, 1), (2, 7), (2, 13), (2, 19), (2, 25), (10, 1), (10, 7), (10, 13), (10, 19), (10, 25), (18, 1), (18, 7), (18, 13), (18, 19), (18, 25), (26, 1), (26, 7), (26, 13), (26, 19), (26, 25), (34, 1), (34, 7), (34, 13), (34, 19), (34, 25), (42, 1), (42, 7), (42, 13), (42, 19), (42, 25), (50, 1), (50, 7)]
done reduction_layer 0.7 True 235.97
Baked architecture → /home/digital-2/workspace/rl_gnn/vanilla_rl/temp_arch_c2p_b058d6a5.xml
  Size   : 59x32
  DSPs   : []
  BRAMs  : [(2, 1), (2, 7), (2, 13), (2, 19), (2, 25), (10, 1), (10, 7), (10, 13), (10, 19), (10, 25), (18, 1), (18, 7), (18, 13), (18, 19), (18, 25), (26, 1), (26, 7), (26, 13), (26, 19), (26, 25), (34, 1), (34, 7), (34, 13), (34, 19), (34, 25), (42, 1), (42, 7), (42, 13), (42, 19), (42, 25), (50, 1), (50, 7)]
done reduction_layer 1.0 True 239.41
Baked architecture → /home/digital-2/workspace/rl_gnn/vanilla_rl/temp_arch_c2p_199bea9a.xml
  Size   : 60x31
  DSPs   : []
  BRAMs  : [(2, 1), (2, 7), (2, 13), (2, 19), (10, 1), (10, 7), (10, 13), (10, 19), (18, 1), (18, 7), (18, 13), (18, 19), (26, 1), (26, 7), (26, 13), (26, 19), (34, 1), (34, 7), (34, 13), (34, 19), (42, 1), (42, 7), (42, 13), (42, 19), (50, 1), (50, 7), (50, 13), (50, 19), (58, 1), (58, 7), (58, 13), (58, 19)]
done reduction_layer 1.5 True 115.03
Baked architecture → /home/digital-2/workspace/rl_gnn/vanilla_rl/temp_arch_c2p_33c91e1a.xml
  Size   : 12x104
  DSPs   : []
  BRAMs  : [(2, 1), (2, 7), (2, 13), (2, 19), (2, 25), (2, 31), (2, 37), (2, 43), (2, 49), (2, 55), (2, 61), (2, 67), (2, 73), (2, 79), (2, 85), (2, 91), (2, 97), (10, 1), (10, 7), (10, 13), (10, 19), (10, 25), (10, 31), (10, 37)]
done reduction_layer 1.2 True 203.09
Baked architecture → /home/digital-2/workspace/rl_gnn/vanilla_rl/temp_arch_c2p_7ca01529.xml
  Size   : 17x75
  DSPs   : []
  BRAMs  : [(2, 1), (2, 7), (2, 13), (2, 19), (2, 25), (2, 31), (2, 37), (2, 43), (2, 49), (2, 55), (2, 61), (2, 67), (10, 1), (10, 7), (10, 13), (10, 19), (10, 25), (10, 31), (10, 37), (10, 43), (10, 49), (10, 55), (10, 61), (10, 67)]
done reduction_layer 1.1 True 254.44
Baked architecture → /home/digital-2/workspace/rl_gnn/vanilla_rl/temp_arch_c2p_56cbdb58.xml
  Size   : 20x61
  DSPs   : []
  BRAMs  : [(2, 1), (2, 7), (2, 13), (2, 19), (2, 25), (2, 31), (2, 37), (2, 43), (2, 49), (10, 1), (10, 7), (10, 13), (10, 19), (10, 25), (10, 31), (10, 37), (10, 43), (10, 49), (18, 1), (18, 7), (18, 13), (18, 19), (18, 25), (18, 31)]
done reduction_layer 1.3 True 237.87
Baked architecture → /home/digital-2/workspace/rl_gnn/vanilla_rl/temp_arch_c2p_a48b698d.xml
  Size   : 22x53
  DSPs   : []
  BRAMs  : [(2, 1), (2, 7), (2, 13), (2, 19), (2, 25), (2, 31), (2, 37), (2, 43), (10, 1), (10, 7), (10, 13), (10, 19), (10, 25), (10, 31), (10, 37), (10, 43), (18, 1), (18, 7), (18, 13), (18, 19), (18, 25), (18, 31), (18, 37), (18, 43)]
done reduction_layer 1.4 True 212.7
Baked architecture → /home/digital-2/workspace/rl_gnn/vanilla_rl/temp_arch_c2p_63b52ed0.xml
  Size   : 26x50
  DSPs   : []
  BRAMs  : [(2, 1), (2, 7), (2, 13), (2, 19), (2, 25), (2, 31), (2, 37), (2, 43), (10, 1), (10, 7), (10, 13), (10, 19), (10, 25), (10, 31), (10, 37), (10, 43), (18, 1), (18, 7), (18, 13), (18, 19), (18, 25), (18, 31), (18, 37), (18, 43)]
done reduction_layer 1.6 True 214.21
Baked architecture → /home/digital-2/workspace/rl_gnn/vanilla_rl/temp_arch_c2p_327ca151.xml
  Size   : 28x45
  DSPs   : []
  BRAMs  : [(2, 1), (2, 7), (2, 13), (2, 19), (2, 25), (2, 31), (2, 37), (10, 1), (10, 7), (10, 13), (10, 19), (10, 25), (10, 31), (10, 37), (18, 1), (18, 7), (18, 13), (18, 19), (18, 25), (18, 31), (18, 37), (26, 1), (26, 7), (26, 13)]
done reduction_layer 1.8 True 228.57
Baked architecture → /home/digital-2/workspace/rl_gnn/vanilla_rl/temp_arch_c2p_1db9692e.xml
  Size   : 29x40
  DSPs   : []
  BRAMs  : [(2, 1), (2, 7), (2, 13), (2, 19), (2, 25), (2, 31), (10, 1), (10, 7), (10, 13), (10, 19), (10, 25), (10, 31), (18, 1), (18, 7), (18, 13), (18, 19), (18, 25), (18, 31), (26, 1), (26, 7), (26, 13), (26, 19), (26, 25), (26, 31)]
done reduction_layer 1.7 True 249.17
Baked architecture → /home/digital-2/workspace/rl_gnn/vanilla_rl/temp_arch_c2p_a609f596.xml
  Size   : 31x38
  DSPs   : []
  BRAMs  : [(2, 1), (2, 7), (2, 13), (2, 19), (2, 25), (2, 31), (10, 1), (10, 7), (10, 13), (10, 19), (10, 25), (10, 31), (18, 1), (18, 7), (18, 13), (18, 19), (18, 25), (18, 31), (26, 1), (26, 7), (26, 13), (26, 19), (26, 25), (26, 31)]
done arm_core 0.3 True 122.51
Baked architecture → /home/digital-2/workspace/rl_gnn/vanilla_rl/temp_arch_c2p_4848f7ad.xml
  Size   : 34x38
  DSPs   : []
  BRAMs  : [(2, 1), (2, 7), (2, 13), (2, 19), (2, 25), (2, 31), (10, 1), (10, 7), (10, 13), (10, 19), (10, 25), (10, 31), (18, 1), (18, 7), (18, 13), (18, 19), (18, 25), (18, 31), (26, 1), (26, 7), (26, 13), (26, 19), (26, 25), (26, 31)]
done arm_core 0.1 True 195.59
Baked architecture → /home/digital-2/workspace/rl_gnn/vanilla_rl/temp_arch_c2p_a40369a1.xml
  Size   : 36x36
  DSPs   : []
  BRAMs  : [(2, 1), (2, 7), (2, 13), (2, 19), (2, 25), (10, 1), (10, 7), (10, 13), (10, 19), (10, 25), (18, 1), (18, 7), (18, 13), (18, 19), (18, 25), (26, 1), (26, 7), (26, 13), (26, 19), (26, 25), (34, 1), (34, 7), (34, 13), (34, 19)]
done arm_core 0.2 True 165.72
Baked architecture → /home/digital-2/workspace/rl_gnn/vanilla_rl/temp_arch_c2p_11a85749.xml
  Size   : 36x33
  DSPs   : []
  BRAMs  : [(2, 1), (2, 7), (2, 13), (2, 19), (2, 25), (10, 1), (10, 7), (10, 13), (10, 19), (10, 25), (18, 1), (18, 7), (18, 13), (18, 19), (18, 25), (26, 1), (26, 7), (26, 13), (26, 19), (26, 25), (34, 1), (34, 7), (34, 13), (34, 19)]
done arm_core 0.6 True 107.04
Baked architecture → /home/digital-2/workspace/rl_gnn/vanilla_rl/temp_arch_c2p_424abac5.xml
  Size   : 38x32
  DSPs   : []
  BRAMs  : [(2, 1), (2, 7), (2, 13), (2, 19), (2, 25), (10, 1), (10, 7), (10, 13), (10, 19), (10, 25), (18, 1), (18, 7), (18, 13), (18, 19), (18, 25), (26, 1), (26, 7), (26, 13), (26, 19), (26, 25), (34, 1), (34, 7), (34, 13), (34, 19)]
done arm_core 0.5 True 136.97
Baked architecture → /home/digital-2/workspace/rl_gnn/vanilla_rl/temp_arch_c2p_8b396dab.xml
  Size   : 41x32
  DSPs   : []
  BRAMs  : [(2, 1), (2, 7), (2, 13), (2, 19), (2, 25), (10, 1), (10, 7), (10, 13), (10, 19), (10, 25), (18, 1), (18, 7), (18, 13), (18, 19), (18, 25), (26, 1), (26, 7), (26, 13), (26, 19), (26, 25), (34, 1), (34, 7), (34, 13), (34, 19)]
done reduction_layer 2.0 True 294.94
Baked architecture → /home/digital-2/workspace/rl_gnn/vanilla_rl/temp_arch_c2p_dd4bdb30.xml
  Size   : 44x32
  DSPs   : []
  BRAMs  : [(2, 1), (2, 7), (2, 13), (2, 19), (2, 25), (10, 1), (10, 7), (10, 13), (10, 19), (10, 25), (18, 1), (18, 7), (18, 13), (18, 19), (18, 25), (26, 1), (26, 7), (26, 13), (26, 19), (26, 25), (34, 1), (34, 7), (34, 13), (34, 19)]
done reduction_layer 1.9 True 307.64
Baked architecture → /home/digital-2/workspace/rl_gnn/vanilla_rl/temp_arch_c2p_adf04e4c.xml
  Size   : 44x30
  DSPs   : []
  BRAMs  : [(2, 1), (2, 7), (2, 13), (2, 19), (10, 1), (10, 7), (10, 13), (10, 19), (18, 1), (18, 7), (18, 13), (18, 19), (26, 1), (26, 7), (26, 13), (26, 19), (34, 1), (34, 7), (34, 13), (34, 19), (42, 1), (42, 7), (42, 13), (42, 19)]
done arm_core 0.4 True 174.43
Baked architecture → /home/digital-2/workspace/rl_gnn/vanilla_rl/temp_arch_c2p_23dcc168.xml
  Size   : 44x28
  DSPs   : []
  BRAMs  : [(2, 1), (2, 7), (2, 13), (2, 19), (10, 1), (10, 7), (10, 13), (10, 19), (18, 1), (18, 7), (18, 13), (18, 19), (26, 1), (26, 7), (26, 13), (26, 19), (34, 1), (34, 7), (34, 13), (34, 19), (42, 1), (42, 7), (42, 13), (42, 19)]
done arm_core 0.8 True 114.25
Baked architecture → /home/digital-2/workspace/rl_gnn/vanilla_rl/temp_arch_c2p_e93b3dc2.xml
  Size   : 44x27
  DSPs   : []
  BRAMs  : [(2, 1), (2, 7), (2, 13), (2, 19), (10, 1), (10, 7), (10, 13), (10, 19), (18, 1), (18, 7), (18, 13), (18, 19), (26, 1), (26, 7), (26, 13), (26, 19), (34, 1), (34, 7), (34, 13), (34, 19), (42, 1), (42, 7), (42, 13), (42, 19)]
done arm_core 0.7 True 142.69
Baked architecture → /home/digital-2/workspace/rl_gnn/vanilla_rl/temp_arch_c2p_5d60d802.xml
  Size   : 45x26
  DSPs   : []
  BRAMs  : [(2, 1), (2, 7), (2, 13), (2, 19), (10, 1), (10, 7), (10, 13), (10, 19), (18, 1), (18, 7), (18, 13), (18, 19), (26, 1), (26, 7), (26, 13), (26, 19), (34, 1), (34, 7), (34, 13), (34, 19), (42, 1), (42, 7), (42, 13), (42, 19)]
done arm_core 0.9 True 133.62
Baked architecture → /home/digital-2/workspace/rl_gnn/vanilla_rl/temp_arch_c2p_df449b85.xml
  Size   : 48x26
  DSPs   : []
  BRAMs  : [(2, 1), (2, 7), (2, 13), (2, 19), (10, 1), (10, 7), (10, 13), (10, 19), (18, 1), (18, 7), (18, 13), (18, 19), (26, 1), (26, 7), (26, 13), (26, 19), (34, 1), (34, 7), (34, 13), (34, 19), (42, 1), (42, 7), (42, 13), (42, 19)]
done arm_core 1.1 True 130.66
Baked architecture → /home/digital-2/workspace/rl_gnn/vanilla_rl/temp_arch_c2p_3af4e56a.xml
  Size   : 50x26
  DSPs   : []
  BRAMs  : [(2, 1), (2, 7), (2, 13), (2, 19), (10, 1), (10, 7), (10, 13), (10, 19), (18, 1), (18, 7), (18, 13), (18, 19), (26, 1), (26, 7), (26, 13), (26, 19), (34, 1), (34, 7), (34, 13), (34, 19), (42, 1), (42, 7), (42, 13), (42, 19)]
done arm_core 1.2 True 111.06
Baked architecture → /home/digital-2/workspace/rl_gnn/vanilla_rl/temp_arch_c2p_a70b10a0.xml
  Size   : 14x117
  DSPs   : [(6, 1), (6, 5), (6, 9), (6, 13), (6, 17), (6, 21), (6, 25), (6, 29)]
  BRAMs  : []
done arm_core 1.0 True 159.75
Baked architecture → /home/digital-2/workspace/rl_gnn/vanilla_rl/temp_arch_c2p_ce38b3a9.xml
  Size   : 18x81
  DSPs   : [(6, 1), (6, 5), (6, 9), (6, 13), (6, 17), (6, 21), (6, 25), (6, 29)]
  BRAMs  : []
done arm_core 1.3 True 149.05
Baked architecture → /home/digital-2/workspace/rl_gnn/vanilla_rl/temp_arch_c2p_53d078ee.xml
  Size   : 22x67
  DSPs   : [(6, 1), (6, 5), (6, 9), (6, 13), (6, 17), (6, 21), (6, 25), (6, 29)]
  BRAMs  : []
done arm_core 1.5 True 130.8
Baked architecture → /home/digital-2/workspace/rl_gnn/vanilla_rl/temp_arch_c2p_be08b4db.xml
  Size   : 25x59
  DSPs   : [(6, 1), (6, 5), (6, 9), (6, 13), (6, 17), (6, 21), (6, 25), (6, 29)]
  BRAMs  : []
done arm_core 1.8 True 111.16
Baked architecture → /home/digital-2/workspace/rl_gnn/vanilla_rl/temp_arch_c2p_bff9bf87.xml
  Size   : 28x53
  DSPs   : [(6, 1), (6, 5), (6, 9), (6, 13), (6, 17), (6, 21), (6, 25), (6, 29)]
  BRAMs  : []
done arm_core 1.6 True 153.63
Baked architecture → /home/digital-2/workspace/rl_gnn/vanilla_rl/temp_arch_c2p_a2f048b8.xml
  Size   : 30x48
  DSPs   : [(6, 1), (6, 5), (6, 9), (6, 13), (6, 17), (6, 21), (6, 25), (6, 29)]
  BRAMs  : []
done arm_core 1.7 True 138.58
Baked architecture → /home/digital-2/workspace/rl_gnn/vanilla_rl/temp_arch_c2p_a0c700e1.xml
  Size   : 32x45
  DSPs   : [(6, 1), (6, 5), (6, 9), (6, 13), (6, 17), (6, 21), (6, 25), (6, 29)]
  BRAMs  : []
done arm_core 1.4 True 185.41
Baked architecture → /home/digital-2/workspace/rl_gnn/vanilla_rl/temp_arch_c2p_e4350dd1.xml
  Size   : 34x42
  DSPs   : [(6, 1), (6, 5), (6, 9), (6, 13), (6, 17), (6, 21), (6, 25), (6, 29)]
  BRAMs  : []
done arm_core 1.9 True 164.96
Baked architecture → /home/digital-2/workspace/rl_gnn/vanilla_rl/temp_arch_c2p_d61ccf44.xml
  Size   : 36x40
  DSPs   : [(6, 1), (6, 5), (6, 9), (6, 13), (6, 17), (6, 21), (6, 25), (6, 29)]
  BRAMs  : []
done arm_core 2.0 True 173.3
Baked architecture → /home/digital-2/workspace/rl_gnn/vanilla_rl/temp_arch_c2p_959ded33.xml
  Size   : 38x38
  DSPs   : [(6, 1), (6, 5), (6, 9), (6, 13), (6, 17), (6, 21), (6, 25), (6, 29)]
  BRAMs  : []
done softmax 0.2 True 223.02
Baked architecture → /home/digital-2/workspace/rl_gnn/vanilla_rl/temp_arch_c2p_cee14942.xml
  Size   : 40x37
  DSPs   : [(6, 1), (6, 5), (6, 9), (6, 13), (6, 17), (6, 21), (6, 25), (6, 29)]
  BRAMs  : []
done softmax 0.4 True 194.15
Baked architecture → /home/digital-2/workspace/rl_gnn/vanilla_rl/temp_arch_c2p_6aa06e19.xml
  Size   : 42x35
  DSPs   : [(6, 1), (6, 5), (6, 9), (6, 13), (6, 17), (6, 21), (6, 25), (6, 29)]
  BRAMs  : []
done softmax 0.1 True 243.09
Baked architecture → /home/digital-2/workspace/rl_gnn/vanilla_rl/temp_arch_c2p_f10f9d02.xml
  Size   : 44x34
  DSPs   : [(6, 1), (6, 5), (6, 9), (6, 13), (6, 17), (6, 21), (6, 25), (6, 29)]
  BRAMs  : []
done softmax 0.3 True 205.75
Baked architecture → /home/digital-2/workspace/rl_gnn/vanilla_rl/temp_arch_c2p_69466c93.xml
  Size   : 44x32
  DSPs   : [(6, 1), (6, 5), (6, 9), (6, 13), (6, 17), (6, 21), (6, 25), (14, 1)]
  BRAMs  : []
done softmax 0.5 True 198.85
Baked architecture → /home/digital-2/workspace/rl_gnn/vanilla_rl/temp_arch_c2p_b62c7539.xml
  Size   : 46x31
  DSPs   : [(6, 1), (6, 5), (6, 9), (6, 13), (6, 17), (6, 21), (6, 25), (14, 1)]
  BRAMs  : []
done softmax 0.6 True 195.42
Baked architecture → /home/digital-2/workspace/rl_gnn/vanilla_rl/temp_arch_c2p_ed058306.xml
  Size   : 47x30
  DSPs   : [(6, 1), (6, 5), (6, 9), (6, 13), (6, 17), (6, 21), (6, 25), (14, 1)]
  BRAMs  : []
done softmax 0.7 True 193.8
Baked architecture → /home/digital-2/workspace/rl_gnn/vanilla_rl/temp_arch_c2p_e29398eb.xml
  Size   : 50x30
  DSPs   : [(6, 1), (6, 5), (6, 9), (6, 13), (6, 17), (6, 21), (6, 25), (14, 1)]
  BRAMs  : []
done softmax 0.8 True 192.68
Baked architecture → /home/digital-2/workspace/rl_gnn/vanilla_rl/temp_arch_c2p_f1b9e8ab.xml
  Size   : 51x29
  DSPs   : [(6, 1), (6, 5), (6, 9), (6, 13), (6, 17), (6, 21), (14, 1), (14, 5)]
  BRAMs  : []
done softmax 0.9 True 210.52
Baked architecture → /home/digital-2/workspace/rl_gnn/vanilla_rl/temp_arch_c2p_a6cc7062.xml
  Size   : 51x28
  DSPs   : [(6, 1), (6, 5), (6, 9), (6, 13), (6, 17), (6, 21), (14, 1), (14, 5)]
  BRAMs  : []
done softmax 1.0 True 229.89
Baked architecture → /home/digital-2/workspace/rl_gnn/vanilla_rl/temp_arch_c2p_9f4d5880.xml
  Size   : 54x28
  DSPs   : [(6, 1), (6, 5), (6, 9), (6, 13), (6, 17), (6, 21), (14, 1), (14, 5)]
  BRAMs  : []
done softmax 1.1 True 196.55
done softmax 1.2 True 201.16
done softmax 1.4 True 200.32
done softmax 1.3 True 214.56
done softmax 1.6 True 190.31
done softmax 1.5 True 205.67
done softmax 1.7 True 211.76
done softmax 1.8 True 205.64
done softmax 1.9 True 165.14
done softmax 2.0 True 153.68
C2 per-AR finished 09:44:21
